 uix86

 Timestamp is 4f1b3634 (Sat Jan 21 23:03:32 2012)

 Preferred load address is 40000000

 Start         Length     Name                   Class
 0001:00000000 00073b1aH .text                   CODE
 0001:00073b20 00000109H .text$x                 CODE
 0002:00000000 00000148H .idata$5                DATA
 0002:00000148 00000004H .CRT$XCA                DATA
 0002:0000014c 00000004H .CRT$XCZ                DATA
 0002:00000150 00000004H .CRT$XIA                DATA
 0002:00000154 00000014H .CRT$XIC                DATA
 0002:00000168 00000004H .CRT$XIZ                DATA
 0002:0000016c 00000004H .CRT$XPA                DATA
 0002:00000170 00000008H .CRT$XPX                DATA
 0002:00000178 00000004H .CRT$XPXA               DATA
 0002:0000017c 00000004H .CRT$XPZ                DATA
 0002:00000180 00000004H .CRT$XTA                DATA
 0002:00000184 00000004H .CRT$XTZ                DATA
 0002:00000190 00014468H .rdata                  DATA
 0002:000145f8 00000064H .rdata$debug            DATA
 0002:0001465c 000001c4H .rdata$r                DATA
 0002:00014820 0000002cH .rdata$sxdata           DATA
 0002:0001484c 00000004H .rtc$IAA                DATA
 0002:00014850 00000024H .rtc$IMZ                DATA
 0002:00014874 00000004H .rtc$IZZ                DATA
 0002:00014878 00000004H .rtc$TAA                DATA
 0002:0001487c 00000024H .rtc$TMZ                DATA
 0002:000148a0 00000004H .rtc$TZZ                DATA
 0002:000148a8 00000b28H .xdata$x                DATA
 0002:000153d0 00000014H .idata$2                DATA
 0002:000153e4 00000014H .idata$3                DATA
 0002:000153f8 00000148H .idata$4                DATA
 0002:00015540 000005eaH .idata$6                DATA
 0002:00015b30 00000056H .edata                  DATA
 0003:00000000 00003bf0H .data                   DATA
 0003:00003c00 001bc9c4H .bss                    DATA

  Address         Publics by Value              Rva+Base       Lib:Object

 0000:00000000       __except_list              00000000     <absolute>
 0000:0000000b       ___safe_se_handler_count   0000000b     <absolute>
 0000:00000000       ___ImageBase               40000000     <linker-defined>
 0001:00000000       _BG_FindItemForPowerup     40001000 f   bg_misc.obj
 0001:000000a0       _BG_FindItemForHoldable    400010a0 f   bg_misc.obj
 0001:00000130       _BG_FindItemForWeapon      40001130 f   bg_misc.obj
 0001:000001b0       _BG_FindItem               400011b0 f   bg_misc.obj
 0001:00000220       _BG_PlayerTouchesItem      40001220 f   bg_misc.obj
 0001:00000340       _BG_CanItemBeGrabbed       40001340 f   bg_misc.obj
 0001:000006e0       _BG_EvaluateTrajectory     400016e0 f   bg_misc.obj
 0001:000009b0       _BG_EvaluateTrajectoryDelta 400019b0 f   bg_misc.obj
 0001:00000bb0       _BG_AddPredictableEventToPlayerstate 40001bb0 f   bg_misc.obj
 0001:00000cc0       _BG_TouchJumpPad           40001cc0 f   bg_misc.obj
 0001:00000e10       _BG_PlayerStateToEntityState 40001e10 f   bg_misc.obj
 0001:000011b0       _BG_PlayerStateToEntityStateExtraPolate 400021b0 f   bg_misc.obj
 0001:00001560       _Q_rand                    40002560 f   q_math.obj
 0001:000015a0       _Q_random                  400025a0 f   q_math.obj
 0001:00001610       _Q_crandom                 40002610 f   q_math.obj
 0001:00001670       _ClampChar                 40002670 f   q_math.obj
 0001:000016b0       _ClampShort                400026b0 f   q_math.obj
 0001:00001700       _DirToByte                 40002700 f   q_math.obj
 0001:000017c0       _ByteToDir                 400027c0 f   q_math.obj
 0001:00001850       _ColorBytes3               40002850 f   q_math.obj
 0001:00001930       _ColorBytes4               40002930 f   q_math.obj
 0001:00001a50       _NormalizeColor            40002a50 f   q_math.obj
 0001:00001b10       _PlaneFromPoints           40002b10 f   q_math.obj
 0001:00001cd0       _RotatePointAroundVector   40002cd0 f   q_math.obj
 0001:00001ff0       _RotateAroundDirection     40002ff0 f   q_math.obj
 0001:000020e0       _vectoangles               400030e0 f   q_math.obj
 0001:00002280       _AnglesToAxis              40003280 f   q_math.obj
 0001:00002350       _AxisClear                 40003350 f   q_math.obj
 0001:000023c0       _AxisCopy                  400033c0 f   q_math.obj
 0001:00002450       _ProjectPointOnPlane       40003450 f   q_math.obj
 0001:000025b0       _MakeNormalVectors         400035b0 f   q_math.obj
 0001:000026a0       _VectorRotate              400036a0 f   q_math.obj
 0001:00002750       _Q_rsqrt                   40003750 f   q_math.obj
 0001:000027f0       _Q_fabs                    400037f0 f   q_math.obj
 0001:00002830       _LerpAngle                 40003830 f   q_math.obj
 0001:000028b0       _AngleSubtract             400038b0 f   q_math.obj
 0001:00002920       _AnglesSubtract            40003920 f   q_math.obj
 0001:000029c0       _AngleMod                  400039c0 f   q_math.obj
 0001:00002a20       _AngleNormalize360         40003a20 f   q_math.obj
 0001:00002a90       _AngleNormalize180         40003a90 f   q_math.obj
 0001:00002b00       _AngleDelta                40003b00 f   q_math.obj
 0001:00002b50       _SetPlaneSignbits          40003b50 f   q_math.obj
 0001:00002bd0       _BoxOnPlaneSide            40003bd0 f   q_math.obj
 0001:00002e10       _RadiusFromBounds          40003e10 f   q_math.obj
 0001:00002f90       _ClearBounds               40003f90 f   q_math.obj
 0001:00003000       _AddPointToBounds          40004000 f   q_math.obj
 0001:000030f0       _BoundsIntersect           400040f0 f   q_math.obj
 0001:000031a0       _BoundsIntersectSphere     400041a0 f   q_math.obj
 0001:00003260       _BoundsIntersectPoint      40004260 f   q_math.obj
 0001:00003310       _VectorNormalize           40004310 f   q_math.obj
 0001:000033d0       _VectorNormalize2          400043d0 f   q_math.obj
 0001:000034a0       __VectorMA                 400044a0 f   q_math.obj
 0001:00003510       __DotProduct               40004510 f   q_math.obj
 0001:00003570       __VectorSubtract           40004570 f   q_math.obj
 0001:000035d0       __VectorAdd                400045d0 f   q_math.obj
 0001:00003630       __VectorCopy               40004630 f   q_math.obj
 0001:00003680       __VectorScale              40004680 f   q_math.obj
 0001:000036d0       _Vector4Scale              400046d0 f   q_math.obj
 0001:00003730       _Q_log2                    40004730 f   q_math.obj
 0001:00003780       _MatrixMultiply            40004780 f   q_math.obj
 0001:00003940       _AngleVectors              40004940 f   q_math.obj
 0001:00003b50       _PerpendicularVector       40004b50 f   q_math.obj
 0001:00003c70       _Q_isnan                   40004c70 f   q_math.obj
 0001:00003ce0       _Com_Clamp                 40004ce0 f   q_shared.obj
 0001:00003d30       _COM_SkipPath              40004d30 f   q_shared.obj
 0001:00003d90       _COM_GetExtension          40004d90 f   q_shared.obj
 0001:00003e20       _COM_StripExtension        40004e20 f   q_shared.obj
 0001:00003ec0       _COM_DefaultExtension      40004ec0 f   q_shared.obj
 0001:00003fb0       _ShortSwap                 40004fb0 f   q_shared.obj
 0001:00004000       _ShortNoSwap               40005000 f   q_shared.obj
 0001:00004030       _LongSwap                  40005030 f   q_shared.obj
 0001:000040b0       _LongNoSwap                400050b0 f   q_shared.obj
 0001:000040e0       _Long64Swap                400050e0 f   q_shared.obj
 0001:00004170       _Long64NoSwap              40005170 f   q_shared.obj
 0001:000041a0       _FloatSwap                 400051a0 f   q_shared.obj
 0001:00004220       _FloatNoSwap               40005220 f   q_shared.obj
 0001:00004250       _COM_BeginParseSession     40005250 f   q_shared.obj
 0001:000042b0       _COM_GetCurrentParseLine   400052b0 f   q_shared.obj
 0001:000042e0       _COM_Parse                 400052e0 f   q_shared.obj
 0001:00004320       _COM_ParseError            40005320 f   q_shared.obj
 0001:000043a0       _COM_ParseWarning          400053a0 f   q_shared.obj
 0001:00004420       _COM_Compress              40005420 f   q_shared.obj
 0001:00004640       _COM_ParseExt              40005640 f   q_shared.obj
 0001:00004930       _COM_MatchToken            40005930 f   q_shared.obj
 0001:000049a0       _SkipBracedSection         400059a0 f   q_shared.obj
 0001:00004a30       _SkipRestOfLine            40005a30 f   q_shared.obj
 0001:00004ac0       _Parse1DMatrix             40005ac0 f   q_shared.obj
 0001:00004b60       _Parse2DMatrix             40005b60 f   q_shared.obj
 0001:00004bf0       _Parse3DMatrix             40005bf0 f   q_shared.obj
 0001:00004c90       _Q_isprint                 40005c90 f   q_shared.obj
 0001:00004cd0       _Q_islower                 40005cd0 f   q_shared.obj
 0001:00004d10       _Q_isupper                 40005d10 f   q_shared.obj
 0001:00004d50       _Q_isalpha                 40005d50 f   q_shared.obj
 0001:00004da0       _Q_strrchr                 40005da0 f   q_shared.obj
 0001:00004e20       _Q_strnchr                 40005e20 f   q_shared.obj
 0001:00004e90       _Q_strnrchr                40005e90 f   q_shared.obj
 0001:00004f20       _Q_strncpyz                40005f20 f   q_shared.obj
 0001:00004fc0       _Q_stricmpn                40005fc0 f   q_shared.obj
 0001:000050b0       _Q_strncmp                 400060b0 f   q_shared.obj
 0001:00005140       _Q_stricmp                 40006140 f   q_shared.obj
 0001:000051b0       _Q_strlwr                  400061b0 f   q_shared.obj
 0001:00005220       _Q_strupr                  40006220 f   q_shared.obj
 0001:00005290       _Q_strcat                  40006290 f   q_shared.obj
 0001:00005310       _Q_stristr                 40006310 f   q_shared.obj
 0001:00005440       _Q_PrintStrlen             40006440 f   q_shared.obj
 0001:000054f0       _Q_CleanStr                400064f0 f   q_shared.obj
 0001:000055b0       _Com_sprintf               400065b0 f   q_shared.obj
 0001:000056a0       _va                        400066a0 f   q_shared.obj
 0001:00005720       _Com_TruncateLongString    40006720 f   q_shared.obj
 0001:000057c0       _Info_ValueForKey          400067c0 f   q_shared.obj
 0001:000059a0       _Info_NextPair             400069a0 f   q_shared.obj
 0001:00005a90       _Info_RemoveKey            40006a90 f   q_shared.obj
 0001:00005c70       _Info_RemoveKey_Big        40006c70 f   q_shared.obj
 0001:00005e50       _Info_Validate             40006e50 f   q_shared.obj
 0001:00005ed0       _Info_SetValueForKey       40006ed0 f   q_shared.obj
 0001:00006090       _Info_SetValueForKey_Big   40007090 f   q_shared.obj
 0001:00006240       _Com_SkipCharset           40007240 f   q_shared.obj
 0001:00006330       _Com_SkipTokens            40007330 f   q_shared.obj
 0001:000063f0       _Com_Error                 400073f0 f   ui_atoms.obj
 0001:000064b0       _Com_Printf                400074b0 f   ui_atoms.obj
 0001:00006570       _UI_ClampCvar              40007570 f   ui_atoms.obj
 0001:000065c0       _UI_StartDemoLoop          400075c0 f   ui_atoms.obj
 0001:00006610       _UI_Argv                   40007610 f   ui_atoms.obj
 0001:00006660       _UI_Cvar_VariableString    40007660 f   ui_atoms.obj
 0001:000066b0       _UI_SetBestScores          400076b0 f   ui_atoms.obj
 0001:00006b30       _UI_LoadBestScores         40007b30 f   ui_atoms.obj
 0001:00006ce0       _UI_ClearScores            40007ce0 f   ui_atoms.obj
 0001:00006ed0       _UI_ConsoleCommand         40007ed0 f   ui_atoms.obj
 0001:00007720       _UI_Shutdown               40008720 f   ui_atoms.obj
 0001:00007750       _UI_AdjustFrom640          40008750 f   ui_atoms.obj
 0001:000077c0       _UI_DrawNamedPic           400087c0 f   ui_atoms.obj
 0001:00007860       _UI_DrawHandlePic          40008860 f   ui_atoms.obj
 0001:00007950       _UI_FillRect               40008950 f   ui_atoms.obj
 0001:00007a00       _UI_DrawSides              40008a00 f   ui_atoms.obj
 0001:00007af0       _UI_DrawTopBottom          40008af0 f   ui_atoms.obj
 0001:00007be0       _UI_DrawRect               40008be0 f   ui_atoms.obj
 0001:00007c70       _UI_SetColor               40008c70 f   ui_atoms.obj
 0001:00007cb0       _UI_UpdateScreen           40008cb0 f   ui_atoms.obj
 0001:00007cf0       _UI_DrawTextBox            40008cf0 f   ui_atoms.obj
 0001:00007e00       _UI_CursorInRect           40008e00 f   ui_atoms.obj
 0001:00007e60       _UI_ParseInfos             40008e60 f   ui_gameinfo.obj
 0001:000080a0       _UI_LoadArenas             400090a0 f   ui_gameinfo.obj
 0001:000086b0       _UI_LoadBots               400096b0 f   ui_gameinfo.obj
 0001:000089f0       _UI_GetBotInfoByNumber     400099f0 f   ui_gameinfo.obj
 0001:00008a60       _UI_GetBotInfoByName       40009a60 f   ui_gameinfo.obj
 0001:00008af0       _UI_GetNumBots             40009af0 f   ui_gameinfo.obj
 0001:00008b20       _UI_GetBotNameByNumber     40009b20 f   ui_gameinfo.obj
 0001:00008b80       _vmMain                    40009b80 f   ui_main.obj
 0001:00008ca0       _AssetCache                40009ca0 f   ui_main.obj
 0001:00008e60       __UI_DrawSides             40009e60 f   ui_main.obj
 0001:00008f50       __UI_DrawTopBottom         40009f50 f   ui_main.obj
 0001:00009040       __UI_DrawRect              4000a040 f   ui_main.obj
 0001:000090e0       _Text_Width                4000a0e0 f   ui_main.obj
 0001:00009240       _Text_Height               4000a240 f   ui_main.obj
 0001:000093b0       _Text_PaintChar            4000a3b0 f   ui_main.obj
 0001:00009490       _Text_Paint                4000a490 f   ui_main.obj
 0001:000097e0       _Text_PaintWithCursor      4000a7e0 f   ui_main.obj
 0001:00009c70       _UI_ShowPostGame           4000ac70 f   ui_main.obj
 0001:00009ce0       _UI_DrawCenteredPic        4000ace0 f   ui_main.obj
 0001:00009d60       __UI_Refresh               4000ad60 f   ui_main.obj
 0001:00009ed0       __UI_Shutdown              4000aed0 f   ui_main.obj
 0001:00009f10       _GetMenuBuffer             4000af10 f   ui_main.obj
 0001:0000a020       _Asset_Parse               4000b020 f   ui_main.obj
 0001:0000a620       _Font_Report               4000b620 f   ui_main.obj
 0001:0000a6b0       _UI_Report                 4000b6b0 f   ui_main.obj
 0001:0000a6f0       _UI_ParseMenu              4000b6f0 f   ui_main.obj
 0001:0000a840       _Load_Menu                 4000b840 f   ui_main.obj
 0001:0000a940       _UI_LoadMenus              4000b940 f   ui_main.obj
 0001:0000aaf0       _UI_Load                   4000baf0 f   ui_main.obj
 0001:0000ac10       _UI_ServersSort            4000bc10 f   ui_main.obj
 0001:0000ace0       _UI_hasSkinForBase         4000bce0 f   ui_main.obj
 0001:0000c850       __UI_Init                  4000d850 f   ui_main.obj
 0001:000179d0       __UI_KeyEvent              400189d0 f   ui_main.obj
 0001:00017a80       __UI_MouseEvent            40018a80 f   ui_main.obj
 0001:00017b40       _UI_LoadNonIngame          40018b40 f   ui_main.obj
 0001:00017bc0       __UI_SetActiveMenu         40018bc0 f   ui_main.obj
 0001:00017e10       __UI_IsFullscreen          40018e10 f   ui_main.obj
 0001:00017e50       _Text_PaintCenter          40018e50 f   ui_main.obj
 0001:00017ef0       _Text_PaintCenter_AutoWrapped 40018ef0 f   ui_main.obj
 0001:00018100       _UI_DrawConnectScreen      40019100 f   ui_main.obj
 0001:00018dc0       _UI_RegisterCvars          40019dc0 f   ui_main.obj
 0001:00018e50       _UI_UpdateCvars            40019e50 f   ui_main.obj
 0001:000192d0       _UI_MachinegunSpinAngle    4001a2d0 f   ui_players.obj
 0001:00019400       _UI_DrawPlayer             4001a400 f   ui_players.obj
 0001:0001b550       _UI_RegisterClientModelname 4001c550 f   ui_players.obj
 0001:0001c2e0       _UI_PlayerInfo_SetModel    4001d2e0 f   ui_players.obj
 0001:0001c3c0       _UI_PlayerInfo_SetInfo     4001d3c0 f   ui_players.obj
 0001:0001c780       _UI_Alloc                  4001d780 f   ui_shared.obj
 0001:0001c820       _UI_InitMemory             4001d820 f   ui_shared.obj
 0001:0001c860       _UI_OutOfMemory            4001d860 f   ui_shared.obj
 0001:0001c890       _String_Alloc              4001d890 f   ui_shared.obj
 0001:0001caa0       _String_Report             4001daa0 f   ui_shared.obj
 0001:0001cb70       _String_Init               4001db70 f   ui_shared.obj
 0001:0001cc20       _PC_SourceWarning          4001dc20 f   ui_shared.obj
 0001:0001cd20       _PC_SourceError            4001dd20 f   ui_shared.obj
 0001:0001ce20       _LerpColor                 4001de20 f   ui_shared.obj
 0001:0001ced0       _Float_Parse               4001ded0 f   ui_shared.obj
 0001:0001cf40       _PC_Float_Parse            4001df40 f   ui_shared.obj
 0001:0001d060       _Color_Parse               4001e060 f   ui_shared.obj
 0001:0001d100       _PC_Color_Parse            4001e100 f   ui_shared.obj
 0001:0001d1a0       _Int_Parse                 4001e1a0 f   ui_shared.obj
 0001:0001d210       _PC_Int_Parse              4001e210 f   ui_shared.obj
 0001:0001d330       _Rect_Parse                4001e330 f   ui_shared.obj
 0001:0001d3d0       _PC_Rect_Parse             4001e3d0 f   ui_shared.obj
 0001:0001d470       _String_Parse              4001e470 f   ui_shared.obj
 0001:0001d4e0       _PC_String_Parse           4001e4e0 f   ui_shared.obj
 0001:0001d590       _PC_Script_Parse           4001e590 f   ui_shared.obj
 0001:0001d740       _Init_Display              4001e740 f   ui_shared.obj
 0001:0001d770       _GradientBar_Paint         4001e770 f   ui_shared.obj
 0001:0001d820       _Window_Init               4001e820 f   ui_shared.obj
 0001:0001d8a0       _Fade                      4001e8a0 f   ui_shared.obj
 0001:0001d980       _Window_Paint              4001e980 f   ui_shared.obj
 0001:0001e0e0       _Item_SetScreenCoords      4001f0e0 f   ui_shared.obj
 0001:0001e180       _Item_UpdatePosition       4001f180 f   ui_shared.obj
 0001:0001e220       _Menu_UpdatePosition       4001f220 f   ui_shared.obj
 0001:0001e2e0       _Menu_PostParse            4001f2e0 f   ui_shared.obj
 0001:0001e360       _Menu_ClearFocus           4001f360 f   ui_shared.obj
 0001:0001e460       _IsVisible                 4001f460 f   ui_shared.obj
 0001:0001e4c0       _Rect_ContainsPoint        4001f4c0 f   ui_shared.obj
 0001:0001e550       _Menu_ItemsMatchingGroup   4001f550 f   ui_shared.obj
 0001:0001e610       _Menu_GetMatchingItemByNumber 4001f610 f   ui_shared.obj
 0001:0001e6f0       _Script_SetColor           4001f6f0 f   ui_shared.obj
 0001:0001e850       _Script_SetAsset           4001f850 f   ui_shared.obj
 0001:0001e8c0       _Script_SetBackground      4001f8c0 f   ui_shared.obj
 0001:0001e960       _Menu_FindItemByName       4001f960 f   ui_shared.obj
 0001:0001ea00       _Script_SetTeamColor       4001fa00 f   ui_shared.obj
 0001:0001ead0       _Script_SetItemColor       4001fad0 f   ui_shared.obj
 0001:0001ecc0       _Menu_ShowItemByName       4001fcc0 f   ui_shared.obj
 0001:0001eda0       _Menu_FadeItemByName       4001fda0 f   ui_shared.obj
 0001:0001ee70       _Menus_FindByName          4001fe70 f   ui_shared.obj
 0001:0001ef00       _Menus_ShowByName          4001ff00 f   ui_shared.obj
 0001:0001ef60       _Menus_OpenByName          4001ff60 f   ui_shared.obj
 0001:0001efa0       _Menus_CloseByName         4001ffa0 f   ui_shared.obj
 0001:0001f0d0       _Menus_CloseAll            400200d0 f   ui_shared.obj
 0001:0001f160       _Script_Show               40020160 f   ui_shared.obj
 0001:0001f1f0       _Script_Hide               400201f0 f   ui_shared.obj
 0001:0001f280       _Script_FadeIn             40020280 f   ui_shared.obj
 0001:0001f310       _Script_FadeOut            40020310 f   ui_shared.obj
 0001:0001f3a0       _Script_Open               400203a0 f   ui_shared.obj
 0001:0001f420       _Script_ConditionalOpen    40020420 f   ui_shared.obj
 0001:0001f530       _Script_Close              40020530 f   ui_shared.obj
 0001:0001f5b0       _Menu_TransitionItemByName 400205b0 f   ui_shared.obj
 0001:0001f760       _Script_Transition         40020760 f   ui_shared.obj
 0001:0001f8f0       _Menu_OrbitItemByName      400208f0 f   ui_shared.obj
 0001:0001f9c0       _Script_Orbit              400209c0 f   ui_shared.obj
 0001:0001fb20       _Script_SetFocus           40020b20 f   ui_shared.obj
 0001:0001fc50       _Script_SetPlayerModel     40020c50 f   ui_shared.obj
 0001:0001fcf0       _Script_SetPlayerHead      40020cf0 f   ui_shared.obj
 0001:0001fd90       _Script_SetCvar            40020d90 f   ui_shared.obj
 0001:0001fe50       _Script_Exec               40020e50 f   ui_shared.obj
 0001:0001fef0       _Script_Play               40020ef0 f   ui_shared.obj
 0001:0001ffa0       _Script_playLooped         40020fa0 f   ui_shared.obj
 0001:00020050       _Item_RunScript            40021050 f   ui_shared.obj
 0001:00020250       _Item_EnableShowViaCvar    40021250 f   ui_shared.obj
 0001:00020480       _Item_SetFocus             40021480 f   ui_shared.obj
 0001:00020720       _Item_ListBox_MaxScroll    40021720 f   ui_shared.obj
 0001:000207e0       _Item_ListBox_ThumbPosition 400217e0 f   ui_shared.obj
 0001:00020910       _Item_ListBox_ThumbDrawPosition 40021910 f   ui_shared.obj
 0001:00020ac0       _Item_Slider_ThumbPosition 40021ac0 f   ui_shared.obj
 0001:00020be0       _Item_Slider_OverSlider    40021be0 f   ui_shared.obj
 0001:00020cb0       _Item_ListBox_OverLB       40021cb0 f   ui_shared.obj
 0001:00021010       _Item_ListBox_MouseEnter   40022010 f   ui_shared.obj
 0001:00021220       _Item_MouseEnter           40022220 f   ui_shared.obj
 0001:00021420       _Item_MouseLeave           40022420 f   ui_shared.obj
 0001:000214c0       _Menu_HitTest              400224c0 f   ui_shared.obj
 0001:00021550       _Item_SetMouseOver         40022550 f   ui_shared.obj
 0001:000215b0       _Item_OwnerDraw_HandleKey  400225b0 f   ui_shared.obj
 0001:00021630       _Item_ListBox_HandleKey    40022630 f   ui_shared.obj
 0001:00021ea0       _Item_YesNo_HandleKey      40022ea0 f   ui_shared.obj
 0001:00021fd0       _Item_Multi_CountSettings  40022fd0 f   ui_shared.obj
 0001:00022020       _Item_Multi_FindCvarByValue 40023020 f   ui_shared.obj
 0001:000221c0       _Item_Multi_Setting        400231c0 f   ui_shared.obj
 0001:00022380       _Item_Multi_HandleKey      40023380 f   ui_shared.obj
 0001:00022560       _Item_TextField_HandleKey  40023560 f   ui_shared.obj
 0001:00022c40       _Item_StartCapture         40023c40 f   ui_shared.obj
 0001:00023370       _Item_StopCapture          40024370 f   ui_shared.obj
 0001:000233a0       _Item_Slider_HandleKey     400243a0 f   ui_shared.obj
 0001:000235e0       _Item_HandleKey            400245e0 f   ui_shared.obj
 0001:000237c0       _Item_Action               400247c0 f   ui_shared.obj
 0001:00023810       _Menu_SetPrevCursorItem    40024810 f   ui_shared.obj
 0001:000239a0       _Menu_SetNextCursorItem    400249a0 f   ui_shared.obj
 0001:00023b30       _Menus_Activate            40024b30 f   ui_shared.obj
 0001:00023de0       _Display_VisibleMenuCount  40024de0 f   ui_shared.obj
 0001:00023e50       _Menus_HandleOOBClick      40024e50 f   ui_shared.obj
 0001:00023ff0       _Menu_HandleKey            40024ff0 f   ui_shared.obj
 0001:000246d0       _ToWindowCoords            400256d0 f   ui_shared.obj
 0001:00024740       _Rect_ToWindowCoords       40025740 f   ui_shared.obj
 0001:00024790       _Item_SetTextExtents       40025790 f   ui_shared.obj
 0001:00024ab0       _Item_TextColor            40025ab0 f   ui_shared.obj
 0001:00024d90       _Item_Text_AutoWrapped_Paint 40025d90 f   ui_shared.obj
 0001:00025200       _Item_Text_Wrapped_Paint   40026200 f   ui_shared.obj
 0001:00025510       _Item_Text_Paint           40026510 f   ui_shared.obj
 0001:00025700       _Item_TextField_Paint      40026700 f   ui_shared.obj
 0001:00025ac0       _Item_YesNo_Paint          40026ac0 f   ui_shared.obj
 0001:00025db0       _Item_Multi_Paint          40026db0 f   ui_shared.obj
 0001:00026020       _Controls_GetConfig        40027020 f   ui_shared.obj
 0001:00026200       _Controls_SetConfig        40027200 f   ui_shared.obj
 0001:00026300       _Controls_SetDefaults      40027300 f   ui_shared.obj
 0001:00026380       _BindingIDFromName         40027380 f   ui_shared.obj
 0001:00026400       _BindingFromName           40027400 f   ui_shared.obj
 0001:00026550       _Item_Slider_Paint         40027550 f   ui_shared.obj
 0001:00026820       _Item_Bind_Paint           40027820 f   ui_shared.obj
 0001:00026b50       _Display_KeyBindPending    40027b50 f   ui_shared.obj
 0001:00026b80       _Item_Bind_HandleKey       40027b80 f   ui_shared.obj
 0001:00026f30       _AdjustFrom640             40027f30 f   ui_shared.obj
 0001:00026fb0       _Item_Model_Paint          40027fb0 f   ui_shared.obj
 0001:00027430       _Item_Image_Paint          40028430 f   ui_shared.obj
 0001:00027500       _Item_ListBox_Paint        40028500 f   ui_shared.obj
 0001:000280d0       _Item_OwnerDraw_Paint      400290d0 f   ui_shared.obj
 0001:000286b0       _Item_Paint                400296b0 f   ui_shared.obj
 0001:00028e20       _Menu_Init                 40029e20 f   ui_shared.obj
 0001:00028ec0       _Menu_GetFocusedItem       40029ec0 f   ui_shared.obj
 0001:00028f40       _Menu_GetFocused           40029f40 f   ui_shared.obj
 0001:00028fc0       _Menu_ScrollFeeder         40029fc0 f   ui_shared.obj
 0001:00029070       _Menu_SetFeederSelection   4002a070 f   ui_shared.obj
 0001:000291b0       _Menus_AnyFullScreenVisible 4002a1b0 f   ui_shared.obj
 0001:00029230       _Menus_ActivateByName      4002a230 f   ui_shared.obj
 0001:00029330       _Item_Init                 4002a330 f   ui_shared.obj
 0001:00029390       _Menu_HandleMouseMove      4002a390 f   ui_shared.obj
 0001:00029600       _Menu_Paint                4002a600 f   ui_shared.obj
 0001:00029810       _Item_ValidateTypeData     4002a810 f   ui_shared.obj
 0001:00029980       _KeywordHash_Key           4002a980 f   ui_shared.obj
 0001:00029a40       _KeywordHash_Add           4002aa40 f   ui_shared.obj
 0001:00029aa0       _KeywordHash_Find          4002aaa0 f   ui_shared.obj
 0001:00029b20       _ItemParse_name            4002ab20 f   ui_shared.obj
 0001:00029b80       _ItemParse_focusSound      4002ab80 f   ui_shared.obj
 0001:00029c30       _ItemParse_text            4002ac30 f   ui_shared.obj
 0001:00029c90       _ItemParse_group           4002ac90 f   ui_shared.obj
 0001:00029cf0       _ItemParse_asset_model     4002acf0 f   ui_shared.obj
 0001:00029dc0       _ItemParse_asset_shader    4002adc0 f   ui_shared.obj
 0001:00029e60       _ItemParse_model_origin    4002ae60 f   ui_shared.obj
 0001:00029f00       _ItemParse_model_fovx      4002af00 f   ui_shared.obj
 0001:00029f70       _ItemParse_model_fovy      4002af70 f   ui_shared.obj
 0001:00029fe0       _ItemParse_model_rotation  4002afe0 f   ui_shared.obj
 0001:0002a050       _ItemParse_model_angle     4002b050 f   ui_shared.obj
 0001:0002a0c0       _ItemParse_rect            4002b0c0 f   ui_shared.obj
 0001:0002a120       _ItemParse_style           4002b120 f   ui_shared.obj
 0001:0002a180       _ItemParse_decoration      4002b180 f   ui_shared.obj
 0001:0002a1c0       _ItemParse_notselectable   4002b1c0 f   ui_shared.obj
 0001:0002a230       _ItemParse_wrapped         4002b230 f   ui_shared.obj
 0001:0002a270       _ItemParse_autowrapped     4002b270 f   ui_shared.obj
 0001:0002a2b0       _ItemParse_horizontalscroll 4002b2b0 f   ui_shared.obj
 0001:0002a2f0       _ItemParse_type            4002b2f0 f   ui_shared.obj
 0001:0002a350       _ItemParse_elementwidth    4002b350 f   ui_shared.obj
 0001:0002a3c0       _ItemParse_elementheight   4002b3c0 f   ui_shared.obj
 0001:0002a430       _ItemParse_feeder          4002b430 f   ui_shared.obj
 0001:0002a490       _ItemParse_elementtype     4002b490 f   ui_shared.obj
 0001:0002a510       _ItemParse_columns         4002b510 f   ui_shared.obj
 0001:0002a6a0       _ItemParse_border          4002b6a0 f   ui_shared.obj
 0001:0002a700       _ItemParse_bordersize      4002b700 f   ui_shared.obj
 0001:0002a760       _ItemParse_visible         4002b760 f   ui_shared.obj
 0001:0002a7f0       _ItemParse_ownerdraw       4002b7f0 f   ui_shared.obj
 0001:0002a850       _ItemParse_align           4002b850 f   ui_shared.obj
 0001:0002a8b0       _ItemParse_textalign       4002b8b0 f   ui_shared.obj
 0001:0002a910       _ItemParse_textalignx      4002b910 f   ui_shared.obj
 0001:0002a970       _ItemParse_textaligny      4002b970 f   ui_shared.obj
 0001:0002a9d0       _ItemParse_textscale       4002b9d0 f   ui_shared.obj
 0001:0002aa30       _ItemParse_textstyle       4002ba30 f   ui_shared.obj
 0001:0002aa90       _ItemParse_backcolor       4002ba90 f   ui_shared.obj
 0001:0002ab40       _ItemParse_forecolor       4002bb40 f   ui_shared.obj
 0001:0002ac00       _ItemParse_bordercolor     4002bc00 f   ui_shared.obj
 0001:0002acb0       _ItemParse_outlinecolor    4002bcb0 f   ui_shared.obj
 0001:0002ad10       _ItemParse_background      4002bd10 f   ui_shared.obj
 0001:0002adb0       _ItemParse_cinematic       4002bdb0 f   ui_shared.obj
 0001:0002ae10       _ItemParse_doubleClick     4002be10 f   ui_shared.obj
 0001:0002ae90       _ItemParse_onFocus         4002be90 f   ui_shared.obj
 0001:0002aef0       _ItemParse_leaveFocus      4002bef0 f   ui_shared.obj
 0001:0002af50       _ItemParse_mouseEnter      4002bf50 f   ui_shared.obj
 0001:0002afb0       _ItemParse_mouseExit       4002bfb0 f   ui_shared.obj
 0001:0002b010       _ItemParse_mouseEnterText  4002c010 f   ui_shared.obj
 0001:0002b070       _ItemParse_mouseExitText   4002c070 f   ui_shared.obj
 0001:0002b0d0       _ItemParse_action          4002c0d0 f   ui_shared.obj
 0001:0002b130       _ItemParse_special         4002c130 f   ui_shared.obj
 0001:0002b190       _ItemParse_cvarTest        4002c190 f   ui_shared.obj
 0001:0002b1f0       _ItemParse_cvar            4002c1f0 f   ui_shared.obj
 0001:0002b290       _ItemParse_maxChars        4002c290 f   ui_shared.obj
 0001:0002b350       _ItemParse_maxPaintChars   4002c350 f   ui_shared.obj
 0001:0002b410       _ItemParse_cvarFloat       4002c410 f   ui_shared.obj
 0001:0002b4d0       _ItemParse_cvarStrList     4002c4d0 f   ui_shared.obj
 0001:0002b6e0       _ItemParse_cvarFloatList   4002c6e0 f   ui_shared.obj
 0001:0002b8d0       _ItemParse_addColorRange   4002c8d0 f   ui_shared.obj
 0001:0002b9d0       _ItemParse_ownerdrawFlag   4002c9d0 f   ui_shared.obj
 0001:0002ba60       _ItemParse_enableCvar      4002ca60 f   ui_shared.obj
 0001:0002bad0       _ItemParse_disableCvar     4002cad0 f   ui_shared.obj
 0001:0002bb40       _ItemParse_showCvar        4002cb40 f   ui_shared.obj
 0001:0002bbb0       _ItemParse_hideCvar        4002cbb0 f   ui_shared.obj
 0001:0002bc20       _Item_SetupKeywordHash     4002cc20 f   ui_shared.obj
 0001:0002bcb0       _Item_Parse                4002ccb0 f   ui_shared.obj
 0001:0002be30       _Item_InitControls         4002ce30 f   ui_shared.obj
 0001:0002beb0       _MenuParse_font            4002ceb0 f   ui_shared.obj
 0001:0002bf60       _MenuParse_name            4002cf60 f   ui_shared.obj
 0001:0002bfd0       _MenuParse_fullscreen      4002cfd0 f   ui_shared.obj
 0001:0002c030       _MenuParse_rect            4002d030 f   ui_shared.obj
 0001:0002c090       _MenuParse_style           4002d090 f   ui_shared.obj
 0001:0002c0f0       _MenuParse_visible         4002d0f0 f   ui_shared.obj
 0001:0002c190       _MenuParse_onOpen          4002d190 f   ui_shared.obj
 0001:0002c1f0       _MenuParse_onClose         4002d1f0 f   ui_shared.obj
 0001:0002c250       _MenuParse_onESC           4002d250 f   ui_shared.obj
 0001:0002c2b0       _MenuParse_border          4002d2b0 f   ui_shared.obj
 0001:0002c310       _MenuParse_borderSize      4002d310 f   ui_shared.obj
 0001:0002c370       _MenuParse_backcolor       4002d370 f   ui_shared.obj
 0001:0002c420       _MenuParse_forecolor       4002d420 f   ui_shared.obj
 0001:0002c4e0       _MenuParse_bordercolor     4002d4e0 f   ui_shared.obj
 0001:0002c590       _MenuParse_focuscolor      4002d590 f   ui_shared.obj
 0001:0002c640       _MenuParse_disablecolor    4002d640 f   ui_shared.obj
 0001:0002c6f0       _MenuParse_outlinecolor    4002d6f0 f   ui_shared.obj
 0001:0002c750       _MenuParse_background      4002d750 f   ui_shared.obj
 0001:0002c800       _MenuParse_cinematic       4002d800 f   ui_shared.obj
 0001:0002c860       _MenuParse_ownerdrawFlag   4002d860 f   ui_shared.obj
 0001:0002c8f0       _MenuParse_ownerdraw       4002d8f0 f   ui_shared.obj
 0001:0002c950       _MenuParse_popup           4002d950 f   ui_shared.obj
 0001:0002c9a0       _MenuParse_outOfBounds     4002d9a0 f   ui_shared.obj
 0001:0002c9f0       _MenuParse_soundLoop       4002d9f0 f   ui_shared.obj
 0001:0002ca50       _MenuParse_fadeClamp       4002da50 f   ui_shared.obj
 0001:0002cab0       _MenuParse_fadeAmount      4002dab0 f   ui_shared.obj
 0001:0002cb10       _MenuParse_fadeCycle       4002db10 f   ui_shared.obj
 0001:0002cb70       _MenuParse_itemDef         4002db70 f   ui_shared.obj
 0001:0002cc70       _Menu_SetupKeywordHash     4002dc70 f   ui_shared.obj
 0001:0002cd00       _Menu_Parse                4002dd00 f   ui_shared.obj
 0001:0002cea0       _Menu_New                  4002dea0 f   ui_shared.obj
 0001:0002cf30       _Menu_Count                4002df30 f   ui_shared.obj
 0001:0002cf60       _Menu_PaintAll             4002df60 f   ui_shared.obj
 0001:0002d0b0       _Menu_Reset                4002e0b0 f   ui_shared.obj
 0001:0002d0e0       _Display_GetContext        4002e0e0 f   ui_shared.obj
 0001:0002d110       _Display_CaptureItem       4002e110 f   ui_shared.obj
 0001:0002d1a0       _Display_MouseMove         4002e1a0 f   ui_shared.obj
 0001:0002d2a0       _Display_CursorType        4002e2a0 f   ui_shared.obj
 0001:0002d3a0       _Display_HandleKey         4002e3a0 f   ui_shared.obj
 0001:0002d410       _Display_CacheAll          4002e410 f   ui_shared.obj
 0001:0002d7a0       _dllEntry                  4002e7a0 f   ui_syscalls.obj
 0001:0002d7d0       _PASSFLOAT                 4002e7d0 f   ui_syscalls.obj
 0001:0002d800       _trap_Print                4002e800 f   ui_syscalls.obj
 0001:0002d850       _trap_Error                4002e850 f   ui_syscalls.obj
 0001:0002d8a0       _trap_Milliseconds         4002e8a0 f   ui_syscalls.obj
 0001:0002d8f0       _trap_Cvar_Register        4002e8f0 f   ui_syscalls.obj
 0001:0002d950       _trap_Cvar_Update          4002e950 f   ui_syscalls.obj
 0001:0002d9a0       _trap_Cvar_Set             4002e9a0 f   ui_syscalls.obj
 0001:0002d9f0       _trap_Cvar_VariableValue   4002e9f0 f   ui_syscalls.obj
 0001:0002da40       _trap_Cvar_VariableStringBuffer 4002ea40 f   ui_syscalls.obj
 0001:0002daa0       _trap_Cvar_SetValue        4002eaa0 f   ui_syscalls.obj
 0001:0002db00       _trap_Cvar_Reset           4002eb00 f   ui_syscalls.obj
 0001:0002db50       _trap_Cvar_Create          4002eb50 f   ui_syscalls.obj
 0001:0002dbb0       _trap_Cvar_InfoStringBuffer 4002ebb0 f   ui_syscalls.obj
 0001:0002dc10       _trap_Argc                 4002ec10 f   ui_syscalls.obj
 0001:0002dc60       _trap_Argv                 4002ec60 f   ui_syscalls.obj
 0001:0002dcc0       _trap_Cmd_ExecuteText      4002ecc0 f   ui_syscalls.obj
 0001:0002dd10       _trap_FS_FOpenFile         4002ed10 f   ui_syscalls.obj
 0001:0002dd70       _trap_FS_Read              4002ed70 f   ui_syscalls.obj
 0001:0002ddd0       _trap_FS_Write             4002edd0 f   ui_syscalls.obj
 0001:0002de30       _trap_FS_FCloseFile        4002ee30 f   ui_syscalls.obj
 0001:0002de80       _trap_FS_GetFileList       4002ee80 f   ui_syscalls.obj
 0001:0002dee0       _trap_FS_Seek              4002eee0 f   ui_syscalls.obj
 0001:0002df40       _trap_R_RegisterModel      4002ef40 f   ui_syscalls.obj
 0001:0002df90       _trap_R_RegisterSkin       4002ef90 f   ui_syscalls.obj
 0001:0002dfe0       _trap_R_RegisterFont       4002efe0 f   ui_syscalls.obj
 0001:0002e040       _trap_R_RegisterShaderNoMip 4002f040 f   ui_syscalls.obj
 0001:0002e090       _trap_R_ClearScene         4002f090 f   ui_syscalls.obj
 0001:0002e0e0       _trap_R_AddRefEntityToScene 4002f0e0 f   ui_syscalls.obj
 0001:0002e130       _trap_R_AddPolyToScene     4002f130 f   ui_syscalls.obj
 0001:0002e190       _trap_R_AddLightToScene    4002f190 f   ui_syscalls.obj
 0001:0002e220       _trap_R_RenderScene        4002f220 f   ui_syscalls.obj
 0001:0002e270       _trap_R_SetColor           4002f270 f   ui_syscalls.obj
 0001:0002e2c0       _trap_R_DrawStretchPic     4002f2c0 f   ui_syscalls.obj
 0001:0002e390       _trap_R_ModelBounds        4002f390 f   ui_syscalls.obj
 0001:0002e3f0       _trap_UpdateScreen         4002f3f0 f   ui_syscalls.obj
 0001:0002e440       _trap_CM_LerpTag           4002f440 f   ui_syscalls.obj
 0001:0002e4b0       _trap_S_StartLocalSound    4002f4b0 f   ui_syscalls.obj
 0001:0002e500       _trap_S_RegisterSound      4002f500 f   ui_syscalls.obj
 0001:0002e550       _trap_Key_KeynumToStringBuf 4002f550 f   ui_syscalls.obj
 0001:0002e5b0       _trap_Key_GetBindingBuf    4002f5b0 f   ui_syscalls.obj
 0001:0002e610       _trap_Key_SetBinding       4002f610 f   ui_syscalls.obj
 0001:0002e660       _trap_Key_IsDown           4002f660 f   ui_syscalls.obj
 0001:0002e6b0       _trap_Key_GetOverstrikeMode 4002f6b0 f   ui_syscalls.obj
 0001:0002e700       _trap_Key_SetOverstrikeMode 4002f700 f   ui_syscalls.obj
 0001:0002e750       _trap_Key_ClearStates      4002f750 f   ui_syscalls.obj
 0001:0002e7a0       _trap_Key_GetCatcher       4002f7a0 f   ui_syscalls.obj
 0001:0002e7f0       _trap_Key_SetCatcher       4002f7f0 f   ui_syscalls.obj
 0001:0002e840       _trap_GetClipboardData     4002f840 f   ui_syscalls.obj
 0001:0002e890       _trap_GetClientState       4002f890 f   ui_syscalls.obj
 0001:0002e8e0       _trap_GetGlconfig          4002f8e0 f   ui_syscalls.obj
 0001:0002e930       _trap_GetConfigString      4002f930 f   ui_syscalls.obj
 0001:0002e990       _trap_LAN_GetServerCount   4002f990 f   ui_syscalls.obj
 0001:0002e9e0       _trap_LAN_GetServerAddressString 4002f9e0 f   ui_syscalls.obj
 0001:0002ea40       _trap_LAN_GetServerInfo    4002fa40 f   ui_syscalls.obj
 0001:0002eaa0       _trap_LAN_GetServerPing    4002faa0 f   ui_syscalls.obj
 0001:0002eaf0       _trap_LAN_GetPingQueueCount 4002faf0 f   ui_syscalls.obj
 0001:0002eb40       _trap_LAN_ServerStatus     4002fb40 f   ui_syscalls.obj
 0001:0002eba0       _trap_LAN_SaveCachedServers 4002fba0 f   ui_syscalls.obj
 0001:0002ebf0       _trap_LAN_LoadCachedServers 4002fbf0 f   ui_syscalls.obj
 0001:0002ec40       _trap_LAN_ResetPings       4002fc40 f   ui_syscalls.obj
 0001:0002ec90       _trap_LAN_ClearPing        4002fc90 f   ui_syscalls.obj
 0001:0002ece0       _trap_LAN_GetPing          4002fce0 f   ui_syscalls.obj
 0001:0002ed40       _trap_LAN_GetPingInfo      4002fd40 f   ui_syscalls.obj
 0001:0002eda0       _trap_LAN_MarkServerVisible 4002fda0 f   ui_syscalls.obj
 0001:0002ee00       _trap_LAN_ServerIsVisible  4002fe00 f   ui_syscalls.obj
 0001:0002ee50       _trap_LAN_UpdateVisiblePings 4002fe50 f   ui_syscalls.obj
 0001:0002eea0       _trap_LAN_AddServer        4002fea0 f   ui_syscalls.obj
 0001:0002ef00       _trap_LAN_RemoveServer     4002ff00 f   ui_syscalls.obj
 0001:0002ef50       _trap_LAN_CompareServers   4002ff50 f   ui_syscalls.obj
 0001:0002efb0       _trap_MemoryRemaining      4002ffb0 f   ui_syscalls.obj
 0001:0002f000       _trap_GetCDKey             40030000 f   ui_syscalls.obj
 0001:0002f050       _trap_SetCDKey             40030050 f   ui_syscalls.obj
 0001:0002f0a0       _trap_PC_AddGlobalDefine   400300a0 f   ui_syscalls.obj
 0001:0002f0f0       _trap_PC_LoadSource        400300f0 f   ui_syscalls.obj
 0001:0002f140       _trap_PC_FreeSource        40030140 f   ui_syscalls.obj
 0001:0002f190       _trap_PC_ReadToken         40030190 f   ui_syscalls.obj
 0001:0002f1e0       _trap_PC_SourceFileAndLine 400301e0 f   ui_syscalls.obj
 0001:0002f240       _trap_S_StopBackgroundTrack 40030240 f   ui_syscalls.obj
 0001:0002f290       _trap_S_StartBackgroundTrack 40030290 f   ui_syscalls.obj
 0001:0002f2e0       _trap_RealTime             400302e0 f   ui_syscalls.obj
 0001:0002f330       _trap_CIN_PlayCinematic    40030330 f   ui_syscalls.obj
 0001:0002f390       _trap_CIN_StopCinematic    40030390 f   ui_syscalls.obj
 0001:0002f3e0       _trap_CIN_RunCinematic     400303e0 f   ui_syscalls.obj
 0001:0002f430       _trap_CIN_DrawCinematic    40030430 f   ui_syscalls.obj
 0001:0002f480       _trap_CIN_SetExtents       40030480 f   ui_syscalls.obj
 0001:0002f4e0       _trap_R_RemapShader        400304e0 f   ui_syscalls.obj
 0001:0002f540       _trap_VerifyCDKey          40030540 f   ui_syscalls.obj
 0001:0002f590       _trap_SetPbClStatus        40030590 f   ui_syscalls.obj
 0001:0002f5e0       __RTC_InitBase             400305e0 f   LIBCMTD:_init_.obj
 0001:0002f610       __RTC_Shutdown             40030610 f   LIBCMTD:_init_.obj
 0001:0002f630       __RTC_CheckEsp             40030630 f   LIBCMTD:_stack_.obj
 0001:0002f660       @_RTC_CheckStackVars@8     40030660 f   LIBCMTD:_stack_.obj
 0001:0002f6d0       @_RTC_AllocaHelper@12      400306d0 f   LIBCMTD:_stack_.obj
 0001:0002f710       @_RTC_CheckStackVars2@12   40030710 f   LIBCMTD:_stack_.obj
 0001:0002f7f0       __fpmath                   400307f0 f   LIBCMTD:_fpinit_.obj
 0001:0002f810       __cfltcvt_init             40030810 f   LIBCMTD:_fpinit_.obj
 0001:0002f880       ___setfflag                40030880 f   LIBCMTD:_fpinit_.obj
 0001:0002f8a0       @__security_check_cookie@4 400308a0 f   LIBCMTD:secchk.obj
 0001:0002f8b0       _sin                       400308b0 f   LIBCMTD:_sin_.obj
 0001:0002f8f0       __CIsin                    400308f0 f   LIBCMTD:_sin_.obj
 0001:0002f92b       __CIsin_default            4003092b f   LIBCMTD:_sin_.obj
 0001:0002f93f       __sin_default              4003093f     LIBCMTD:_sin_.obj
 0001:0002f9e0       _cos                       400309e0 f   LIBCMTD:_cos_.obj
 0001:0002fa20       __CIcos                    40030a20 f   LIBCMTD:_cos_.obj
 0001:0002fa5b       __CIcos_default            40030a5b f   LIBCMTD:_cos_.obj
 0001:0002fa6f       __cos_default              40030a6f     LIBCMTD:_cos_.obj
 0001:0002fb10       __atof_l                   40030b10 f   LIBCMTD:atof.obj
 0001:0002fc50       ??0_LocaleUpdate@@QAE@PAUlocaleinfo_struct@@@Z 40030c50 f i LIBCMTD:atof.obj
 0001:0002fd30       ??1_LocaleUpdate@@QAE@XZ   40030d30 f i LIBCMTD:atof.obj
 0001:0002fd60       ?GetLocaleT@_LocaleUpdate@@QAEPAUlocaleinfo_struct@@XZ 40030d60 f i LIBCMTD:atof.obj
 0001:0002fd70       _atof                      40030d70 f   LIBCMTD:atof.obj
 0001:0002fd90       ___strgtold12              40030d90 f   LIBCMTD:atof.obj
 0001:0002fdf0       ___STRINGTOLD              40030df0 f   LIBCMTD:atof.obj
 0001:0002fe40       _fabs                      40030e40 f   LIBCMTD:_fabs_.obj
 0001:0002ff40       __ftol2_sse                40030f40 f   LIBCMTD:ftol2.obj
 0001:0002ff49       __ftol2_pentium4           40030f49 f   LIBCMTD:ftol2.obj
 0001:0002ff5c       __ftol2_sse_excpt          40030f5c f   LIBCMTD:ftol2.obj
 0001:0002ff76       __ftol2                    40030f76 f   LIBCMTD:ftol2.obj
 0001:0002fff0       _memset                    40030ff0 f   LIBCMTD:memset.obj
 0001:00030070       _memcpy                    40031070 f   LIBCMTD:memcpy.obj
 0001:000303e0       __CIsqrt                   400313e0 f   LIBCMTD:_sqrt_.obj
 0001:000303f4       _sqrt                      400313f4     LIBCMTD:_sqrt_.obj
 0001:000304a0       _atan2                     400314a0 f   LIBCMTD:_87ctriga_.obj
 0001:000304aa       __CIatan2                  400314aa f   LIBCMTD:_87ctriga_.obj
 0001:000304c0       __wassert                  400314c0 f   LIBCMTD:wassert.obj
 0001:00031050       __invoke_watson_if_error   40032050 f i LIBCMTD:wassert.obj
 0001:000310c0       _strlen                    400320c0 f   LIBCMTD:strlen.obj
 0001:00031150       __vsprintf_l               40032150 f   LIBCMTD:vsprintf.obj
 0001:000312f0       _vsprintf                  400322f0 f   LIBCMTD:vsprintf.obj
 0001:00031310       __vscprintf_helper         40032310 f   LIBCMTD:vsprintf.obj
 0001:000313f0       __vscprintf                400323f0 f   LIBCMTD:vsprintf.obj
 0001:00031410       __vscprintf_l              40032410 f   LIBCMTD:vsprintf.obj
 0001:00031430       __vscprintf_p              40032430 f   LIBCMTD:vsprintf.obj
 0001:00031450       __vscprintf_p_l            40032450 f   LIBCMTD:vsprintf.obj
 0001:00031470       _strcmp                    40032470 f   LIBCMTD:strcmp.obj
 0001:00031500       _strncpy                   40032500 f   LIBCMTD:strncpy.obj
 0001:00031630       __tolower                  40032630 f   LIBCMTD:tolower.obj
 0001:00031640       __tolower_l                40032640 f   LIBCMTD:tolower.obj
 0001:00031820       _tolower                   40032820 f   LIBCMTD:tolower.obj
 0001:00031870       __toupper                  40032870 f   LIBCMTD:toupper.obj
 0001:00031880       __toupper_l                40032880 f   LIBCMTD:toupper.obj
 0001:00031a60       _toupper                   40032a60 f   LIBCMTD:toupper.obj
 0001:00031ab0       __isalpha_l                40032ab0 f i LIBCMTD:_ctype.obj
 0001:00031b40       _isalpha                   40032b40 f i LIBCMTD:_ctype.obj
 0001:00031b80       __isupper_l                40032b80 f i LIBCMTD:_ctype.obj
 0001:00031c00       _isupper                   40032c00 f i LIBCMTD:_ctype.obj
 0001:00031c30       __islower_l                40032c30 f i LIBCMTD:_ctype.obj
 0001:00031cb0       _islower                   40032cb0 f i LIBCMTD:_ctype.obj
 0001:00031ce0       __isdigit_l                40032ce0 f i LIBCMTD:_ctype.obj
 0001:00031d60       _isdigit                   40032d60 f i LIBCMTD:_ctype.obj
 0001:00031d90       __isxdigit_l               40032d90 f i LIBCMTD:_ctype.obj
 0001:00031e20       _isxdigit                  40032e20 f i LIBCMTD:_ctype.obj
 0001:00031e60       __isspace_l                40032e60 f i LIBCMTD:_ctype.obj
 0001:00031ee0       _isspace                   40032ee0 f i LIBCMTD:_ctype.obj
 0001:00031f10       __ispunct_l                40032f10 f i LIBCMTD:_ctype.obj
 0001:00031f90       _ispunct                   40032f90 f i LIBCMTD:_ctype.obj
 0001:00031fc0       __isalnum_l                40032fc0 f i LIBCMTD:_ctype.obj
 0001:00032050       _isalnum                   40033050 f i LIBCMTD:_ctype.obj
 0001:00032090       __isprint_l                40033090 f i LIBCMTD:_ctype.obj
 0001:00032120       _isprint                   40033120 f i LIBCMTD:_ctype.obj
 0001:00032160       __isgraph_l                40033160 f i LIBCMTD:_ctype.obj
 0001:000321f0       _isgraph                   400331f0 f i LIBCMTD:_ctype.obj
 0001:00032230       __iscntrl_l                40033230 f i LIBCMTD:_ctype.obj
 0001:000322b0       _iscntrl                   400332b0 f i LIBCMTD:_ctype.obj
 0001:000322e0       ___isascii                 400332e0 f i LIBCMTD:_ctype.obj
 0001:00032300       ___toascii                 40033300 f i LIBCMTD:_ctype.obj
 0001:00032310       __iscsymf_l                40033310 f i LIBCMTD:_ctype.obj
 0001:00032350       ___iscsymf                 40033350 f i LIBCMTD:_ctype.obj
 0001:00032390       __iscsym_l                 40033390 f i LIBCMTD:_ctype.obj
 0001:000323d0       ___iscsym                  400333d0 f i LIBCMTD:_ctype.obj
 0001:00032410       __alloca_probe             40033410     LIBCMTD:chkstk.obj
 0001:00032410       __chkstk                   40033410 f   LIBCMTD:chkstk.obj
 0001:00032440       _strcpy                    40033440 f   LIBCMTD:strcat.obj
 0001:00032450       _strcat                    40033450 f   LIBCMTD:strcat.obj
 0001:00032550       _strchr                    40033550 f   LIBCMTD:strchr.obj
 0001:00032556       ___from_strstr_to_strchr   40033556     LIBCMTD:strchr.obj
 0001:00032610       _atol                      40033610 f   LIBCMTD:atox.obj
 0001:00032630       __atol_l                   40033630 f   LIBCMTD:atox.obj
 0001:00032650       _atoi                      40033650 f   LIBCMTD:atox.obj
 0001:00032670       __atoi_l                   40033670 f   LIBCMTD:atox.obj
 0001:00032690       __atoi64                   40033690 f   LIBCMTD:atox.obj
 0001:000326b0       __atoi64_l                 400336b0 f   LIBCMTD:atox.obj
 0001:000326d0       _strstr                    400336d0 f   LIBCMTD:strstr.obj
 0001:00032760       _qsort                     40033760 f   LIBCMTD:qsort.obj
 0001:00032d10       _abs                       40033d10 f   LIBCMTD:abs.obj
 0001:00032d40       __abs64                    40033d40 f   LIBCMTD:abs.obj
 0001:00032d90       _srand                     40033d90 f   LIBCMTD:rand.obj
 0001:00032db0       _rand                      40033db0 f   LIBCMTD:rand.obj
 0001:00032df0       _tan                       40033df0 f   LIBCMTD:_tan_.obj
 0001:00032e30       __CItan                    40033e30 f   LIBCMTD:_tan_.obj
 0001:00032e6b       __CItan_default            40033e6b f   LIBCMTD:_tan_.obj
 0001:00032e7f       __tan_default              40033e7f     LIBCMTD:_tan_.obj
 0001:00032f20       ?_RTC_Failure@@YAXPAXH@Z   40033f20 f   LIBCMTD:_error_.obj
 0001:000332d0       ?_RTC_StackFailure@@YAXPAXPBD@Z 400342d0 f   LIBCMTD:_error_.obj
 0001:000333d0       ?_RTC_AllocaFailure@@YAXPAXPAU_RTC_ALLOCA_NODE@@H@Z 400343d0 f   LIBCMTD:_error_.obj
 0001:00033580       __RTC_UninitUse            40034580 f   LIBCMTD:_error_.obj
 0001:00033670       _memmove                   40034670 f   LIBCMTD:memmove.obj
 0001:000339e0       __CRT_INIT@12              400349e0 f   LIBCMTD:dllcrt0.obj
 0001:00033c00       __DllMainCRTStartup@12     40034c00 f   LIBCMTD:dllcrt0.obj
 0001:00033df0       __RTC_NumErrors            40034df0 f   LIBCMTD:_userapi_.obj
 0001:00033e00       __RTC_GetErrDesc           40034e00 f   LIBCMTD:_userapi_.obj
 0001:00033e20       __RTC_SetErrorType         40034e20 f   LIBCMTD:_userapi_.obj
 0001:00033e50       __RTC_SetErrorFunc         40034e50 f   LIBCMTD:_userapi_.obj
 0001:00033e70       __RTC_SetErrorFuncW        40034e70 f   LIBCMTD:_userapi_.obj
 0001:00033e90       ?_RTC_GetErrorFunc@@YAP6AHHPBDH00ZZPBX@Z 40034e90 f   LIBCMTD:_userapi_.obj
 0001:00033ea0       ?_RTC_GetErrorFuncW@@YAP6AHHPB_WH00ZZPBX@Z 40034ea0 f   LIBCMTD:_userapi_.obj
 0001:00033eb0       __chkesp                   40034eb0 f   LIBCMTD:chkesp.obj
 0001:00033ef0       __CRT_RTC_INIT             40034ef0 f   LIBCMTD:chkesp.obj
 0001:00033f00       __CRT_RTC_INITW            40034f00 f   LIBCMTD:chkesp.obj
 0001:00033f10       __setdefaultprecision      40034f10 f   LIBCMTD:fp8.obj
 0001:00033f50       __forcdecpt                40034f50 f   LIBCMTD:cvt.obj
 0001:00033f70       __forcdecpt_l              40034f70 f   LIBCMTD:cvt.obj
 0001:00034030       __cropzeros                40035030 f   LIBCMTD:cvt.obj
 0001:00034050       __cropzeros_l              40035050 f   LIBCMTD:cvt.obj
 0001:00034160       __positive                 40035160 f   LIBCMTD:cvt.obj
 0001:00034190       __fassign_l                40035190 f   LIBCMTD:cvt.obj
 0001:000341f0       __fassign                  400351f0 f   LIBCMTD:cvt.obj
 0001:00034210       __cftoe_l                  40035210 f   LIBCMTD:cvt.obj
 0001:00034760       __cftoe                    40035760 f   LIBCMTD:cvt.obj
 0001:00034790       __cftoa_l                  40035790 f   LIBCMTD:cvt.obj
 0001:00034f70       ?strrchr@@YAPADPADH@Z      40035f70 f i LIBCMTD:cvt.obj
 0001:00034f90       __cftoa                    40035f90 f   LIBCMTD:cvt.obj
 0001:00034fc0       __cftof_l                  40035fc0 f   LIBCMTD:cvt.obj
 0001:000353d0       __cftof                    400363d0 f   LIBCMTD:cvt.obj
 0001:00035400       __cftog_l                  40036400 f   LIBCMTD:cvt.obj
 0001:00035630       __cftog                    40036630 f   LIBCMTD:cvt.obj
 0001:00035660       __cfltcvt_l                40036660 f   LIBCMTD:cvt.obj
 0001:00035720       __cfltcvt                  40036720 f   LIBCMTD:cvt.obj
 0001:00035780       __initp_misc_cfltcvt_tab   40036780 f   LIBCMTD:cmiscdat.obj
 0001:000357c0       ___report_gsfailure        400367c0 f   LIBCMTD:gs_report.obj
 0001:000358d0       __set_SSE2_enable          400368d0 f   LIBCMTD:_mathfcns_.obj
 0001:000358f0       __sse2_mathfcns_init       400368f0 f   LIBCMTD:_mathfcns_.obj
 0001:00035910       __CIsin_pentium4           40036910 f   LIBCMTD:_sin_pentium4_.obj
 0001:00035928       __sin_pentium4             40036928     LIBCMTD:_sin_pentium4_.obj
 0001:00035ae0       __trandisp1                40036ae0 f   LIBCMTD:_87disp_.obj
 0001:00035b47       __trandisp2                40036b47 f   LIBCMTD:_87disp_.obj
 0001:00035bd3       __rttospopde               40036bd3     LIBCMTD:_87disp_.obj
 0001:00035bd8       __rttospop                 40036bd8     LIBCMTD:_87disp_.obj
 0001:00035bda       __rtnospop                 40036bda     LIBCMTD:_87disp_.obj
 0001:00035bdc       __rttosnpop                40036bdc     LIBCMTD:_87disp_.obj
 0001:00035bdd       __rtnospopde               40036bdd     LIBCMTD:_87disp_.obj
 0001:00035be4       __rtzeropop                40036be4     LIBCMTD:_87disp_.obj
 0001:00035be6       __rtzeronpop               40036be6     LIBCMTD:_87disp_.obj
 0001:00035beb       __rtonepop                 40036beb     LIBCMTD:_87disp_.obj
 0001:00035bed       __rtonenpop                40036bed     LIBCMTD:_87disp_.obj
 0001:00035bf2       __tosnan1                  40036bf2     LIBCMTD:_87disp_.obj
 0001:00035c1d       __nosnan2                  40036c1d     LIBCMTD:_87disp_.obj
 0001:00035c1f       __tosnan2                  40036c1f     LIBCMTD:_87disp_.obj
 0001:00035c47       __nan2                     40036c47     LIBCMTD:_87disp_.obj
 0001:00035c86       __rtindfpop                40036c86     LIBCMTD:_87disp_.obj
 0001:00035c88       __rtindfnpop               40036c88     LIBCMTD:_87disp_.obj
 0001:00035c99       __rttosnpopde              40036c99     LIBCMTD:_87disp_.obj
 0001:00035ca3       __rtchsifneg               40036ca3     LIBCMTD:_87disp_.obj
 0001:00035cb0       __twoToTOS                 40036cb0 f   LIBCMTD:_common_.obj
 0001:00035cc5       __load_CW                  40036cc5 f   LIBCMTD:_common_.obj
 0001:00035cdc       __convertTOStoQNaN         40036cdc f   LIBCMTD:_common_.obj
 0001:00035cf5       __fload_withFB             40036cf5 f   LIBCMTD:_common_.obj
 0001:00035d38       __checkTOS_withFB          40036d38 f   LIBCMTD:_common_.obj
 0001:00035d4e       __fast_exit                40036d4e f   LIBCMTD:_common_.obj
 0001:00035d5b       __math_exit                40036d5b f   LIBCMTD:_common_.obj
 0001:00035d85       __check_overflow_exit      40036d85 f   LIBCMTD:_common_.obj
 0001:00035d99       __check_range_exit         40036d99 f   LIBCMTD:_common_.obj
 0001:00035e40       __startTwoArgErrorHandling 40036e40 f   LIBCMTD:_genexcep_.obj
 0001:00035e57       __startOneArgErrorHandling 40036e57 f   LIBCMTD:_genexcep_.obj
 0001:00035ea0       __CIcos_pentium4           40036ea0 f   LIBCMTD:_cos_pentium4_.obj
 0001:00035eb8       __cos_pentium4             40036eb8     LIBCMTD:_cos_pentium4_.obj
 0001:00036050       __fltin2                   40037050 f   LIBCMTD:_cfin_.obj
 0001:00036130       __chvalidator              40037130 f   LIBCMTD:isctype.obj
 0001:00036180       __chvalidator_l            40037180 f   LIBCMTD:isctype.obj
 0001:00036230       __isctype_l                40037230 f   LIBCMTD:isctype.obj
 0001:00036350       __isctype                  40037350 f   LIBCMTD:isctype.obj
 0001:00036390       __initp_misc_invarg        40037390 f   LIBCMTD:invarg.obj
 0001:000363a0       __invalid_parameter        400373a0 f   LIBCMTD:invarg.obj
 0001:00036400       __invoke_watson            40037400 f   LIBCMTD:invarg.obj
 0001:00036430       __call_reportfault         40037430 f   LIBCMTD:invarg.obj
 0001:00036580       __set_invalid_parameter_handler 40037580 f   LIBCMTD:invarg.obj
 0001:000365c0       __get_invalid_parameter_handler 400375c0 f   LIBCMTD:invarg.obj
 0001:000365f0       ?_invalid_parameter@@YAXPBG00II@Z 400375f0 f   LIBCMTD:invarg.obj
 0001:00036620       ?_invoke_watson@@YAXPBG00II@Z 40037620 f   LIBCMTD:invarg.obj
 0001:00036640       __dosmaperr                40037640 f   LIBCMTD:dosmap.obj
 0001:00036670       __get_errno_from_oserr     40037670 f   LIBCMTD:dosmap.obj
 0001:000366f0       __set_errno                400376f0 f   LIBCMTD:dosmap.obj
 0001:00036720       __get_errno                40037720 f   LIBCMTD:dosmap.obj
 0001:000367a0       __set_doserrno             400377a0 f   LIBCMTD:dosmap.obj
 0001:000367d0       __get_doserrno             400377d0 f   LIBCMTD:dosmap.obj
 0001:00036850       __errno                    40037850 f   LIBCMTD:dosmap.obj
 0001:00036880       ___doserrno                40037880 f   LIBCMTD:dosmap.obj
 0001:000368b0       __CrtSetReportHookW2       400378b0 f   LIBCMTD:dbgrptw.obj
 0001:00036be0       __CrtDbgReportW            40037be0 f   LIBCMTD:dbgrptw.obj
 0001:00036c20       __CrtDbgReportWV           40037c20 f i LIBCMTD:dbgrptw.obj
 0001:00036c50       ___crtMessageWindowW       40037c50 f   LIBCMTD:dbgrptw.obj
 0001:00037050       __invoke_watson_if_oneof   40038050 f i LIBCMTD:dbgrptw.obj
 0001:00037090       ?_CrtDbgReportW@@YAHHPBGH00ZZ 40038090 f   LIBCMTD:dbgrptw.obj
 0001:000370d0       ___updatetmbcinfo          400380d0 f   LIBCMTD:mbctype.obj
 0001:000371e0       __setmbcp                  400381e0 f   LIBCMTD:mbctype.obj
 0001:00037590       __setmbcp_nolock           40038590 f   LIBCMTD:mbctype.obj
 0001:00037d80       __getmbcp                  40038d80 f   LIBCMTD:mbctype.obj
 0001:00037df0       ___initmbctable            40038df0 f   LIBCMTD:mbctype.obj
 0001:00037e20       ___addlocaleref            40038e20 f   LIBCMTD:localref.obj
 0001:00037f40       ___removelocaleref         40038f40 f   LIBCMTD:localref.obj
 0001:00038070       ___freetlocinfo            40039070 f   LIBCMTD:localref.obj
 0001:00038350       __updatetlocinfoEx_nolock  40039350 f   LIBCMTD:localref.obj
 0001:000383d0       ___updatetlocinfo          400393d0 f   LIBCMTD:localref.obj
 0001:000384a0       __encoded_null             400394a0 f   LIBCMTD:tidtable.obj
 0001:000384b0       ___crtTlsAlloc@4           400394b0 f   LIBCMTD:tidtable.obj
 0001:000384c0       ___fls_getvalue@4          400394c0 f   LIBCMTD:tidtable.obj
 0001:000384e0       ___get_flsindex            400394e0 f   LIBCMTD:tidtable.obj
 0001:000384f0       ___set_flsgetvalue         400394f0 f   LIBCMTD:tidtable.obj
 0001:00038540       ___fls_setvalue@8          40039540 f   LIBCMTD:tidtable.obj
 0001:00038560       __mtinit                   40039560 f   LIBCMTD:tidtable.obj
 0001:00038760       __mtterm                   40039760 f   LIBCMTD:tidtable.obj
 0001:000387c0       __initptd                  400397c0 f   LIBCMTD:tidtable.obj
 0001:000388f0       __getptd_noexit            400398f0 f   LIBCMTD:tidtable.obj
 0001:000389b0       __getptd                   400399b0 f   LIBCMTD:tidtable.obj
 0001:000389e0       __freefls@4                400399e0 f   LIBCMTD:tidtable.obj
 0001:00038bf0       __freeptd                  40039bf0 f   LIBCMTD:tidtable.obj
 0001:00038c70       ___threadid                40039c70 f   LIBCMTD:tidtable.obj
 0001:00038c80       ___threadhandle            40039c80 f   LIBCMTD:tidtable.obj
 0001:00038c90       ___strgtold12_l            40039c90 f   LIBCMTD:_strgtold_.obj
 0001:00039740       ___multtenpow12            4003a740 f i LIBCMTD:_strgtold_.obj
 0001:00039820       ___ld12mul                 4003a820 f i LIBCMTD:_strgtold_.obj
 0001:00039c20       ___addl                    4003ac20 f i LIBCMTD:_strgtold_.obj
 0001:00039c60       ___shl_12                  4003ac60 f i LIBCMTD:_strgtold_.obj
 0001:00039cd0       ___shr_12                  4003acd0 f i LIBCMTD:_strgtold_.obj
 0001:00039d40       ___STRINGTOLD_L            4003ad40 f   LIBCMTD:_strgtold_.obj
 0001:00039db0       __handle_qnan1             4003adb0 f   LIBCMTD:_fpexcept_.obj
 0001:00039e10       __handle_qnan2             4003ae10 f   LIBCMTD:_fpexcept_.obj
 0001:00039e80       __except1                  4003ae80 f   LIBCMTD:_fpexcept_.obj
 0001:00039f80       __except2                  4003af80 f   LIBCMTD:_fpexcept_.obj
 0001:0003a090       __raise_exc_ex             4003b090 f   LIBCMTD:_fpexcept_.obj
 0001:0003a5c0       __raise_exc                4003b5c0 f   LIBCMTD:_fpexcept_.obj
 0001:0003a5f0       __raise_excf               4003b5f0 f   LIBCMTD:_fpexcept_.obj
 0001:0003a620       __handle_exc               4003b620 f   LIBCMTD:_fpexcept_.obj
 0001:0003a930       __umatherr                 4003b930 f   LIBCMTD:_fpexcept_.obj
 0001:0003a9d0       __set_errno_from_matherr   4003b9d0 f   LIBCMTD:_fpexcept_.obj
 0001:0003aa60       __errcode                  4003ba60 f   LIBCMTD:_fpexcept_.obj
 0001:0003aad0       __set_exp                  4003bad0 f   LIBCMTD:_util_.obj
 0001:0003ab10       __get_exp                  4003bb10 f   LIBCMTD:_util_.obj
 0001:0003ab40       __add_exp                  4003bb40 f   LIBCMTD:_util_.obj
 0001:0003ab80       __set_bexp                 4003bb80 f   LIBCMTD:_util_.obj
 0001:0003abb0       __sptype                   4003bbb0 f   LIBCMTD:_util_.obj
 0001:0003ac30       __decomp                   4003bc30 f   LIBCMTD:_util_.obj
 0001:0003ad60       __statfp                   4003bd60 f   LIBCMTD:_fpctrl_.obj
 0001:0003ad80       __clrfp                    4003bd80 f   LIBCMTD:_fpctrl_.obj
 0001:0003ada0       __ctrlfp                   4003bda0 f   LIBCMTD:_fpctrl_.obj
 0001:0003add0       __set_statfp               4003bdd0 f   LIBCMTD:_fpctrl_.obj
 0001:0003ae40       ___get_fpsr_sse2           4003be40 f   LIBCMTD:_fpctrl_.obj
 0001:0003ae70       ___set_fpsr_sse2           4003be70 f   LIBCMTD:_fpctrl_.obj
 0001:0003af50       ___fclrf_sse2              4003bf50 f   LIBCMTD:_fpctrl_.obj
 0001:0003af70       ___statfp_sse2             4003bf70 f   LIBCMTD:_fpctrl_.obj
 0001:0003afa0       ___clrfp_sse2              4003bfa0 f   LIBCMTD:_fpctrl_.obj
 0001:0003afe0       ___ctrlfp_sse2             4003bfe0 f   LIBCMTD:_fpctrl_.obj
 0001:0003b040       ___set_statfp_sse2         4003c040 f   LIBCMTD:_fpctrl_.obj
 0001:0003b070       ___sse2_available_init     4003c070 f   LIBCMTD:cpu_disp.obj
 0001:0003b090       __VEC_memzero              4003c090 f   LIBCMTD:p4_memset.obj
 0001:0003b150       __VEC_memcpy               4003c150 f   LIBCMTD:p4_memcpy.obj
 0001:0003b27c       __fFATN2                   4003c27c     LIBCMTD:_87triga_.obj
 0001:0003b2cc       __rtpiby2                  4003c2cc     LIBCMTD:_87triga_.obj
 0001:0003b310       __cintrindisp2             4003c310 f   LIBCMTD:_87cdisp_.obj
 0001:0003b34e       __cintrindisp1             4003c34e f   LIBCMTD:_87cdisp_.obj
 0001:0003b38b       __ctrandisp2               4003c38b f   LIBCMTD:_87cdisp_.obj
 0001:0003b51a       __ctrandisp1               4003c51a f   LIBCMTD:_87cdisp_.obj
 0001:0003b54d       __fload                    4003c54d f   LIBCMTD:_87cdisp_.obj
 0001:0003b590       __cinit                    4003c590 f   LIBCMTD:crt0dat.obj
 0001:0003b630       _exit                      4003c630 f   LIBCMTD:crt0dat.obj
 0001:0003b650       __exit                     4003c650 f   LIBCMTD:crt0dat.obj
 0001:0003b670       __cexit                    4003c670 f   LIBCMTD:crt0dat.obj
 0001:0003b690       __c_exit                   4003c690 f   LIBCMTD:crt0dat.obj
 0001:0003b6b0       __amsg_exit                4003c6b0 f   LIBCMTD:crt0dat.obj
 0001:0003b6e0       ___freeCrtMemory           4003c6e0 f   LIBCMTD:crt0dat.obj
 0001:0003ba20       ___crtCorExitProcess       4003ca20 f   LIBCMTD:crt0dat.obj
 0001:0003ba60       ___crtExitProcess          4003ca60 f   LIBCMTD:crt0dat.obj
 0001:0003ba80       __lockexit                 4003ca80 f   LIBCMTD:crt0dat.obj
 0001:0003baa0       __unlockexit               4003caa0 f   LIBCMTD:crt0dat.obj
 0001:0003bac0       __init_pointers            4003cac0 f   LIBCMTD:crt0dat.obj
 0001:0003bb50       __initterm_e               4003cb50 f   LIBCMTD:crt0dat.obj
 0001:0003bb90       __get_wpgmptr              4003cb90 f   LIBCMTD:crt0dat.obj
 0001:0003bc80       __get_pgmptr               4003cc80 f   LIBCMTD:crt0dat.obj
 0001:0003bd70       __initp_misc_winsig        4003cd70 f   LIBCMTD:winsig.obj
 0001:0003bda0       _signal                    4003cda0 f   LIBCMTD:winsig.obj
 0001:0003c240       _raise                     4003d240 f   LIBCMTD:winsig.obj
 0001:0003c5b0       ___get_sigabrt             4003d5b0 f   LIBCMTD:winsig.obj
 0001:0003c5d0       ___fpecode                 4003d5d0 f   LIBCMTD:winsig.obj
 0001:0003c5e0       ___pxcptinfoptrs           4003d5e0 f   LIBCMTD:winsig.obj
 0001:0003c5f0       ___crtMessageBoxW          4003d5f0 f   LIBCMTD:crtmboxw.obj
 0001:0003c810       __itow_s                   4003d810 f   LIBCMTD:xtows.obj
 0001:0003cbf0       __ltow_s                   4003dbf0 f   LIBCMTD:xtows.obj
 0001:0003cc30       __ultow_s                  4003dc30 f   LIBCMTD:xtows.obj
 0001:0003cc50       __i64tow_s                 4003dc50 f   LIBCMTD:xtows.obj
 0001:0003d070       __ui64tow_s                4003e070 f   LIBCMTD:xtows.obj
 0001:0003d090       _wcsncat_s                 4003e090 f   LIBCMTD:wcsncat_s.obj
 0001:0003d540       _wcsncpy_s                 4003e540 f   LIBCMTD:wcsncpy_s.obj
 0001:0003d950       _wcscat_s                  4003e950 f   LIBCMTD:wcscat_s.obj
 0001:0003dd40       _wcscpy_s                  4003ed40 f   LIBCMTD:wcscpy_s.obj
 0001:0003e020       _fflush                    4003f020 f   LIBCMTD:fflush.obj
 0001:0003e0c0       __fflush_nolock            4003f0c0 f   LIBCMTD:fflush.obj
 0001:0003e120       __flush                    4003f120 f   LIBCMTD:fflush.obj
 0001:0003e1e0       __flushall                 4003f1e0 f   LIBCMTD:fflush.obj
 0001:0003e3b0       _fwprintf                  4003f3b0 f   LIBCMTD:fwprintf.obj
 0001:0003e530       __fwprintf_l               4003f530 f   LIBCMTD:fwprintf.obj
 0001:0003e560       __fwprintf_s_l             4003f560 f   LIBCMTD:fwprintf.obj
 0001:0003e590       _fwprintf_s                4003f590 f   LIBCMTD:fwprintf.obj
 0001:0003e5c0       __fwprintf_p_l             4003f5c0 f   LIBCMTD:fwprintf.obj
 0001:0003e5f0       __fwprintf_p               4003f5f0 f   LIBCMTD:fwprintf.obj
 0001:0003e620       _setvbuf                   4003f620 f   LIBCMTD:setvbuf.obj
 0001:0003e8f0       ___iob_func                4003f8f0 f   LIBCMTD:_file.obj
 0001:0003e900       ___initstdio               4003f900 f   LIBCMTD:_file.obj
 0001:0003ea50       ___endstdio                4003fa50 f   LIBCMTD:_file.obj
 0001:0003ea80       __lock_file                4003fa80 f   LIBCMTD:_file.obj
 0001:0003eae0       __lock_file2               4003fae0 f   LIBCMTD:_file.obj
 0001:0003eb20       __unlock_file              4003fb20 f   LIBCMTD:_file.obj
 0001:0003eb80       __unlock_file2             4003fb80 f   LIBCMTD:_file.obj
 0001:0003ebc0       _abort                     4003fbc0 f   LIBCMTD:abort.obj
 0001:0003ec20       __set_abort_behavior       4003fc20 f   LIBCMTD:abort.obj
 0001:0003ec50       _wcslen                    4003fc50 f   LIBCMTD:wcslen.obj
 0001:0003ec80       __set_error_mode           4003fc80 f   LIBCMTD:errmode.obj
 0001:0003ed40       ___set_app_type            4003fd40 f   LIBCMTD:errmode.obj
 0001:0003ed50       __vswprintf_helper         4003fd50 f   LIBCMTD:vswprnc.obj
 0001:0003efb0       __vswprintf_c              4003ffb0 f   LIBCMTD:vswprnc.obj
 0001:0003f000       __vswprintf_c_l            40040000 f   LIBCMTD:vswprnc.obj
 0001:0003f050       __vswprintf_s_l            40040050 f   LIBCMTD:vswprnc.obj
 0001:0003f2c0       _vswprintf_s               400402c0 f   LIBCMTD:vswprnc.obj
 0001:0003f2f0       __vsnwprintf_s_l           400402f0 f   LIBCMTD:vswprnc.obj
 0001:0003f6a0       __vsnwprintf_s             400406a0 f   LIBCMTD:vswprnc.obj
 0001:0003f6d0       __vswprintf_p              400406d0 f   LIBCMTD:vswprnc.obj
 0001:0003f720       __vswprintf_p_l            40040720 f   LIBCMTD:vswprnc.obj
 0001:0003f770       __flsbuf                   40040770 f   LIBCMTD:_flsbuf.obj
 0001:0003fa30       __output_l                 40040a30 f   LIBCMTD:output.obj
 0001:00040ea0       _get_int_arg               40041ea0 f i LIBCMTD:output.obj
 0001:00040ec0       _get_int64_arg             40041ec0 f i LIBCMTD:output.obj
 0001:00040ee0       _get_short_arg             40041ee0 f i LIBCMTD:output.obj
 0001:00040f00       __validate_param_reuseA    40041f00 f   LIBCMTD:outputp.obj
 0001:00041170       __output_p_l               40042170 f   LIBCMTD:outputp.obj
 0001:00044d70       _get_crtdouble_arg         40045d70 f i LIBCMTD:outputp.obj
 0001:00044d90       ___crtLCMapStringA         40045d90 f   LIBCMTD:a_map.obj
 0001:00045080       __MarkAllocaS              40046080 f i LIBCMTD:a_map.obj
 0001:000450b0       __freea                    400460b0 f i LIBCMTD:a_map.obj
 0001:00045170       __isleadbyte_l             40046170 f i LIBCMTD:_wctype.obj
 0001:000451c0       _isleadbyte                400461c0 f i LIBCMTD:_wctype.obj
 0001:000451e0       __iswalpha_l               400461e0 f i LIBCMTD:_wctype.obj
 0001:00045200       _iswalpha                  40046200 f i LIBCMTD:_wctype.obj
 0001:00045220       __iswupper_l               40046220 f i LIBCMTD:_wctype.obj
 0001:00045240       _iswupper                  40046240 f i LIBCMTD:_wctype.obj
 0001:00045260       __iswlower_l               40046260 f i LIBCMTD:_wctype.obj
 0001:00045280       _iswlower                  40046280 f i LIBCMTD:_wctype.obj
 0001:000452a0       __iswdigit_l               400462a0 f i LIBCMTD:_wctype.obj
 0001:000452c0       _iswdigit                  400462c0 f i LIBCMTD:_wctype.obj
 0001:000452e0       __iswxdigit_l              400462e0 f i LIBCMTD:_wctype.obj
 0001:00045300       _iswxdigit                 40046300 f i LIBCMTD:_wctype.obj
 0001:00045320       __iswspace_l               40046320 f i LIBCMTD:_wctype.obj
 0001:00045340       _iswspace                  40046340 f i LIBCMTD:_wctype.obj
 0001:00045360       __iswpunct_l               40046360 f i LIBCMTD:_wctype.obj
 0001:00045380       _iswpunct                  40046380 f i LIBCMTD:_wctype.obj
 0001:000453a0       __iswalnum_l               400463a0 f i LIBCMTD:_wctype.obj
 0001:000453c0       _iswalnum                  400463c0 f i LIBCMTD:_wctype.obj
 0001:000453e0       __iswprint_l               400463e0 f i LIBCMTD:_wctype.obj
 0001:00045400       _iswprint                  40046400 f i LIBCMTD:_wctype.obj
 0001:00045420       __iswgraph_l               40046420 f i LIBCMTD:_wctype.obj
 0001:00045440       _iswgraph                  40046440 f i LIBCMTD:_wctype.obj
 0001:00045460       __iswcntrl_l               40046460 f i LIBCMTD:_wctype.obj
 0001:00045480       _iswcntrl                  40046480 f i LIBCMTD:_wctype.obj
 0001:000454a0       _iswascii                  400464a0 f i LIBCMTD:_wctype.obj
 0001:000454c0       __iswcsym_l                400464c0 f i LIBCMTD:_wctype.obj
 0001:00045500       ___iswcsym                 40046500 f i LIBCMTD:_wctype.obj
 0001:00045540       __iswcsymf_l               40046540 f i LIBCMTD:_wctype.obj
 0001:00045580       ___iswcsymf                40046580 f i LIBCMTD:_wctype.obj
 0001:000455c0       ____setlc_active_func      400465c0 f   LIBCMTD:setlocal.obj
 0001:000455d0       ____unguarded_readlc_active_add_func 400465d0 f   LIBCMTD:setlocal.obj
 0001:000455e0       __configthreadlocale       400465e0 f   LIBCMTD:setlocal.obj
 0001:000456f0       __locterm                  400466f0 f   LIBCMTD:setlocal.obj
 0001:00045790       __free_locale              40046790 f   LIBCMTD:setlocal.obj
 0001:000458d0       ___free_locale             400468d0 f   LIBCMTD:setlocal.obj
 0001:000458f0       __create_locale            400468f0 f   LIBCMTD:setlocal.obj
 0001:00045b20       ___create_locale           40046b20 f   LIBCMTD:setlocal.obj
 0001:00045b40       __get_current_locale       40046b40 f   LIBCMTD:setlocal.obj
 0001:00045c60       ___get_current_locale      40046c60 f   LIBCMTD:setlocal.obj
 0001:00045c70       _setlocale                 40046c70 f   LIBCMTD:setlocal.obj
 0001:00046b20       __expandlocale             40047b20 f   LIBCMTD:setlocal.obj
 0001:00046dd0       ___init_dummy              40047dd0 f   LIBCMTD:setlocal.obj
 0001:00046de0       __strcats                  40047de0 f   LIBCMTD:setlocal.obj
 0001:00046e60       ___lc_strtolc              40047e60 f   LIBCMTD:setlocal.obj
 0001:00047060       ___lc_lctostr              40048060 f   LIBCMTD:setlocal.obj
 0001:00047100       _strtol                    40048100 f   LIBCMTD:strtol.obj
 0001:00047630       __strtol_l                 40048630 f   LIBCMTD:strtol.obj
 0001:00047660       _strtoul                   40048660 f   LIBCMTD:strtol.obj
 0001:000476b0       __strtoul_l                400486b0 f   LIBCMTD:strtol.obj
 0001:000476e0       __strtoi64                 400486e0 f   LIBCMTD:strtoq.obj
 0001:00047c50       __strtoi64_l               40048c50 f   LIBCMTD:strtoq.obj
 0001:00047c80       __strtoui64                40048c80 f   LIBCMTD:strtoq.obj
 0001:00047cd0       __strtoui64_l              40048cd0 f   LIBCMTD:strtoq.obj
 0001:00047d00       __CItan_pentium4           40048d00 f   LIBCMTD:_tan_pentium4_.obj
 0001:00047d18       __tan_pentium4             40048d18     LIBCMTD:_tan_pentium4_.obj
 0001:00047f60       ?_RTC_GetSrcLine@@YAHPAEPA_WKPAH1K@Z 40048f60 f   LIBCMTD:_pdblkup_.obj
 0001:00048410       __except_handler4          40049410 f   LIBCMTD:chandler4.obj
 0001:00048630       __malloc_dbg               40049630 f   LIBCMTD:dbgheap.obj
 0001:00048660       __nh_malloc                40049660 f   LIBCMTD:dbgheap.obj
 0001:00048680       __nh_malloc_dbg            40049680 f   LIBCMTD:dbgheap.obj
 0001:00048760       __heap_alloc               40049760 f   LIBCMTD:dbgheap.obj
 0001:00048b40       __heap_alloc_dbg           40049b40 f   LIBCMTD:dbgheap.obj
 0001:00048ba0       __calloc_dbg_impl          40049ba0 f   LIBCMTD:dbgheap.obj
 0001:00048c20       __calloc_dbg               40049c20 f   LIBCMTD:dbgheap.obj
 0001:00048c80       __recalloc                 40049c80 f   LIBCMTD:dbgheap.obj
 0001:00048cb0       __realloc_dbg              40049cb0 f   LIBCMTD:dbgheap.obj
 0001:00049350       __recalloc_dbg             4004a350 f   LIBCMTD:dbgheap.obj
 0001:00049400       __expand                   4004a400 f   LIBCMTD:dbgheap.obj
 0001:00049430       __expand_dbg               4004a430 f   LIBCMTD:dbgheap.obj
 0001:00049540       __free_nolock              4004a540 f   LIBCMTD:dbgheap.obj
 0001:00049560       __free_dbg                 4004a560 f   LIBCMTD:dbgheap.obj
 0001:000495e0       __free_dbg_nolock          4004a5e0 f   LIBCMTD:dbgheap.obj
 0001:00049ac0       __msize                    4004aac0 f   LIBCMTD:dbgheap.obj
 0001:00049ae0       __msize_dbg                4004aae0 f   LIBCMTD:dbgheap.obj
 0001:00049cd0       __CrtSetBreakAlloc         4004acd0 f   LIBCMTD:dbgheap.obj
 0001:00049cf0       __CrtSetDbgBlockType       4004acf0 f   LIBCMTD:dbgheap.obj
 0001:00049de0       __CrtSetAllocHook          4004ade0 f   LIBCMTD:dbgheap.obj
 0001:00049e00       __CrtGetAllocHook          4004ae00 f   LIBCMTD:dbgheap.obj
 0001:00049e50       __CrtCheckMemory           4004ae50 f   LIBCMTD:dbgheap.obj
 0001:0004a2b0       __CrtSetDbgFlag            4004b2b0 f   LIBCMTD:dbgheap.obj
 0001:0004a400       __CrtDoForAllClientObjects 4004b400 f   LIBCMTD:dbgheap.obj
 0001:0004a520       __CrtIsValidPointer        4004b520 f   LIBCMTD:dbgheap.obj
 0001:0004a530       __CrtIsValidHeapPointer    4004b530 f   LIBCMTD:dbgheap.obj
 0001:0004a580       __CrtIsMemoryBlock         4004b580 f   LIBCMTD:dbgheap.obj
 0001:0004a6f0       __CrtReportBlockType       4004b6f0 f   LIBCMTD:dbgheap.obj
 0001:0004a720       __CrtSetDumpClient         4004b720 f   LIBCMTD:dbgheap.obj
 0001:0004a740       __CrtGetDumpClient         4004b740 f   LIBCMTD:dbgheap.obj
 0001:0004a750       __CrtMemCheckpoint         4004b750 f   LIBCMTD:dbgheap.obj
 0001:0004a970       __CrtMemDifference         4004b970 f   LIBCMTD:dbgheap.obj
 0001:0004ab90       __CrtMemDumpAllObjectsSince 4004bb90 f   LIBCMTD:dbgheap.obj
 0001:0004b080       __CrtDumpMemoryLeaks       4004c080 f   LIBCMTD:dbgheap.obj
 0001:0004b100       __CrtMemDumpStatistics     4004c100 f   LIBCMTD:dbgheap.obj
 0001:0004b210       __aligned_malloc           4004c210 f   LIBCMTD:dbgheap.obj
 0001:0004b230       __aligned_malloc_dbg       4004c230 f   LIBCMTD:dbgheap.obj
 0001:0004b260       __aligned_realloc          4004c260 f   LIBCMTD:dbgheap.obj
 0001:0004b290       __aligned_recalloc         4004c290 f   LIBCMTD:dbgheap.obj
 0001:0004b2c0       __aligned_realloc_dbg      4004c2c0 f   LIBCMTD:dbgheap.obj
 0001:0004b2f0       __aligned_recalloc_dbg     4004c2f0 f   LIBCMTD:dbgheap.obj
 0001:0004b320       __aligned_offset_malloc    4004c320 f   LIBCMTD:dbgheap.obj
 0001:0004b340       __aligned_offset_malloc_dbg 4004c340 f   LIBCMTD:dbgheap.obj
 0001:0004b500       __aligned_offset_realloc   4004c500 f   LIBCMTD:dbgheap.obj
 0001:0004b530       __aligned_offset_recalloc  4004c530 f   LIBCMTD:dbgheap.obj
 0001:0004b560       __aligned_offset_realloc_dbg 4004c560 f   LIBCMTD:dbgheap.obj
 0001:0004b850       __aligned_offset_recalloc_dbg 4004c850 f   LIBCMTD:dbgheap.obj
 0001:0004b910       __aligned_free             4004c910 f   LIBCMTD:dbgheap.obj
 0001:0004b930       __aligned_free_dbg         4004c930 f   LIBCMTD:dbgheap.obj
 0001:0004b9e0       __CrtSetDebugFillThreshold 4004c9e0 f   LIBCMTD:dbgheap.obj
 0001:0004ba00       __CrtSetCheckCount         4004ca00 f   LIBCMTD:dbgheap.obj
 0001:0004ba20       __CrtGetCheckCount         4004ca20 f   LIBCMTD:dbgheap.obj
 0001:0004ba30       __aligned_msize            4004ca30 f   LIBCMTD:dbgheap.obj
 0001:0004ba50       __aligned_msize_dbg        4004ca50 f   LIBCMTD:dbgheap.obj
 0001:0004bb60       __ioinit                   4004cb60 f   LIBCMTD:ioinit.obj
 0001:0004bf70       __ioterm                   4004cf70 f   LIBCMTD:ioinit.obj
 0001:0004c010       __setenvp                  4004d010 f   LIBCMTD:stdenvp.obj
 0001:0004c1b0       __setargv                  4004d1b0 f   LIBCMTD:stdargv.obj
 0001:0004c2d0       __set_pgmptr               4004d2d0 f i LIBCMTD:stdargv.obj
 0001:0004c640       ___crtGetEnvironmentStringsA 4004d640 f   LIBCMTD:a_env.obj
 0001:0004c740       __RTC_Initialize           4004d740 f   LIBCMTD:_initsect_.obj
 0001:0004c770       __RTC_Terminate            4004d770 f   LIBCMTD:_initsect_.obj
 0001:0004c7a0       __heap_init                4004d7a0 f   LIBCMTD:heapinit.obj
 0001:0004c7e0       __heap_term                4004d7e0 f   LIBCMTD:heapinit.obj
 0001:0004c800       __get_heap_handle          4004d800 f   LIBCMTD:heapinit.obj
 0001:0004c840       ___security_init_cookie    4004d840 f   LIBCMTD:gs_support.obj
 0001:0004c920       ___CppXcptFilter           4004d920 f   LIBCMTD:winxfltr.obj
 0001:0004c950       __XcptFilter               4004d950 f   LIBCMTD:winxfltr.obj
 0001:0004cbb0       _DllMain@12                4004dbb0 f   LIBCMTD:dllmain.obj
 0001:0004cbc0       __CrtSetReportHook2        4004dbc0 f   LIBCMTD:dbgrpt.obj
 0001:0004cef0       __CrtDbgReport             4004def0 f   LIBCMTD:dbgrpt.obj
 0001:0004cf30       __CrtDbgReportV            4004df30 f i LIBCMTD:dbgrpt.obj
 0001:0004cf60       ___crtMessageWindowA       4004df60 f   LIBCMTD:dbgrpt.obj
 0001:0004d360       __controlfp_s              4004e360 f   LIBCMTD:_contrlfp_.obj
[...]
 0001:0000f150       _UI_DrawOpponent           40010150 f   ui_main.obj
 0001:0000f360       _UI_DrawPlayerLogo         40010360 f   ui_main.obj
 0001:0000f490       _UI_DrawPlayerLogoMetal    40010490 f   ui_main.obj
 0001:0000f5c0       _UI_DrawPlayerLogoName     400105c0 f   ui_main.obj
 0001:0000f6f0       _UI_DrawOpponentLogo       400106f0 f   ui_main.obj
 0001:0000f820       _UI_DrawOpponentLogoMetal  40010820 f   ui_main.obj
 0001:0000f950       _UI_DrawOpponentLogoName   40010950 f   ui_main.obj
 0001:0000fa80       _UI_DrawAllMapsSelection   40010a80 f   ui_main.obj
 0001:0000fb30       _UI_DrawOpponentName       40010b30 f   ui_main.obj
 0001:0000fbb0       _UI_DrawBotName            40010bb0 f   ui_main.obj
 0001:0000fc90       _UI_DrawBotSkill           40010c90 f   ui_main.obj
 0001:0000fd20       _UI_DrawRedBlue            40010d20 f   ui_main.obj
 0001:0000fdb0       _UI_DrawCrosshair          40010db0 f   ui_main.obj
 0001:0000fe70       _UI_DrawSelectedPlayer     40010e70 f   ui_main.obj
 0001:0000ff30       _UI_BuildPlayerList        40010f30 f   ui_main.obj
 0001:00010280       _UI_DrawServerRefreshDate  40011280 f   ui_main.obj
 0001:00010480       _UI_DrawServerMOTD         40011480 f   ui_main.obj
 0001:00010780       _Text_Paint_Limit          40011780 f   ui_main.obj
 0001:00010a40       _UI_DrawKeyBindStatus      40011a40 f   ui_main.obj
 0001:00010af0       _UI_DrawGLInfo             40011af0 f   ui_main.obj
 0001:00010ee0       _UI_OwnerDrawVisible       40011ee0 f   ui_main.obj
 0001:000111c0       _UI_OwnerDrawHandleKey     400121c0 f   ui_main.obj
 0001:000114d0       _UI_Handicap_HandleKey     400124d0 f   ui_main.obj
 0001:000115c0       _UI_Effects_HandleKey      400125c0 f   ui_main.obj
 0001:00011690       _UI_ClanName_HandleKey     40012690 f   ui_main.obj
 0001:000117c0       _UI_GameType_HandleKey     400127c0 f   ui_main.obj
 0001:00011970       _UI_SetCapFragLimits       40012970 f   ui_main.obj
 0001:00011a70       _UI_NetGameType_HandleKey  40012a70 f   ui_main.obj
 0001:00011ba0       _UI_JoinGameType_HandleKey 40012ba0 f   ui_main.obj
 0001:00011c80       _UI_Skill_HandleKey        40012c80 f   ui_main.obj
 0001:00011d50       _UI_TeamName_HandleKey     40012d50 f   ui_main.obj
 0001:00011e70       _UI_TeamMember_HandleKey   40012e70 f   ui_main.obj
 0001:00011fc0       _UI_NetSource_HandleKey    40012fc0 f   ui_main.obj
 0001:000120e0       _UI_NetFilter_HandleKey    400130e0 f   ui_main.obj
 0001:000121a0       _UI_OpponentName_HandleKey 400131a0 f   ui_main.obj
 0001:00012220       _UI_NextOpponent           40013220 f   ui_main.obj
 0001:000122e0       _UI_PriorOpponent          400132e0 f   ui_main.obj
 0001:000123a0       _UI_BotName_HandleKey      400133a0 f   ui_main.obj
 0001:000124a0       _UI_BotSkill_HandleKey     400134a0 f   ui_main.obj
 0001:00012550       _UI_RedBlue_HandleKey      40013550 f   ui_main.obj
 0001:000125b0       _UI_Crosshair_HandleKey    400135b0 f   ui_main.obj
 0001:00012680       _UI_SelectedPlayer_HandleKey 40013680 f   ui_main.obj
 0001:000127a0       _UI_GetValue               400137a0 f   ui_main.obj
 0001:000127d0       _UI_LoadTeams              400137d0 f   ui_main.obj
 0001:000128f0       _UI_RunMenuScript          400138f0 f   ui_main.obj
 0001:00014280       _UI_LoadMods               40015280 f   ui_main.obj
 0001:00014400       _UI_LoadMovies             40015400 f   ui_main.obj
 0001:00014590       _UI_LoadDemos              40015590 f   ui_main.obj
 0001:000147a0       _UI_StartSkirmish          400157a0 f   ui_main.obj
 0001:00014e60       _UI_AIFromName             40015e60 f   ui_main.obj
 0001:00014ef0       _UI_SetNextMap             40015ef0 f   ui_main.obj
 0001:00014f80       _UI_Update                 40015f80 f   ui_main.obj
 0001:00015740       _UI_GetTeamColor           40016740 f   ui_main.obj
 0001:00015770       _UI_MapCountByGameType     40016770 f   ui_main.obj
 0001:00015870       _UI_HeadCountByTeam        40016870 f   ui_main.obj
 0001:00015b30       _UI_BuildServerDisplayList 40016b30 f   ui_main.obj
 0001:00015f00       _UI_RemoveServerFromDisplayList 40016f00 f   ui_main.obj
 0001:00015fa0       _UI_BinaryServerInsertion  40016fa0 f   ui_main.obj
 0001:000160a0       _UI_InsertServerIntoDisplayList 400170a0 f   ui_main.obj
 0001:00016130       _UI_FeederCount            40017130 f   ui_main.obj
 0001:00016330       _UI_GetIndexFromSelection  40017330 f   ui_main.obj
 0001:000163b0       _UI_FeederItemText         400173b0 f   ui_main.obj
 0001:00016920       _UI_FeederItemImage        40017920 f   ui_main.obj
 0001:00016ad0       _UI_ParseTeamInfo          40017ad0 f   ui_main.obj
 0001:00016c20       _Team_Parse                40017c20 f   ui_main.obj
 0001:00016ed0       _Character_Parse           40017ed0 f   ui_main.obj
 0001:00017160       _Alias_Parse               40018160 f   ui_main.obj
 0001:000172f0       _UI_Pause                  400182f0 f   ui_main.obj
 0001:00017370       _UI_PlayCinematic          40018370 f   ui_main.obj
 0001:000173e0       _UI_StopCinematic          400183e0 f   ui_main.obj
 0001:00017520       _UI_DrawCinematic          40018520 f   ui_main.obj
 0001:00017590       _UI_RunCinematicFrame      40018590 f   ui_main.obj
 0001:000175d0       _UI_BuildQ3Model_List      400185d0 f   ui_main.obj
 0001:00018590       _UI_DisplayDownloadInfo    40019590 f   ui_main.obj
 0001:00018b70       _UI_ReadableSize           40019b70 f   ui_main.obj
 0001:00018cf0       _UI_PrintTime              40019cf0 f   ui_main.obj
 0001:00018ec0       _UI_StopServerRefresh      40019ec0 f   ui_main.obj
 0001:00018f80       _UI_DoServerRefresh        40019f80 f   ui_main.obj
 0001:00019070       _UI_StartServerRefresh     4001a070 f   ui_main.obj
 0001:00019270       _UI_UpdatePendingPings     4001a270 f   ui_main.obj
 0001:00019e40       _UI_PositionEntityOnTag    4001ae40 f   ui_players.obj
 0001:00019fc0       _UI_PositionRotatedEntityOnTag 4001afc0 f   ui_players.obj
 0001:0001a160       _UI_PlayerAnimation        4001b160 f   ui_players.obj
 0001:0001a2c0       _UI_TorsoSequencing        4001b2c0 f   ui_players.obj
 0001:0001a3d0       _UI_PlayerInfo_SetWeapon   4001b3d0 f   ui_players.obj
 0001:0001a7e0       _UI_ForceTorsoAnim         4001b7e0 f   ui_players.obj
 0001:0001a860       _UI_SetTorsoAnim           4001b860 f   ui_players.obj
 0001:0001a8d0       _UI_LegsSequencing         4001b8d0 f   ui_players.obj
 0001:0001a9b0       _UI_ForceLegsAnim          4001b9b0 f   ui_players.obj
 0001:0001aa10       _UI_SetLegsAnim            4001ba10 f   ui_players.obj
 0001:0001aa80       _UI_RunLerpFrame           4001ba80 f   ui_players.obj
 0001:0001ac60       _UI_SetLerpFrameAnimation  4001bc60 f   ui_players.obj
 0001:0001ad00       _UI_PlayerAngles           4001bd00 f   ui_players.obj
 0001:0001afd0       _UI_SwingAngles            4001bfd0 f   ui_players.obj
 0001:0001b230       _UI_MovedirAdjustment      4001c230 f   ui_players.obj
 0001:0001b470       _UI_PlayerFloatSprite      4001c470 f   ui_players.obj
 0001:0001ba10       _UI_RegisterClientSkin     4001ca10 f   ui_players.obj
 0001:0001bcc0       _UI_FindClientHeadFile     4001ccc0 f   ui_players.obj
 0001:0001be90       _UI_FileExists             4001ce90 f   ui_players.obj
 0001:0001bef0       _UI_ParseAnimationFile     4001cef0 f   ui_players.obj
 0001:0001ca10       _hashForString             4001da10 f   ui_shared.obj
 0001:0001f010       _Menu_RunCloseScript       40020010 f   ui_shared.obj
 0001:00022e60       _Scroll_ListBox_AutoFunc   40023e60 f   ui_shared.obj
 0001:00022f30       _Scroll_ListBox_ThumbFunc  40023f30 f   ui_shared.obj
 0001:00023230       _Scroll_Slider_ThumbFunc   40024230 f   ui_shared.obj
 0001:00023c30       _Display_CloseCinematics   40024c30 f   ui_shared.obj
 0001:00023ca0       _Menu_CloseCinematics      40024ca0 f   ui_shared.obj
 0001:00023d70       _Window_CloseCinematic     40024d70 f   ui_shared.obj
 0001:00024630       _Item_CorrectedTextRect    40025630 f   ui_shared.obj
 0001:000260e0       _Controls_GetKeyAssignment 400270e0 f   ui_shared.obj
 0001:0002d480       _Menu_CacheContents        4002e480 f   ui_shared.obj
 0001:0002d550       _Window_CacheContents      4002e550 f   ui_shared.obj
 0001:0002d5f0       _Item_CacheContents        4002e5f0 f   ui_shared.obj
 0001:0002d640       _Menu_OverActiveItem       4002e640 f   ui_shared.obj
 0001:00031080       _swprintf                  40032080 f   LIBCMTD:wassert.obj
 0001:00032c50       _shortsort                 40033c50 f   LIBCMTD:qsort.obj
 0001:00032cc0       _swap                      40033cc0 f   LIBCMTD:qsort.obj
 0001:00032f80       ?failwithmessage@@YAXPAXHHPBD@Z 40033f80 f   LIBCMTD:_error_.obj
 0001:000331a0       ?DebuggerProbe@@YAHK@Z     400341a0 f   LIBCMTD:_error_.obj
 0001:00033230       ?DebuggerRuntime@@YAHKHPAXPB_W@Z 40034230 f   LIBCMTD:_error_.obj
 0001:00033510       ?_getMemBlockDataString@@YAXPAD00I@Z 40034510 f   LIBCMTD:_error_.obj
 0001:00033c30       ___DllMainCRTStartup       40034c30 f   LIBCMTD:dllcrt0.obj
 0001:000343d0       __cftoe2_l                 400353d0 f   LIBCMTD:cvt.obj
 0001:00035170       __cftof2_l                 40036170 f   LIBCMTD:cvt.obj
 0001:00035750       __shift                    40036750 f   LIBCMTD:cvt.obj
 0001:00037480       ?getSystemCP@@YAHH@Z       40038480 f   LIBCMTD:mbctype.obj
 0001:000378e0       ?CPtoLCID@@YAHH@Z          400388e0 f   LIBCMTD:mbctype.obj
 0001:00037960       ?setSBCS@@YAXPAUthreadmbcinfostruct@@@Z 40038960 f   LIBCMTD:mbctype.obj
 0001:00037a40       ?setSBUpLow@@YAXPAUthreadmbcinfostruct@@@Z 40038a40 f   LIBCMTD:mbctype.obj
 0001:0003aa10       __get_fname                4003ba10 f   LIBCMTD:_fpexcept_.obj
 0001:0003b830       _doexit                    4003c830 f   LIBCMTD:crt0dat.obj
 0001:0003bb20       __initterm                 4003cb20 f   LIBCMTD:crt0dat.obj
 0001:0003c150       _ctrlevent_capture@4       4003d150 f   LIBCMTD:winsig.obj
 0001:0003c550       _siglookup                 4003d550 f   LIBCMTD:winsig.obj
 0001:0003c870       _xtow_s@20                 4003d870 f   LIBCMTD:xtows.obj
 0001:0003cca0       @x64tow_s@24               4003dca0 f   LIBCMTD:xtows.obj
 0001:0003e200       _flsall                    4003f200 f   LIBCMTD:fflush.obj
 0001:00040cf0       _write_char                40041cf0 f   LIBCMTD:output.obj
 0001:00040da0       _write_multi_char          40041da0 f   LIBCMTD:output.obj
 0001:00040de0       _write_string              40041de0 f   LIBCMTD:output.obj
 0001:00044bc0       _write_char                40045bc0 f   LIBCMTD:outputp.obj
 0001:00044c70       _write_multi_char          40045c70 f   LIBCMTD:outputp.obj
 0001:00044cb0       _write_string              40045cb0 f   LIBCMTD:outputp.obj
 0001:00044df0       ?__crtLCMapStringA_stat@@YAHPAUlocaleinfo_struct@@KKPBDHPADHHH@Z 40045df0 f   LIBCMTD:a_map.obj
 0001:00045120       ?strncnt@@YAHPBDH@Z        40046120 f   LIBCMTD:a_map.obj
 0001:00045ad0       __copytlocinfo_nolock      40046ad0 f   LIBCMTD:setlocal.obj
 0001:00045ed0       _sync_legacy_variables_lk  40046ed0 f   LIBCMTD:setlocal.obj
 0001:00045f10       __setlocale_nolock         40046f10 f   LIBCMTD:setlocal.obj
 0001:00046300       __setlocale_set_cat        40047300 f   LIBCMTD:setlocal.obj
 0001:00046830       __setlocale_get_all        40047830 f   LIBCMTD:setlocal.obj
 0001:00047150       ?strtoxl@@YAKPAUlocaleinfo_struct@@PBDPAPBDHH@Z 40048150 f   LIBCMTD:strtol.obj
 0001:00047730       ?strtoxq@@YA_KPAUlocaleinfo_struct@@PBDPAPBDHH@Z 40048730 f   LIBCMTD:strtoq.obj
 0001:00048220       ?GetPdbDll@@YAPAUHINSTANCE__@@XZ 40049220 f   LIBCMTD:_pdblkup_.obj
 0001:000485d0       _ValidateLocalCookies      400495d0 f   LIBCMTD:chandler4.obj
 0001:000486e0       __nh_malloc_dbg_impl       400496e0 f   LIBCMTD:dbgheap.obj
 0001:00048780       __heap_alloc_dbg_impl      40049780 f   LIBCMTD:dbgheap.obj
 0001:00048d50       _realloc_help              40049d50 f   LIBCMTD:dbgheap.obj
 0001:00049e10       _CheckBytes                4004ae10 f   LIBCMTD:dbgheap.obj
 0001:0004abd0       ?_CrtMemDumpAllObjectsSince_stat@@YAXPBU_CrtMemState@@PAUlocaleinfo_struct@@@Z 4004bbd0 f   LIBCMTD:dbgheap.obj
 0001:0004aee0       __printMemBlockData        4004bee0 f   LIBCMTD:dbgheap.obj
 0001:0004c2e0       _parse_cmdline             4004d2e0 f   LIBCMTD:stdargv.obj
 0001:0004cb50       _xcptlookup                4004db50 f   LIBCMTD:winxfltr.obj
 0001:0004eb90       ?__crtGetStringTypeA_stat@@YAHPAUlocaleinfo_struct@@KPBDHPAGHHH@Z 4004fb90 f   LIBCMTD:a_str.obj
 0001:00050b50       ?CatchGuardHandler@@YA?AW4_EXCEPTION_DISPOSITION@@PAUEHExceptionRecord@@PAUCatchGuardRN@@PAX2@Z 40051b50 f   LIBCMTD:_trnsctrl_.obj
 0001:00050c90       ?TranslatorGuardHandler@@YA?AW4_EXCEPTION_DISPOSITION@@PAUEHExceptionRecord@@PAUTranslatorGuardRN@@PAX2@Z 40051c90 f   LIBCMTD:_trnsctrl_.obj
 0001:00050f70       __get_lc_time              40051f70 f   LIBCMTD:inittime.obj
 0001:00052550       _fix_grouping              40053550 f   LIBCMTD:initnum.obj
 0001:00052bf0       _fix_grouping              40053bf0 f   LIBCMTD:initmon.obj
 0001:00053170       __onexit_nolock            40054170 f   LIBCMTD:onexit.obj
 0001:00056420       _write_char                40057420 f   LIBCMTD:woutput.obj
 0001:00056480       _write_multi_char          40057480 f   LIBCMTD:woutput.obj
 0001:000564c0       _write_string              400574c0 f   LIBCMTD:woutput.obj
 0001:00057bd0       _write_char                40058bd0 f   LIBCMTD:woutputs.obj
 0001:00057c30       _write_multi_char          40058c30 f   LIBCMTD:woutputs.obj
 0001:00057c70       _write_string              40058c70 f   LIBCMTD:woutputs.obj
 0001:0005b5c0       _write_char                4005c5c0 f   LIBCMTD:woutputp.obj
 0001:0005b620       _write_multi_char          4005c620 f   LIBCMTD:woutputp.obj
 0001:0005b660       _write_string              4005c660 f   LIBCMTD:woutputp.obj
 0001:0005d6a0       _write_char                4005e6a0 f   LIBCMTD:outputs.obj
 0001:0005d750       _write_multi_char          4005e750 f   LIBCMTD:outputs.obj
 0001:0005d790       _write_string              4005e790 f   LIBCMTD:outputs.obj
 0001:0005e830       _cmpBYTE                   4005f830 f   LIBCMTD:memcmp.obj
 0001:0005e860       _cmpResult                 4005f860 f   LIBCMTD:memcmp.obj
 0001:0005e880       _unaligned_memcmp          4005f880 f   LIBCMTD:memcmp.obj
 0001:0005ef90       _cmpWORD                   4005ff90 f   LIBCMTD:memcmp.obj
 0001:0005f010       _cmpDWORD                  40060010 f   LIBCMTD:memcmp.obj
 0001:0005f770       _TranslateName             40060770 f   LIBCMTD:getqloc.obj
 0001:0005f800       _GetLcidFromLangCountry    40060800 f   LIBCMTD:getqloc.obj
 0001:0005f8c0       _LangCountryEnumProc@4     400608c0 f   LIBCMTD:getqloc.obj
 0001:0005fd00       _GetLcidFromLanguage       40060d00 f   LIBCMTD:getqloc.obj
 0001:0005fd80       _LanguageEnumProc@4        40060d80 f   LIBCMTD:getqloc.obj
 0001:0005ff20       _GetLcidFromCountry        40060f20 f   LIBCMTD:getqloc.obj
 0001:0005ff70       _CountryEnumProc@4         40060f70 f   LIBCMTD:getqloc.obj
 0001:00060070       _GetLcidFromDefault        40061070 f   LIBCMTD:getqloc.obj
 0001:000600b0       _ProcessCodePage           400610b0 f   LIBCMTD:getqloc.obj
 0001:00060160       _TestDefaultCountry        40061160 f   LIBCMTD:getqloc.obj
 0001:000601b0       _TestDefaultLanguage       400611b0 f   LIBCMTD:getqloc.obj
 0001:00060230       _LcidFromHexString         40061230 f   LIBCMTD:getqloc.obj
 0001:000602b0       _GetPrimaryLen             400612b0 f   LIBCMTD:getqloc.obj
 0001:000603f0       __unwind_handler4          400613f0 f   LIBCMTD:exsup4.obj
 0001:000606c0       __is_LFH_enabled           400616c0 f   LIBCMTD:expand.obj
 0001:00060f40       ?x_ismbbtype_l@@YAHPAUlocaleinfo_struct@@IHH@Z 40061f40 f   LIBCMTD:ismbbyte.obj
 0001:00061580       __abstract_cw              40062580 f   LIBCMTD:_ieee87_.obj
 0001:000616d0       __hw_cw                    400626d0 f   LIBCMTD:_ieee87_.obj
 0001:00061830       __abstract_sw              40062830 f   LIBCMTD:_ieee87_.obj
 0001:000618c0       ___statusfp_sse2           400628c0 f   LIBCMTD:_ieee87_.obj
 0001:000618e0       ___clearfp_sse2            400628e0 f   LIBCMTD:_ieee87_.obj
 0001:00061910       ___control87_sse2          40062910 f   LIBCMTD:_ieee87_.obj
 0001:00061990       ___abstract_cw_sse2        40062990 f   LIBCMTD:_ieee87_.obj
 0001:00061ae0       ___hw_cw_sse2              40062ae0 f   LIBCMTD:_ieee87_.obj
 0001:00061c30       ___abstract_sw_sse2        40062c30 f   LIBCMTD:_ieee87_.obj
 0001:00061cc0       ___fpreset_sse2            40062cc0 f   LIBCMTD:_ieee87_.obj
 0001:00063410       _xtoa_s@20                 40064410 f   LIBCMTD:xtoas.obj
 0001:00063830       @x64toa_s@24               40064830 f   LIBCMTD:xtoas.obj
 0001:000640e0       ?wcsncnt@@YAIPB_WI@Z       400650e0 f   LIBCMTD:wcstombs.obj
 0001:000649d0       ?FindHandler@@YAXPAUEHExceptionRecord@@PAUEHRegistrationNode@@PAU_CONTEXT@@PAXPBU_s_FuncInfo@@EH1@Z 400659d0 f   LIBCMTD:frame.obj
 0001:00064f20       ?FindHandlerForForeignException@@YAXPAUEHExceptionRecord@@PAUEHRegistrationNode@@PAU_CONTEXT@@PAXPBU_s_FuncInfo@@HH1@Z 40065f20 f   LIBCMTD:frame.obj
 0001:00065360       ?CatchIt@@YAXPAUEHExceptionRecord@@PAUEHRegistrationNode@@PAU_CONTEXT@@PAXPBU_s_FuncInfo@@PBU_s_HandlerType@@PBU_s_CatchableType@@PBU_s_TryBlockMapEntry@@H1E@Z 40066360 f   LIBCMTD:frame.obj
 0001:00065420       ?CallCatchBlock@@YAPAXPAUEHExceptionRecord@@PAUEHRegistrationNode@@PAU_CONTEXT@@PBU_s_FuncInfo@@PAXHK@Z 40066420 f   LIBCMTD:frame.obj
 0001:000656b0       ?ExFilterRethrow@@YAHPAU_EXCEPTION_POINTERS@@@Z 400666b0 f   LIBCMTD:frame.obj
 0001:00066320       ?IsInExceptionSpec@@YAEPAUEHExceptionRecord@@PBU_s_ESTypeList@@@Z 40067320 f   LIBCMTD:frame.obj
 0001:000663e0       ?CallUnexpected@@YAXPBU_s_ESTypeList@@@Z 400673e0 f   LIBCMTD:frame.obj
 0001:0006642e       __catch$?CallUnexpected@@YAXPBU_s_ESTypeList@@@Z$0 4006742e f   LIBCMTD:frame.obj
 0001:00066470       ?Is_bad_exception_allowed@@YAEPBU_s_ESTypeList@@@Z 40067470 f   LIBCMTD:frame.obj
 0001:00066640       ?__crtGetLocaleInfoA_stat@@YAHPAUlocaleinfo_struct@@KKPADH@Z 40067640 f   LIBCMTD:a_loc.obj
 0001:000679f0       ?wcstoxl@@YAKPB_WPAPB_WHH@Z 400689f0 f   LIBCMTD:wcstol.obj
 0001:00068710       __unwind_handler           40069710 f   LIBCMTD:exsup.obj
 0001:000737c0       ?und_strlen@@YAIPBD@Z      400747c0 f   LIBCMTD:undname.obj
 0001:00073800       ?und_memcpy@@YAXPADPBDI@Z  40074800 f   LIBCMTD:undname.obj
 0001:00073840       ?und_strncmp@@YAIPBD0I@Z   40074840 f   LIBCMTD:undname.obj
 0001:00073b20       __unwindfunclet$?getSystemCP@@YAHH@Z$0 40074b20 f   LIBCMTD:mbctype.obj
 0001:00073b28       __ehhandler$?getSystemCP@@YAHH@Z 40074b28 f   LIBCMTD:mbctype.obj
 0001:00073b50       __unwindfunclet$?strtoxl@@YAKPAUlocaleinfo_struct@@PBDPAPBDHH@Z$0 40074b50 f   LIBCMTD:strtol.obj
 0001:00073b58       __ehhandler$?strtoxl@@YAKPAUlocaleinfo_struct@@PBDPAPBDHH@Z 40074b58 f   LIBCMTD:strtol.obj
 0001:00073b80       __unwindfunclet$?strtoxq@@YA_KPAUlocaleinfo_struct@@PBDPAPBDHH@Z$0 40074b80 f   LIBCMTD:strtoq.obj
 0001:00073b88       __ehhandler$?strtoxq@@YA_KPAUlocaleinfo_struct@@PBDPAPBDHH@Z 40074b88 f   LIBCMTD:strtoq.obj
 0001:00073bb0       __unwindfunclet$?x_ismbbtype_l@@YAHPAUlocaleinfo_struct@@IHH@Z$0 40074bb0 f   LIBCMTD:ismbbyte.obj
 0001:00073bb8       __ehhandler$?x_ismbbtype_l@@YAHPAUlocaleinfo_struct@@IHH@Z 40074bb8 f   LIBCMTD:ismbbyte.obj
 0001:00073be0       __ehhandler$?CallUnexpected@@YAXPBU_s_ESTypeList@@@Z 40074be0 f   LIBCMTD:frame.obj
 0001:00073c00       __unwindfunclet$?make@DNameStatusNode@@SAPAV1@W4DNameStatus@@@Z$0 40074c00 f   LIBCMTD:undname.obj
 0001:00073c0e       __ehhandler$?make@DNameStatusNode@@SAPAV1@W4DNameStatus@@@Z 40074c0e f   LIBCMTD:undname.obj
