 cgamex86

 Timestamp is 4f1b3631 (Sat Jan 21 23:03:29 2012)

 Preferred load address is 30000000

 Start         Length     Name                   Class
 0001:00000000 0008b788H .text                   CODE
 0001:0008b790 00000109H .text$x                 CODE
 0002:00000000 0000013cH .idata$5                DATA
 0002:0000013c 00000004H .CRT$XCA                DATA
 0002:00000140 00000004H .CRT$XCZ                DATA
 0002:00000144 00000004H .CRT$XIA                DATA
 0002:00000148 00000014H .CRT$XIC                DATA
 0002:0000015c 00000004H .CRT$XIZ                DATA
 0002:00000160 00000004H .CRT$XPA                DATA
 0002:00000164 00000008H .CRT$XPX                DATA
 0002:0000016c 00000004H .CRT$XPXA               DATA
 0002:00000170 00000004H .CRT$XPZ                DATA
 0002:00000174 00000004H .CRT$XTA                DATA
 0002:00000178 00000004H .CRT$XTZ                DATA
 0002:00000180 00018428H .rdata                  DATA
 0002:000185a8 0000006dH .rdata$debug            DATA
 0002:00018618 000001c4H .rdata$r                DATA
 0002:000187e0 0000002cH .rdata$sxdata           DATA
 0002:0001880c 00000004H .rtc$IAA                DATA
 0002:00018810 00000004H .rtc$IZZ                DATA
 0002:00018814 00000004H .rtc$TAA                DATA
 0002:00018818 00000004H .rtc$TZZ                DATA
 0002:00018820 00000ae8H .xdata$x                DATA
 0002:00019308 00000014H .idata$2                DATA
 0002:0001931c 00000014H .idata$3                DATA
 0002:00019330 0000013cH .idata$4                DATA
 0002:0001946c 000005bcH .idata$6                DATA
 0002:00019a30 00000059H .edata                  DATA
 0003:00000000 00004544H .data                   DATA
 0003:00004560 0052ad10H .bss                    DATA

  Address         Publics by Value              Rva+Base       Lib:Object

 0000:00000000       __except_list              00000000     <absolute>
 0000:0000000b       ___safe_se_handler_count   0000000b     <absolute>
 0000:00000000       ___ImageBase               30000000     <linker-defined>
 0001:00000000       _BG_FindItemForPowerup     30001000 f   bg_misc.obj
 0001:00000080       _BG_FindItemForHoldable    30001080 f   bg_misc.obj
 0001:000000f0       _BG_FindItemForWeapon      300010f0 f   bg_misc.obj
 0001:00000150       _BG_FindItem               30001150 f   bg_misc.obj
 0001:000001a0       _BG_PlayerTouchesItem      300011a0 f   bg_misc.obj
 0001:00000270       _BG_CanItemBeGrabbed       30001270 f   bg_misc.obj
 0001:000005f0       _BG_EvaluateTrajectory     300015f0 f   bg_misc.obj
 0001:00000860       _BG_EvaluateTrajectoryDelta 30001860 f   bg_misc.obj
 0001:00000a20       _BG_AddPredictableEventToPlayerstate 30001a20 f   bg_misc.obj
 0001:00000ae0       _BG_TouchJumpPad           30001ae0 f   bg_misc.obj
 0001:00000be0       _BG_PlayerStateToEntityState 30001be0 f   bg_misc.obj
 0001:00000f40       _BG_PlayerStateToEntityStateExtraPolate 30001f40 f   bg_misc.obj
 0001:000012b0       _PM_AddEvent               300022b0 f   bg_pmove.obj
 0001:000012e0       _PM_AddTouchEnt            300022e0 f   bg_pmove.obj
 0001:00001370       _PM_ClipVelocity           30002370 f   bg_pmove.obj
 0001:00001410       _PM_UpdateViewAngles       30002410 f   bg_pmove.obj
 0001:00001510       _PmoveSingle               30002510 f   bg_pmove.obj
 0001:00004c90       _Pmove                     30005c90 f   bg_pmove.obj
 0001:00004d80       _PM_SlideMove              30005d80 f   bg_slidemove.obj
 0001:00005680       _PM_StepSlideMove          30006680 f   bg_slidemove.obj
 0001:00005ae0       _CG_TargetCommand_f        30006ae0 f   cg_consolecmds.obj
 0001:000067a0       _CG_ConsoleCommand         300077a0 f   cg_consolecmds.obj
 0001:00006810       _CG_InitConsoleCommands    30007810 f   cg_consolecmds.obj
 0001:000069b0       _CG_Text_Width             300079b0 f   cg_draw.obj
 0001:00006ae0       _CG_Text_Height            30007ae0 f   cg_draw.obj
 0001:00006c20       _CG_Text_PaintChar         30007c20 f   cg_draw.obj
 0001:00006ca0       _CG_Text_Paint             30007ca0 f   cg_draw.obj
 0001:00006f80       _CG_Draw3DModel            30007f80 f   cg_draw.obj
 0001:000070f0       _CG_DrawHead               300080f0 f   cg_draw.obj
 0001:00007280       _CG_DrawFlagModel          30008280 f   cg_draw.obj
 0001:00007450       _CG_DrawTeamBackground     30008450 f   cg_draw.obj
 0001:000074f0       _CG_AddLagometerFrameInfo  300084f0 f   cg_draw.obj
 0001:00007530       _CG_AddLagometerSnapshotInfo 30008530 f   cg_draw.obj
 0001:000075a0       _CG_CenterPrint            300085a0 f   cg_draw.obj
 0001:00007620       _CG_DrawTimedMenus         30008620 f   cg_draw.obj
 0001:00007680       _CG_DrawActive             30008680 f   cg_draw.obj
 0001:00009b30       _CG_AdjustFrom640          3000ab30 f   cg_drawtools.obj
 0001:00009b80       _CG_FillRect               3000ab80 f   cg_drawtools.obj
 0001:00009c00       _CG_DrawSides              3000ac00 f   cg_drawtools.obj
 0001:00009cd0       _CG_DrawTopBottom          3000acd0 f   cg_drawtools.obj
 0001:00009da0       _CG_DrawRect               3000ada0 f   cg_drawtools.obj
 0001:00009e20       _CG_DrawPic                3000ae20 f   cg_drawtools.obj
 0001:00009e90       _CG_DrawChar               3000ae90 f   cg_drawtools.obj
 0001:00009f80       _CG_DrawStringExt          3000af80 f   cg_drawtools.obj
 0001:0000a190       _CG_DrawBigString          3000b190 f   cg_drawtools.obj
 0001:0000a1f0       _CG_DrawBigStringColor     3000b1f0 f   cg_drawtools.obj
 0001:0000a230       _CG_DrawSmallString        3000b230 f   cg_drawtools.obj
 0001:0000a290       _CG_DrawSmallStringColor   3000b290 f   cg_drawtools.obj
 0001:0000a2d0       _CG_DrawStrlen             3000b2d0 f   cg_drawtools.obj
 0001:0000a350       _CG_TileClear              3000b350 f   cg_drawtools.obj
 0001:0000a4f0       _CG_FadeColor              3000b4f0 f   cg_drawtools.obj
 0001:0000a580       _CG_TeamColor              3000b580 f   cg_drawtools.obj
 0001:0000a5d0       _CG_GetColorForHealth      3000b5d0 f   cg_drawtools.obj
 0001:0000a6c0       _CG_ColorForHealth         3000b6c0 f   cg_drawtools.obj
 0001:0000a700       _UI_DrawBannerString       3000b700 f   cg_drawtools.obj
 0001:0000a9c0       _UI_ProportionalStringWidth 3000b9c0 f   cg_drawtools.obj
 0001:0000aa40       _UI_ProportionalSizeScale  3000ba40 f   cg_drawtools.obj
 0001:0000aa70       _UI_DrawProportionalString 3000ba70 f   cg_drawtools.obj
 0001:0000ae70       _CG_BubbleTrail            3000be70 f   cg_effects.obj
 0001:0000b150       _CG_SmokePuff              3000c150 f   cg_effects.obj
 0001:0000b3c0       _CG_SpawnEffect            3000c3c0 f   cg_effects.obj
 0001:0000b4c0       _CG_LightningBoltBeam      3000c4c0 f   cg_effects.obj
 0001:0000b570       _CG_KamikazeEffect         3000c570 f   cg_effects.obj
 0001:0000b670       _CG_ObeliskExplode         3000c670 f   cg_effects.obj
 0001:0000b720       _CG_ObeliskPain            3000c720 f   cg_effects.obj
 0001:0000b7a0       _CG_InvulnerabilityImpact  3000c7a0 f   cg_effects.obj
 0001:0000b8e0       _CG_InvulnerabilityJuiced  3000c8e0 f   cg_effects.obj
 0001:0000ba10       _CG_ScorePlum              3000ca10 f   cg_effects.obj
 0001:0000bba0       _CG_MakeExplosion          3000cba0 f   cg_effects.obj
 0001:0000bdc0       _CG_Bleed                  3000cdc0 f   cg_effects.obj
 0001:0000beb0       _CG_LaunchGib              3000ceb0 f   cg_effects.obj
 0001:0000bff0       _CG_GibPlayer              3000cff0 f   cg_effects.obj
 0001:0000c780       _CG_LaunchExplode          3000d780 f   cg_effects.obj
 0001:0000c8c0       _CG_BigExplode             3000d8c0 f   cg_effects.obj
 0001:0000ccb0       _CG_PositionEntityOnTag    3000dcb0 f   cg_ents.obj
 0001:0000cde0       _CG_PositionRotatedEntityOnTag 3000dde0 f   cg_ents.obj
 0001:0000cf20       _CG_SetEntitySoundPosition 3000df20 f   cg_ents.obj
 0001:0000cfd0       _CG_Beam                   3000dfd0 f   cg_ents.obj
 0001:0000d090       _CG_AdjustPositionForMover 3000e090 f   cg_ents.obj
 0001:0000d200       _CG_AddPacketEntities      3000e200 f   cg_ents.obj
 0001:0000f130       _CG_PlaceString            30010130 f   cg_event.obj
 0001:0000f280       _CG_PainEvent              30010280 f   cg_event.obj
 0001:0000f330       _CG_EntityEvent            30010330 f   cg_event.obj
 0001:000115e0       _CG_CheckEvents            300125e0 f   cg_event.obj
 0001:000116d0       _CG_LoadingString          300126d0 f   cg_info.obj
 0001:00011700       _CG_LoadingItem            30012700 f   cg_info.obj
 0001:00011770       _CG_LoadingClient          30012770 f   cg_info.obj
 0001:00011960       _CG_DrawInformation        30012960 f   cg_info.obj
 0001:00011f60       _CG_InitLocalEntities      30012f60 f   cg_localents.obj
 0001:00011fe0       _CG_FreeLocalEntity        30012fe0 f   cg_localents.obj
 0001:00012040       _CG_AllocLocalEntity       30013040 f   cg_localents.obj
 0001:000120c0       _CG_BloodTrail             300130c0 f   cg_localents.obj
 0001:000121b0       _CG_FragmentBounceMark     300131b0 f   cg_localents.obj
 0001:000122e0       _CG_FragmentBounceSound    300132e0 f   cg_localents.obj
 0001:00012360       _CG_ReflectVelocity        30013360 f   cg_localents.obj
 0001:00012500       _CG_AddFragment            30013500 f   cg_localents.obj
 0001:00012740       _CG_AddFadeRGB             30013740 f   cg_localents.obj
 0001:00012850       _CG_AddKamikaze            30013850 f   cg_localents.obj
 0001:00013310       _CG_AddInvulnerabilityImpact 30014310 f   cg_localents.obj
 0001:00013340       _CG_AddInvulnerabilityJuiced 30014340 f   cg_localents.obj
 0001:00013420       _CG_AddRefEntity           30014420 f   cg_localents.obj
 0001:00013460       _CG_AddScorePlum           30014460 f   cg_localents.obj
 0001:00013950       _CG_AddLocalEntities       30014950 f   cg_localents.obj
 0001:00014130       _vmMain                    30015130 f   cg_main.obj
 0001:00014240       _CG_RegisterCvars          30015240 f   cg_main.obj
 0001:00014350       _CG_UpdateCvars            30015350 f   cg_main.obj
 0001:00014460       _CG_CrosshairPlayer        30015460 f   cg_main.obj
 0001:00014490       _CG_LastAttacker           30015490 f   cg_main.obj
 0001:000144c0       _CG_Printf                 300154c0 f   cg_main.obj
 0001:00014520       _CG_Error                  30015520 f   cg_main.obj
 0001:00014580       _Com_Error                 30015580 f   cg_main.obj
 0001:000145e0       _Com_Printf                300155e0 f   cg_main.obj
 0001:00014640       _CG_Argv                   30015640 f   cg_main.obj
 0001:00014670       _CG_BuildSpectatorString   30015670 f   cg_main.obj
 0001:00014730       _CG_ConfigString           30015730 f   cg_main.obj
 0001:00014770       _CG_StartMusic             30015770 f   cg_main.obj
 0001:000147f0       _CG_GetMenuBuffer          300157f0 f   cg_main.obj
 0001:000148b0       _CG_Asset_Parse            300158b0 f   cg_main.obj
 0001:00014df0       _CG_ParseMenu              30015df0 f   cg_main.obj
 0001:00014f00       _CG_Load_Menu              30015f00 f   cg_main.obj
 0001:00014f90       _CG_LoadMenus              30015f90 f   cg_main.obj
 0001:00015130       _CG_SetScoreSelection      30016130 f   cg_main.obj
 0001:00015240       _CG_Text_PaintWithCursor   30016240 f   cg_main.obj
 0001:00015290       _CG_LoadHudMenu            30016290 f   cg_main.obj
 0001:00015c70       _CG_AssetCache             30016c70 f   cg_main.obj
 0001:00015dc0       _CG_Init                   30016dc0 f   cg_main.obj
 0001:00017c50       _CG_Shutdown               30018c50 f   cg_main.obj
 0001:00017c60       _CG_InitMarkPolys          30018c60 f   cg_marks.obj
 0001:00017ce0       _CG_FreeMarkPoly           30018ce0 f   cg_marks.obj
 0001:00017d40       _CG_AllocMark              30018d40 f   cg_marks.obj
 0001:00017de0       _CG_ImpactMark             30018de0 f   cg_marks.obj
 0001:00018380       _CG_AddMarks               30019380 f   cg_marks.obj
 0001:00018660       _CG_ClearParticles         30019660 f   cg_marks.obj
 0001:00018790       _CG_AddParticleToScene     30019790 f   cg_marks.obj
 0001:0001b0f0       _CG_AddParticles           3001c0f0 f   cg_marks.obj
 0001:0001b4f0       _CG_ParticleSnowFlurry     3001c4f0 f   cg_marks.obj
 0001:0001b7b0       _CG_ParticleSnow           3001c7b0 f   cg_marks.obj
 0001:0001ba10       _CG_ParticleBubble         3001ca10 f   cg_marks.obj
 0001:0001bcc0       _CG_ParticleSmoke          3001ccc0 f   cg_marks.obj
 0001:0001be90       _CG_ParticleBulletDebris   3001ce90 f   cg_marks.obj
 0001:0001bff0       _CG_ParticleExplosion      3001cff0 f   cg_marks.obj
 0001:0001c1e0       _CG_AddParticleShrapnel    3001d1e0 f   cg_marks.obj
 0001:0001c1f0       _CG_NewParticleArea        3001d1f0 f   cg_marks.obj
 0001:0001c430       _CG_SnowLink               3001d430 f   cg_marks.obj
 0001:0001c4b0       _CG_ParticleImpactSmokePuff 3001d4b0 f   cg_marks.obj
 0001:0001c670       _CG_Particle_Bleed         3001d670 f   cg_marks.obj
 0001:0001c810       _CG_Particle_OilParticle   3001d810 f   cg_marks.obj
 0001:0001c9d0       _CG_Particle_OilSlick      3001d9d0 f   cg_marks.obj
 0001:0001cc10       _CG_OilSlickRemove         3001dc10 f   cg_marks.obj
 0001:0001cca0       _ValidBloodPool            3001dca0 f   cg_marks.obj
 0001:0001cea0       _CG_BloodPool              3001dea0 f   cg_marks.obj
 0001:0001d080       _CG_ParticleBloodCloud     3001e080 f   cg_marks.obj
 0001:0001d310       _CG_ParticleSparks         3001e310 f   cg_marks.obj
 0001:0001d5c0       _CG_ParticleDust           3001e5c0 f   cg_marks.obj
 0001:0001d9e0       _CG_ParticleMisc           3001e9e0 f   cg_marks.obj
 0001:0001db00       _CG_InitTeamChat           3001eb00 f   cg_newDraw.obj
 0001:0001db50       _CG_SetPrintString         3001eb50 f   cg_newDraw.obj
 0001:0001dba0       _CG_CheckOrderPending      3001eba0 f   cg_newDraw.obj
 0001:0001dd80       _CG_GetSelectedPlayer      3001ed80 f   cg_newDraw.obj
 0001:0001ddc0       _CG_SelectNextPlayer       3001edc0 f   cg_newDraw.obj
 0001:0001dec0       _CG_SelectPrevPlayer       3001eec0 f   cg_newDraw.obj
 0001:0001df10       _CG_StatusHandle           3001ef10 f   cg_newDraw.obj
 0001:0001dfc0       _CG_GetValue               3001efc0 f   cg_newDraw.obj
 0001:0001e120       _CG_OtherTeamHasFlag       3001f120 f   cg_newDraw.obj
 0001:0001e1d0       _CG_YourTeamHasFlag        3001f1d0 f   cg_newDraw.obj
 0001:0001e280       _CG_OwnerDrawVisible       3001f280 f   cg_newDraw.obj
 0001:0001e4d0       _CG_GetKillerText          3001f4d0 f   cg_newDraw.obj
 0001:0001e510       _CG_GetGameStatusText      3001f510 f   cg_newDraw.obj
 0001:0001e5f0       _CG_GameTypeString         3001f5f0 f   cg_newDraw.obj
 0001:0001e670       _CG_DrawNewTeamInfo        3001f670 f   cg_newDraw.obj
 0001:0001ed70       _CG_DrawTeamSpectators     3001fd70 f   cg_newDraw.obj
 0001:0001f010       _CG_DrawMedal              30020010 f   cg_newDraw.obj
 0001:0001f260       _CG_OwnerDraw              30020260 f   cg_newDraw.obj
 0001:00022630       _CG_MouseEvent             30023630 f   cg_newDraw.obj
 0001:00022750       _CG_HideTeamMenu           30023750 f   cg_newDraw.obj
 0001:00022780       _CG_ShowTeamMenu           30023780 f   cg_newDraw.obj
 0001:000227a0       _CG_EventHandling          300237a0 f   cg_newDraw.obj
 0001:000227d0       _CG_KeyEvent               300237d0 f   cg_newDraw.obj
 0001:00022880       _CG_ClientNumFromName      30023880 f   cg_newDraw.obj
 0001:000228f0       _CG_ShowResponseHead       300238f0 f   cg_newDraw.obj
 0001:00022930       _CG_RunMenuScript          30023930 f   cg_newDraw.obj
 0001:00022940       _CG_GetTeamColor           30023940 f   cg_newDraw.obj
 0001:000229e0       _CG_CustomSound            300239e0 f   cg_players.obj
 0001:00022aa0       _CG_NewClientInfo          30023aa0 f   cg_players.obj
 0001:00024dd0       _CG_LoadDeferredPlayers    30025dd0 f   cg_players.obj
 0001:00024e60       _CG_AddRefEntityWithPowerups 30025e60 f   cg_players.obj
 0001:00024f50       _CG_LightVerts             30025f50 f   cg_players.obj
 0001:00025130       _CG_Player                 30026130 f   cg_players.obj
 0001:00028590       _CG_ResetPlayerEntity      30029590 f   cg_players.obj
 0001:00028800       _CG_CheckAmmo              30029800 f   cg_playerstate.obj
 0001:00028920       _CG_DamageFeedback         30029920 f   cg_playerstate.obj
 0001:00028c60       _CG_Respawn                30029c60 f   cg_playerstate.obj
 0001:00028ca0       _CG_CheckPlayerstateEvents 30029ca0 f   cg_playerstate.obj
 0001:00028df0       _CG_CheckChangedPredictableEvents 30029df0 f   cg_playerstate.obj
 0001:00028ee0       _CG_CheckLocalSounds       30029ee0 f   cg_playerstate.obj
 0001:00029570       _CG_TransitionPlayerState  3002a570 f   cg_playerstate.obj
 0001:000296a0       _CG_BuildSolidList         3002a6a0 f   cg_predict.obj
 0001:000297b0       _CG_Trace                  3002a7b0 f   cg_predict.obj
 0001:00029a90       _CG_PointContents          3002aa90 f   cg_predict.obj
 0001:00029b50       _CG_PredictPlayerState     3002ab50 f   cg_predict.obj
 0001:0002a6d0       _CG_DrawOldScoreboard      3002b6d0 f   cg_scoreboard.obj
 0001:0002b600       _CG_DrawOldTourneyScoreboard 3002c600 f   cg_scoreboard.obj
 0001:0002b9a0       _CG_ParseServerinfo        3002c9a0 f   cg_servercmds.obj
 0001:0002bb50       _CG_SetConfigValues        3002cb50 f   cg_servercmds.obj
 0001:0002bc20       _CG_ShaderStateChanged     3002cc20 f   cg_servercmds.obj
 0001:0002be00       _CG_ParseVoiceChats        3002ce00 f   cg_servercmds.obj
 0001:0002c2c0       _CG_LoadVoiceChats         3002d2c0 f   cg_servercmds.obj
 0001:0002c390       _CG_HeadModelVoiceChats    3002d390 f   cg_servercmds.obj
 0001:0002c4e0       _CG_GetVoiceChat           3002d4e0 f   cg_servercmds.obj
 0001:0002c5b0       _CG_VoiceChatListForClient 3002d5b0 f   cg_servercmds.obj
 0001:0002c970       _CG_PlayVoiceChat          3002d970 f   cg_servercmds.obj
 0001:0002cd00       _CG_PlayBufferedVoiceChats 3002dd00 f   cg_servercmds.obj
 0001:0002cd80       _CG_AddBufferedVoiceChat   3002dd80 f   cg_servercmds.obj
 0001:0002ce10       _CG_VoiceChatLocal         3002de10 f   cg_servercmds.obj
 0001:0002cf90       _CG_VoiceChat              3002df90 f   cg_servercmds.obj
 0001:0002d080       _CG_ExecuteNewServerCommands 3002e080 f   cg_servercmds.obj
 0001:0002def0       _CG_SetInitialSnapshot     3002eef0 f   cg_snapshot.obj
 0001:0002e0b0       _CG_ProcessSnapshots       3002f0b0 f   cg_snapshot.obj
 0001:0002e680       _dllEntry                  3002f680 f   cg_syscalls.obj
 0001:0002e6a0       _PASSFLOAT                 3002f6a0 f   cg_syscalls.obj
 0001:0002e6c0       _trap_Print                3002f6c0 f   cg_syscalls.obj
 0001:0002e6e0       _trap_Error                3002f6e0 f   cg_syscalls.obj
 0001:0002e700       _trap_Milliseconds         3002f700 f   cg_syscalls.obj
 0001:0002e720       _trap_Cvar_Register        3002f720 f   cg_syscalls.obj
 0001:0002e750       _trap_Cvar_Update          3002f750 f   cg_syscalls.obj
 0001:0002e770       _trap_Cvar_Set             3002f770 f   cg_syscalls.obj
 0001:0002e7a0       _trap_Cvar_VariableStringBuffer 3002f7a0 f   cg_syscalls.obj
 0001:0002e7d0       _trap_Argc                 3002f7d0 f   cg_syscalls.obj
 0001:0002e7f0       _trap_Argv                 3002f7f0 f   cg_syscalls.obj
 0001:0002e820       _trap_Args                 3002f820 f   cg_syscalls.obj
 0001:0002e850       _trap_FS_FOpenFile         3002f850 f   cg_syscalls.obj
 0001:0002e880       _trap_FS_Read              3002f880 f   cg_syscalls.obj
 0001:0002e8b0       _trap_FS_Write             3002f8b0 f   cg_syscalls.obj
 0001:0002e8e0       _trap_FS_FCloseFile        3002f8e0 f   cg_syscalls.obj
 0001:0002e900       _trap_FS_Seek              3002f900 f   cg_syscalls.obj
 0001:0002e930       _trap_SendConsoleCommand   3002f930 f   cg_syscalls.obj
 0001:0002e950       _trap_AddCommand           3002f950 f   cg_syscalls.obj
 0001:0002e970       _trap_RemoveCommand        3002f970 f   cg_syscalls.obj
 0001:0002e990       _trap_SendClientCommand    3002f990 f   cg_syscalls.obj
 0001:0002e9b0       _trap_UpdateScreen         3002f9b0 f   cg_syscalls.obj
 0001:0002e9d0       _trap_CM_LoadMap           3002f9d0 f   cg_syscalls.obj
 0001:0002e9f0       _trap_CM_NumInlineModels   3002f9f0 f   cg_syscalls.obj
 0001:0002ea10       _trap_CM_InlineModel       3002fa10 f   cg_syscalls.obj
 0001:0002ea30       _trap_CM_TempBoxModel      3002fa30 f   cg_syscalls.obj
 0001:0002ea60       _trap_CM_TempCapsuleModel  3002fa60 f   cg_syscalls.obj
 0001:0002ea90       _trap_CM_PointContents     3002fa90 f   cg_syscalls.obj
 0001:0002eac0       _trap_CM_TransformedPointContents 3002fac0 f   cg_syscalls.obj
 0001:0002eaf0       _trap_CM_BoxTrace          3002faf0 f   cg_syscalls.obj
 0001:0002eb30       _trap_CM_CapsuleTrace      3002fb30 f   cg_syscalls.obj
 0001:0002eb70       _trap_CM_TransformedBoxTrace 3002fb70 f   cg_syscalls.obj
 0001:0002ebb0       _trap_CM_TransformedCapsuleTrace 3002fbb0 f   cg_syscalls.obj
 0001:0002ebf0       _trap_CM_MarkFragments     3002fbf0 f   cg_syscalls.obj
 0001:0002ec30       _trap_S_StartSound         3002fc30 f   cg_syscalls.obj
 0001:0002ec60       _trap_S_StartLocalSound    3002fc60 f   cg_syscalls.obj
 0001:0002ec90       _trap_S_ClearLoopingSounds 3002fc90 f   cg_syscalls.obj
 0001:0002ecb0       _trap_S_AddLoopingSound    3002fcb0 f   cg_syscalls.obj
 0001:0002ece0       _trap_S_AddRealLoopingSound 3002fce0 f   cg_syscalls.obj
 0001:0002ed10       _trap_S_StopLoopingSound   3002fd10 f   cg_syscalls.obj
 0001:0002ed30       _trap_S_UpdateEntityPosition 3002fd30 f   cg_syscalls.obj
 0001:0002ed60       _trap_S_Respatialize       3002fd60 f   cg_syscalls.obj
 0001:0002ed90       _trap_S_RegisterSound      3002fd90 f   cg_syscalls.obj
 0001:0002edc0       _trap_S_StartBackgroundTrack 3002fdc0 f   cg_syscalls.obj
 0001:0002edf0       _trap_R_LoadWorldMap       3002fdf0 f   cg_syscalls.obj
 0001:0002ee10       _trap_R_RegisterModel      3002fe10 f   cg_syscalls.obj
 0001:0002ee30       _trap_R_RegisterSkin       3002fe30 f   cg_syscalls.obj
 0001:0002ee50       _trap_R_RegisterShader     3002fe50 f   cg_syscalls.obj
 0001:0002ee70       _trap_R_RegisterShaderNoMip 3002fe70 f   cg_syscalls.obj
 0001:0002ee90       _trap_R_RegisterFont       3002fe90 f   cg_syscalls.obj
 0001:0002eec0       _trap_R_ClearScene         3002fec0 f   cg_syscalls.obj
 0001:0002eee0       _trap_R_AddRefEntityToScene 3002fee0 f   cg_syscalls.obj
 0001:0002ef00       _trap_R_AddPolyToScene     3002ff00 f   cg_syscalls.obj
 0001:0002ef30       _trap_R_AddPolysToScene    3002ff30 f   cg_syscalls.obj
 0001:0002ef60       _trap_R_LightForPoint      3002ff60 f   cg_syscalls.obj
 0001:0002ef90       _trap_R_AddLightToScene    3002ff90 f   cg_syscalls.obj
 0001:0002eff0       _trap_R_AddAdditiveLightToScene 3002fff0 f   cg_syscalls.obj
 0001:0002f050       _trap_R_RenderScene        30030050 f   cg_syscalls.obj
 0001:0002f070       _trap_R_SetColor           30030070 f   cg_syscalls.obj
 0001:0002f090       _trap_R_DrawStretchPic     30030090 f   cg_syscalls.obj
 0001:0002f130       _trap_R_ModelBounds        30030130 f   cg_syscalls.obj
 0001:0002f160       _trap_R_LerpTag            30030160 f   cg_syscalls.obj
 0001:0002f1a0       _trap_R_RemapShader        300301a0 f   cg_syscalls.obj
 0001:0002f1d0       _trap_GetGlconfig          300301d0 f   cg_syscalls.obj
 0001:0002f1f0       _trap_GetGameState         300301f0 f   cg_syscalls.obj
 0001:0002f210       _trap_GetCurrentSnapshotNumber 30030210 f   cg_syscalls.obj
 0001:0002f240       _trap_GetSnapshot          30030240 f   cg_syscalls.obj
 0001:0002f270       _trap_GetServerCommand     30030270 f   cg_syscalls.obj
 0001:0002f290       _trap_GetCurrentCmdNumber  30030290 f   cg_syscalls.obj
 0001:0002f2b0       _trap_GetUserCmd           300302b0 f   cg_syscalls.obj
 0001:0002f2e0       _trap_SetUserCmdValue      300302e0 f   cg_syscalls.obj
 0001:0002f310       _testPrintInt              30030310 f   cg_syscalls.obj
 0001:0002f340       _testPrintFloat            30030340 f   cg_syscalls.obj
 0001:0002f370       _trap_MemoryRemaining      30030370 f   cg_syscalls.obj
 0001:0002f390       _trap_Key_IsDown           30030390 f   cg_syscalls.obj
 0001:0002f3b0       _trap_Key_GetCatcher       300303b0 f   cg_syscalls.obj
 0001:0002f3d0       _trap_Key_SetCatcher       300303d0 f   cg_syscalls.obj
 0001:0002f3f0       _trap_Key_GetKey           300303f0 f   cg_syscalls.obj
 0001:0002f410       _trap_PC_AddGlobalDefine   30030410 f   cg_syscalls.obj
 0001:0002f430       _trap_PC_LoadSource        30030430 f   cg_syscalls.obj
 0001:0002f450       _trap_PC_FreeSource        30030450 f   cg_syscalls.obj
 0001:0002f470       _trap_PC_ReadToken         30030470 f   cg_syscalls.obj
 0001:0002f4a0       _trap_PC_SourceFileAndLine 300304a0 f   cg_syscalls.obj
 0001:0002f4d0       _trap_S_StopBackgroundTrack 300304d0 f   cg_syscalls.obj
 0001:0002f4f0       _trap_RealTime             300304f0 f   cg_syscalls.obj
 0001:0002f510       _trap_SnapVector           30030510 f   cg_syscalls.obj
 0001:0002f530       _trap_CIN_PlayCinematic    30030530 f   cg_syscalls.obj
 0001:0002f570       _trap_CIN_StopCinematic    30030570 f   cg_syscalls.obj
 0001:0002f590       _trap_CIN_RunCinematic     30030590 f   cg_syscalls.obj
 0001:0002f5b0       _trap_CIN_DrawCinematic    300305b0 f   cg_syscalls.obj
 0001:0002f5d0       _trap_CIN_SetExtents       300305d0 f   cg_syscalls.obj
 0001:0002f600       _trap_GetEntityToken       30030600 f   cg_syscalls.obj
 0001:0002f630       _trap_R_inPVS              30030630 f   cg_syscalls.obj
 0001:0002f660       _CG_TestModel_f            30030660 f   cg_view.obj
 0001:0002f7a0       _CG_TestGun_f              300307a0 f   cg_view.obj
 0001:0002f7d0       _CG_TestModelNextFrame_f   300307d0 f   cg_view.obj
 0001:0002f800       _CG_TestModelPrevFrame_f   30030800 f   cg_view.obj
 0001:0002f840       _CG_TestModelNextSkin_f    30030840 f   cg_view.obj
 0001:0002f870       _CG_TestModelPrevSkin_f    30030870 f   cg_view.obj
 0001:0002f8b0       _CG_ZoomDown_f             300308b0 f   cg_view.obj
 0001:0002f8e0       _CG_ZoomUp_f               300308e0 f   cg_view.obj
 0001:0002f910       _CG_AddBufferedSound       30030910 f   cg_view.obj
 0001:0002f970       _CG_DrawActiveFrame        30030970 f   cg_view.obj
 0001:00030e80       _CG_RailTrail              30031e80 f   cg_weapons.obj
 0001:000316d0       _CG_GrappleTrail           300326d0 f   cg_weapons.obj
 0001:00031910       _CG_RegisterWeapon         30032910 f   cg_weapons.obj
 0001:00033530       _CG_RegisterItemVisuals    30034530 f   cg_weapons.obj
 0001:00033640       _CG_AddPlayerWeapon        30034640 f   cg_weapons.obj
 0001:00034360       _CG_AddViewWeapon          30035360 f   cg_weapons.obj
 0001:00034900       _CG_DrawWeaponSelect       30035900 f   cg_weapons.obj
 0001:00034b40       _CG_NextWeapon_f           30035b40 f   cg_weapons.obj
 0001:00034c40       _CG_PrevWeapon_f           30035c40 f   cg_weapons.obj
 0001:00034cf0       _CG_Weapon_f               30035cf0 f   cg_weapons.obj
 0001:00034d70       _CG_OutOfAmmoChange        30035d70 f   cg_weapons.obj
 0001:00034dc0       _CG_FireWeapon             30035dc0 f   cg_weapons.obj
 0001:00034f10       _CG_MissileHitWall         30035f10 f   cg_weapons.obj
 0001:00035520       _CG_MissileHitPlayer       30036520 f   cg_weapons.obj
 0001:000355a0       _CG_ShotgunFire            300365a0 f   cg_weapons.obj
 0001:00035a60       _CG_Tracer                 30036a60 f   cg_weapons.obj
 0001:00035e50       _CG_Bullet                 30036e50 f   cg_weapons.obj
 0001:000361c0       _Q_rand                    300371c0 f   q_math.obj
 0001:000361f0       _Q_random                  300371f0 f   q_math.obj
 0001:00036230       _Q_crandom                 30037230 f   q_math.obj
 0001:00036260       _ClampChar                 30037260 f   q_math.obj
 0001:00036290       _ClampShort                30037290 f   q_math.obj
 0001:000362d0       _DirToByte                 300372d0 f   q_math.obj
 0001:00036370       _ByteToDir                 30037370 f   q_math.obj
 0001:000363f0       _ColorBytes3               300373f0 f   q_math.obj
 0001:00036480       _ColorBytes4               30037480 f   q_math.obj
 0001:00036530       _NormalizeColor            30037530 f   q_math.obj
 0001:000365e0       _PlaneFromPoints           300375e0 f   q_math.obj
 0001:00036730       _RotatePointAroundVector   30037730 f   q_math.obj
 0001:00036970       _RotateAroundDirection     30037970 f   q_math.obj
 0001:00036a10       _vectoangles               30037a10 f   q_math.obj
 0001:00036b90       _AnglesToAxis              30037b90 f   q_math.obj
 0001:00036c10       _AxisClear                 30037c10 f   q_math.obj
 0001:00036c70       _AxisCopy                  30037c70 f   q_math.obj
 0001:00036cf0       _ProjectPointOnPlane       30037cf0 f   q_math.obj
 0001:00036e00       _MakeNormalVectors         30037e00 f   q_math.obj
 0001:00036ed0       _VectorRotate              30037ed0 f   q_math.obj
 0001:00036f70       _Q_rsqrt                   30037f70 f   q_math.obj
 0001:00036fd0       _Q_fabs                    30037fd0 f   q_math.obj
 0001:00037000       _LerpAngle                 30038000 f   q_math.obj
 0001:00037060       _AngleSubtract             30038060 f   q_math.obj
 0001:000370c0       _AnglesSubtract            300380c0 f   q_math.obj
 0001:00037140       _AngleMod                  30038140 f   q_math.obj
 0001:00037180       _AngleNormalize360         30038180 f   q_math.obj
 0001:000371c0       _AngleNormalize180         300381c0 f   q_math.obj
 0001:00037210       _AngleDelta                30038210 f   q_math.obj
 0001:00037240       _SetPlaneSignbits          30038240 f   q_math.obj
 0001:000372a0       _BoxOnPlaneSide            300382a0 f   q_math.obj
 0001:000374e0       _RadiusFromBounds          300384e0 f   q_math.obj
 0001:000375e0       _ClearBounds               300385e0 f   q_math.obj
 0001:00037640       _AddPointToBounds          30038640 f   q_math.obj
 0001:00037710       _BoundsIntersect           30038710 f   q_math.obj
 0001:000377b0       _BoundsIntersectSphere     300387b0 f   q_math.obj
 0001:00037860       _BoundsIntersectPoint      30038860 f   q_math.obj
 0001:00037900       _VectorNormalize           30038900 f   q_math.obj
 0001:000379a0       _VectorNormalize2          300389a0 f   q_math.obj
 0001:00037a50       __VectorMA                 30038a50 f   q_math.obj
 0001:00037aa0       __DotProduct               30038aa0 f   q_math.obj
 0001:00037ae0       __VectorSubtract           30038ae0 f   q_math.obj
 0001:00037b30       __VectorAdd                30038b30 f   q_math.obj
 0001:00037b80       __VectorCopy               30038b80 f   q_math.obj
 0001:00037bc0       __VectorScale              30038bc0 f   q_math.obj
 0001:00037c00       _Vector4Scale              30038c00 f   q_math.obj
 0001:00037c50       _Q_log2                    30038c50 f   q_math.obj
 0001:00037c80       _MatrixMultiply            30038c80 f   q_math.obj
 0001:00037e30       _AngleVectors              30038e30 f   q_math.obj
 0001:00038020       _PerpendicularVector       30039020 f   q_math.obj
 0001:000380f0       _Q_isnan                   300390f0 f   q_math.obj
 0001:00038130       _Com_Clamp                 30039130 f   q_shared.obj
 0001:00038170       _COM_SkipPath              30039170 f   q_shared.obj
 0001:000381c0       _COM_GetExtension          300391c0 f   q_shared.obj
 0001:00038230       _COM_StripExtension        30039230 f   q_shared.obj
 0001:000382b0       _COM_DefaultExtension      300392b0 f   q_shared.obj
 0001:00038350       _ShortSwap                 30039350 f   q_shared.obj
 0001:00038390       _ShortNoSwap               30039390 f   q_shared.obj
 0001:000383b0       _LongSwap                  300393b0 f   q_shared.obj
 0001:00038420       _LongNoSwap                30039420 f   q_shared.obj
 0001:00038440       _Long64Swap                30039440 f   q_shared.obj
 0001:00038490       _Long64NoSwap              30039490 f   q_shared.obj
 0001:000384b0       _FloatSwap                 300394b0 f   q_shared.obj
 0001:000384e0       _FloatNoSwap               300394e0 f   q_shared.obj
 0001:00038500       _COM_BeginParseSession     30039500 f   q_shared.obj
 0001:00038540       _COM_GetCurrentParseLine   30039540 f   q_shared.obj
 0001:00038560       _COM_Parse                 30039560 f   q_shared.obj
 0001:00038580       _COM_ParseError            30039580 f   q_shared.obj
 0001:000385d0       _COM_ParseWarning          300395d0 f   q_shared.obj
 0001:00038620       _COM_Compress              30039620 f   q_shared.obj
 0001:00038820       _COM_ParseExt              30039820 f   q_shared.obj
 0001:00038aa0       _COM_MatchToken            30039aa0 f   q_shared.obj
 0001:00038af0       _SkipBracedSection         30039af0 f   q_shared.obj
 0001:00038b60       _SkipRestOfLine            30039b60 f   q_shared.obj
 0001:00038bb0       _Parse1DMatrix             30039bb0 f   q_shared.obj
 0001:00038c30       _Parse2DMatrix             30039c30 f   q_shared.obj
 0001:00038ca0       _Parse3DMatrix             30039ca0 f   q_shared.obj
 0001:00038d20       _Q_isprint                 30039d20 f   q_shared.obj
 0001:00038d50       _Q_islower                 30039d50 f   q_shared.obj
 0001:00038d80       _Q_isupper                 30039d80 f   q_shared.obj
 0001:00038db0       _Q_isalpha                 30039db0 f   q_shared.obj
 0001:00038df0       _Q_strrchr                 30039df0 f   q_shared.obj
 0001:00038e50       _Q_strnchr                 30039e50 f   q_shared.obj
 0001:00038eb0       _Q_strnrchr                30039eb0 f   q_shared.obj
 0001:00038f20       _Q_strncpyz                30039f20 f   q_shared.obj
 0001:00038f90       _Q_stricmpn                30039f90 f   q_shared.obj
 0001:00039060       _Q_strncmp                 3003a060 f   q_shared.obj
 0001:000390d0       _Q_stricmp                 3003a0d0 f   q_shared.obj
 0001:00039110       _Q_strlwr                  3003a110 f   q_shared.obj
 0001:00039160       _Q_strupr                  3003a160 f   q_shared.obj
 0001:000391b0       _Q_strcat                  3003a1b0 f   q_shared.obj
 0001:00039200       _Q_stristr                 3003a200 f   q_shared.obj
 0001:000392d0       _Q_PrintStrlen             3003a2d0 f   q_shared.obj
 0001:00039360       _Q_CleanStr                3003a360 f   q_shared.obj
 0001:00039400       _Com_sprintf               3003a400 f   q_shared.obj
 0001:000394a0       _va                        3003a4a0 f   q_shared.obj
 0001:00039500       _Com_TruncateLongString    3003a500 f   q_shared.obj
 0001:00039580       _Info_ValueForKey          3003a580 f   q_shared.obj
 0001:00039720       _Info_NextPair             3003a720 f   q_shared.obj
 0001:00039800       _Info_RemoveKey            3003a800 f   q_shared.obj
 0001:00039980       _Info_RemoveKey_Big        3003a980 f   q_shared.obj
 0001:00039b10       _Info_Validate             3003ab10 f   q_shared.obj
 0001:00039b60       _Info_SetValueForKey       3003ab60 f   q_shared.obj
 0001:00039cd0       _Info_SetValueForKey_Big   3003acd0 f   q_shared.obj
 0001:00039e40       _Com_SkipCharset           3003ae40 f   q_shared.obj
 0001:00039ee0       _Com_SkipTokens            3003aee0 f   q_shared.obj
 0001:00039f80       _UI_Alloc                  3003af80 f   ui_shared.obj
 0001:0003a000       _UI_InitMemory             3003b000 f   ui_shared.obj
 0001:0003a030       _UI_OutOfMemory            3003b030 f   ui_shared.obj
 0001:0003a050       _String_Alloc              3003b050 f   ui_shared.obj
 0001:0003a220       _String_Report             3003b220 f   ui_shared.obj
 0001:0003a2d0       _String_Init               3003b2d0 f   ui_shared.obj
 0001:0003a360       _PC_SourceWarning          3003b360 f   ui_shared.obj
 0001:0003a400       _PC_SourceError            3003b400 f   ui_shared.obj
 0001:0003a4a0       _LerpColor                 3003b4a0 f   ui_shared.obj
 0001:0003a540       _Float_Parse               3003b540 f   ui_shared.obj
 0001:0003a590       _PC_Float_Parse            3003b590 f   ui_shared.obj
 0001:0003a660       _Color_Parse               3003b660 f   ui_shared.obj
 0001:0003a6c0       _PC_Color_Parse            3003b6c0 f   ui_shared.obj
 0001:0003a720       _Int_Parse                 3003b720 f   ui_shared.obj
 0001:0003a770       _PC_Int_Parse              3003b770 f   ui_shared.obj
 0001:0003a840       _Rect_Parse                3003b840 f   ui_shared.obj
 0001:0003a8c0       _PC_Rect_Parse             3003b8c0 f   ui_shared.obj
 0001:0003a940       _String_Parse              3003b940 f   ui_shared.obj
 0001:0003a990       _PC_String_Parse           3003b990 f   ui_shared.obj
 0001:0003a9f0       _PC_Script_Parse           3003b9f0 f   ui_shared.obj
 0001:0003ab40       _Init_Display              3003bb40 f   ui_shared.obj
 0001:0003ab60       _GradientBar_Paint         3003bb60 f   ui_shared.obj
 0001:0003abe0       _Window_Init               3003bbe0 f   ui_shared.obj
 0001:0003ac40       _Fade                      3003bc40 f   ui_shared.obj
 0001:0003ad00       _Window_Paint              3003bd00 f   ui_shared.obj
 0001:0003b2d0       _Item_SetScreenCoords      3003c2d0 f   ui_shared.obj
 0001:0003b360       _Item_UpdatePosition       3003c360 f   ui_shared.obj
 0001:0003b3e0       _Menu_UpdatePosition       3003c3e0 f   ui_shared.obj
 0001:0003b470       _Menu_PostParse            3003c470 f   ui_shared.obj
 0001:0003b4d0       _Menu_ClearFocus           3003c4d0 f   ui_shared.obj
 0001:0003b5b0       _IsVisible                 3003c5b0 f   ui_shared.obj
 0001:0003b5f0       _Rect_ContainsPoint        3003c5f0 f   ui_shared.obj
 0001:0003b670       _Menu_ItemsMatchingGroup   3003c670 f   ui_shared.obj
 0001:0003b710       _Menu_GetMatchingItemByNumber 3003c710 f   ui_shared.obj
 0001:0003b7d0       _Script_SetColor           3003c7d0 f   ui_shared.obj
 0001:0003b8d0       _Script_SetAsset           3003c8d0 f   ui_shared.obj
 0001:0003b8f0       _Script_SetBackground      3003c8f0 f   ui_shared.obj
 0001:0003b930       _Menu_FindItemByName       3003c930 f   ui_shared.obj
 0001:0003b9b0       _Script_SetTeamColor       3003c9b0 f   ui_shared.obj
 0001:0003ba20       _Script_SetItemColor       3003ca20 f   ui_shared.obj
 0001:0003bba0       _Menu_ShowItemByName       3003cba0 f   ui_shared.obj
 0001:0003bc50       _Menu_FadeItemByName       3003cc50 f   ui_shared.obj
 0001:0003bcf0       _Menus_FindByName          3003ccf0 f   ui_shared.obj
 0001:0003bd60       _Menus_ShowByName          3003cd60 f   ui_shared.obj
 0001:0003bda0       _Menus_OpenByName          3003cda0 f   ui_shared.obj
 0001:0003bdc0       _Menus_CloseByName         3003cdc0 f   ui_shared.obj
 0001:0003be70       _Menus_CloseAll            3003ce70 f   ui_shared.obj
 0001:0003bee0       _Script_Show               3003cee0 f   ui_shared.obj
 0001:0003bf20       _Script_Hide               3003cf20 f   ui_shared.obj
 0001:0003bf60       _Script_FadeIn             3003cf60 f   ui_shared.obj
 0001:0003bfa0       _Script_FadeOut            3003cfa0 f   ui_shared.obj
 0001:0003bfe0       _Script_Open               3003cfe0 f   ui_shared.obj
 0001:0003c010       _Script_ConditionalOpen    3003d010 f   ui_shared.obj
 0001:0003c0a0       _Script_Close              3003d0a0 f   ui_shared.obj
 0001:0003c0d0       _Menu_TransitionItemByName 3003d0d0 f   ui_shared.obj
 0001:0003c220       _Script_Transition         3003d220 f   ui_shared.obj
 0001:0003c310       _Menu_OrbitItemByName      3003d310 f   ui_shared.obj
 0001:0003c3c0       _Script_Orbit              3003d3c0 f   ui_shared.obj
 0001:0003c490       _Script_SetFocus           3003d490 f   ui_shared.obj
 0001:0003c560       _Script_SetPlayerModel     3003d560 f   ui_shared.obj
 0001:0003c5a0       _Script_SetPlayerHead      3003d5a0 f   ui_shared.obj
 0001:0003c5e0       _Script_SetCvar            3003d5e0 f   ui_shared.obj
 0001:0003c630       _Script_Exec               3003d630 f   ui_shared.obj
 0001:0003c680       _Script_Play               3003d680 f   ui_shared.obj
 0001:0003c6d0       _Script_playLooped         3003d6d0 f   ui_shared.obj
 0001:0003c720       _Item_RunScript            3003d720 f   ui_shared.obj
 0001:0003c890       _Item_EnableShowViaCvar    3003d890 f   ui_shared.obj
 0001:0003ca40       _Item_SetFocus             3003da40 f   ui_shared.obj
 0001:0003cc90       _Item_ListBox_MaxScroll    3003dc90 f   ui_shared.obj
 0001:0003cd30       _Item_ListBox_ThumbPosition 3003dd30 f   ui_shared.obj
 0001:0003ce40       _Item_ListBox_ThumbDrawPosition 3003de40 f   ui_shared.obj
 0001:0003cfc0       _Item_Slider_ThumbPosition 3003dfc0 f   ui_shared.obj
 0001:0003d0c0       _Item_Slider_OverSlider    3003e0c0 f   ui_shared.obj
 0001:0003d150       _Item_ListBox_OverLB       3003e150 f   ui_shared.obj
 0001:0003d460       _Item_ListBox_MouseEnter   3003e460 f   ui_shared.obj
 0001:0003d620       _Item_MouseEnter           3003e620 f   ui_shared.obj
 0001:0003d7e0       _Item_MouseLeave           3003e7e0 f   ui_shared.obj
 0001:0003d860       _Menu_HitTest              3003e860 f   ui_shared.obj
 0001:0003d8d0       _Item_SetMouseOver         3003e8d0 f   ui_shared.obj
 0001:0003d910       _Item_OwnerDraw_HandleKey  3003e910 f   ui_shared.obj
 0001:0003d960       _Item_ListBox_HandleKey    3003e960 f   ui_shared.obj
 0001:0003e160       _Item_YesNo_HandleKey      3003f160 f   ui_shared.obj
 0001:0003e250       _Item_Multi_CountSettings  3003f250 f   ui_shared.obj
 0001:0003e280       _Item_Multi_FindCvarByValue 3003f280 f   ui_shared.obj
 0001:0003e3c0       _Item_Multi_Setting        3003f3c0 f   ui_shared.obj
 0001:0003e520       _Item_Multi_HandleKey      3003f520 f   ui_shared.obj
 0001:0003e6c0       _Item_TextField_HandleKey  3003f6c0 f   ui_shared.obj
 0001:0003ed20       _Item_StartCapture         3003fd20 f   ui_shared.obj
 0001:0003f370       _Item_StopCapture          30040370 f   ui_shared.obj
 0001:0003f380       _Item_Slider_HandleKey     30040380 f   ui_shared.obj
 0001:0003f560       _Item_HandleKey            30040560 f   ui_shared.obj
 0001:0003f710       _Item_Action               30040710 f   ui_shared.obj
 0001:0003f740       _Menu_SetPrevCursorItem    30040740 f   ui_shared.obj
 0001:0003f8a0       _Menu_SetNextCursorItem    300408a0 f   ui_shared.obj
 0001:0003fa00       _Menus_Activate            30040a00 f   ui_shared.obj
 0001:0003fbf0       _Display_VisibleMenuCount  30040bf0 f   ui_shared.obj
 0001:0003fc50       _Menus_HandleOOBClick      30040c50 f   ui_shared.obj
 0001:0003fdc0       _Menu_HandleKey            30040dc0 f   ui_shared.obj
 0001:00040410       _ToWindowCoords            30041410 f   ui_shared.obj
 0001:00040470       _Rect_ToWindowCoords       30041470 f   ui_shared.obj
 0001:000404a0       _Item_SetTextExtents       300414a0 f   ui_shared.obj
 0001:00040740       _Item_TextColor            30041740 f   ui_shared.obj
 0001:000409b0       _Item_Text_AutoWrapped_Paint 300419b0 f   ui_shared.obj
 0001:00040d70       _Item_Text_Wrapped_Paint   30041d70 f   ui_shared.obj
 0001:00040fd0       _Item_Text_Paint           30041fd0 f   ui_shared.obj
 0001:00041130       _Item_TextField_Paint      30042130 f   ui_shared.obj
 0001:00041450       _Item_YesNo_Paint          30042450 f   ui_shared.obj
 0001:00041690       _Item_Multi_Paint          30042690 f   ui_shared.obj
 0001:00041870       _Controls_GetConfig        30042870 f   ui_shared.obj
 0001:000419a0       _Controls_SetConfig        300429a0 f   ui_shared.obj
 0001:00041a60       _Controls_SetDefaults      30042a60 f   ui_shared.obj
 0001:00041ac0       _BindingIDFromName         30042ac0 f   ui_shared.obj
 0001:00041b20       _BindingFromName           30042b20 f   ui_shared.obj
 0001:00041c30       _Item_Slider_Paint         30042c30 f   ui_shared.obj
 0001:00041e50       _Item_Bind_Paint           30042e50 f   ui_shared.obj
 0001:000420d0       _Display_KeyBindPending    300430d0 f   ui_shared.obj
 0001:000420f0       _Item_Bind_HandleKey       300430f0 f   ui_shared.obj
 0001:00042450       _AdjustFrom640             30043450 f   ui_shared.obj
 0001:000424c0       _Item_Model_Paint          300434c0 f   ui_shared.obj
 0001:00042840       _Item_Image_Paint          30043840 f   ui_shared.obj
 0001:000428d0       _Item_ListBox_Paint        300438d0 f   ui_shared.obj
 0001:000432e0       _Item_OwnerDraw_Paint      300442e0 f   ui_shared.obj
 0001:00043810       _Item_Paint                30044810 f   ui_shared.obj
 0001:00043ea0       _Menu_Init                 30044ea0 f   ui_shared.obj
 0001:00043f20       _Menu_GetFocusedItem       30044f20 f   ui_shared.obj
 0001:00043f80       _Menu_GetFocused           30044f80 f   ui_shared.obj
 0001:00043ff0       _Menu_ScrollFeeder         30044ff0 f   ui_shared.obj
 0001:00044080       _Menu_SetFeederSelection   30045080 f   ui_shared.obj
 0001:00044190       _Menus_AnyFullScreenVisible 30045190 f   ui_shared.obj
 0001:000441f0       _Menus_ActivateByName      300451f0 f   ui_shared.obj
 0001:000442d0       _Item_Init                 300452d0 f   ui_shared.obj
 0001:00044310       _Menu_HandleMouseMove      30045310 f   ui_shared.obj
 0001:00044560       _Menu_Paint                30045560 f   ui_shared.obj
 0001:00044700       _Item_ValidateTypeData     30045700 f   ui_shared.obj
 0001:00044850       _KeywordHash_Key           30045850 f   ui_shared.obj
 0001:00044900       _KeywordHash_Add           30045900 f   ui_shared.obj
 0001:00044940       _KeywordHash_Find          30045940 f   ui_shared.obj
 0001:000449a0       _ItemParse_name            300459a0 f   ui_shared.obj
 0001:000449d0       _ItemParse_focusSound      300459d0 f   ui_shared.obj
 0001:00044a20       _ItemParse_text            30045a20 f   ui_shared.obj
 0001:00044a60       _ItemParse_group           30045a60 f   ui_shared.obj
 0001:00044a90       _ItemParse_asset_model     30045a90 f   ui_shared.obj
 0001:00044b10       _ItemParse_asset_shader    30045b10 f   ui_shared.obj
 0001:00044b60       _ItemParse_model_origin    30045b60 f   ui_shared.obj
 0001:00044be0       _ItemParse_model_fovx      30045be0 f   ui_shared.obj
 0001:00044c30       _ItemParse_model_fovy      30045c30 f   ui_shared.obj
 0001:00044c80       _ItemParse_model_rotation  30045c80 f   ui_shared.obj
 0001:00044cd0       _ItemParse_model_angle     30045cd0 f   ui_shared.obj
 0001:00044d20       _ItemParse_rect            30045d20 f   ui_shared.obj
 0001:00044d50       _ItemParse_style           30045d50 f   ui_shared.obj
 0001:00044d80       _ItemParse_decoration      30045d80 f   ui_shared.obj
 0001:00044db0       _ItemParse_notselectable   30045db0 f   ui_shared.obj
 0001:00044e00       _ItemParse_wrapped         30045e00 f   ui_shared.obj
 0001:00044e30       _ItemParse_autowrapped     30045e30 f   ui_shared.obj
 0001:00044e60       _ItemParse_horizontalscroll 30045e60 f   ui_shared.obj
 0001:00044e90       _ItemParse_type            30045e90 f   ui_shared.obj
 0001:00044ed0       _ItemParse_elementwidth    30045ed0 f   ui_shared.obj
 0001:00044f20       _ItemParse_elementheight   30045f20 f   ui_shared.obj
 0001:00044f70       _ItemParse_feeder          30045f70 f   ui_shared.obj
 0001:00044fb0       _ItemParse_elementtype     30045fb0 f   ui_shared.obj
 0001:00045010       _ItemParse_columns         30046010 f   ui_shared.obj
 0001:00045120       _ItemParse_border          30046120 f   ui_shared.obj
 0001:00045150       _ItemParse_bordersize      30046150 f   ui_shared.obj
 0001:00045180       _ItemParse_visible         30046180 f   ui_shared.obj
 0001:000451d0       _ItemParse_ownerdraw       300461d0 f   ui_shared.obj
 0001:00045210       _ItemParse_align           30046210 f   ui_shared.obj
 0001:00045250       _ItemParse_textalign       30046250 f   ui_shared.obj
 0001:00045290       _ItemParse_textalignx      30046290 f   ui_shared.obj
 0001:000452d0       _ItemParse_textaligny      300462d0 f   ui_shared.obj
 0001:00045310       _ItemParse_textscale       30046310 f   ui_shared.obj
 0001:00045350       _ItemParse_textstyle       30046350 f   ui_shared.obj
 0001:00045390       _ItemParse_backcolor       30046390 f   ui_shared.obj
 0001:000453f0       _ItemParse_forecolor       300463f0 f   ui_shared.obj
 0001:00045460       _ItemParse_bordercolor     30046460 f   ui_shared.obj
 0001:000454c0       _ItemParse_outlinecolor    300464c0 f   ui_shared.obj
 0001:00045500       _ItemParse_background      30046500 f   ui_shared.obj
 0001:00045550       _ItemParse_cinematic       30046550 f   ui_shared.obj
 0001:00045580       _ItemParse_doubleClick     30046580 f   ui_shared.obj
 0001:000455e0       _ItemParse_onFocus         300465e0 f   ui_shared.obj
 0001:00045620       _ItemParse_leaveFocus      30046620 f   ui_shared.obj
 0001:00045660       _ItemParse_mouseEnter      30046660 f   ui_shared.obj
 0001:000456a0       _ItemParse_mouseExit       300466a0 f   ui_shared.obj
 0001:000456e0       _ItemParse_mouseEnterText  300466e0 f   ui_shared.obj
 0001:00045720       _ItemParse_mouseExitText   30046720 f   ui_shared.obj
 0001:00045760       _ItemParse_action          30046760 f   ui_shared.obj
 0001:000457a0       _ItemParse_special         300467a0 f   ui_shared.obj
 0001:000457e0       _ItemParse_cvarTest        300467e0 f   ui_shared.obj
 0001:00045820       _ItemParse_cvar            30046820 f   ui_shared.obj
 0001:000458a0       _ItemParse_maxChars        300468a0 f   ui_shared.obj
 0001:00045900       _ItemParse_maxPaintChars   30046900 f   ui_shared.obj
 0001:00045960       _ItemParse_cvarFloat       30046960 f   ui_shared.obj
 0001:00045a00       _ItemParse_cvarStrList     30046a00 f   ui_shared.obj
 0001:00045bc0       _ItemParse_cvarFloatList   30046bc0 f   ui_shared.obj
 0001:00045d60       _ItemParse_addColorRange   30046d60 f   ui_shared.obj
 0001:00045e10       _ItemParse_ownerdrawFlag   30046e10 f   ui_shared.obj
 0001:00045e50       _ItemParse_enableCvar      30046e50 f   ui_shared.obj
 0001:00045e90       _ItemParse_disableCvar     30046e90 f   ui_shared.obj
 0001:00045ed0       _ItemParse_showCvar        30046ed0 f   ui_shared.obj
 0001:00045f10       _ItemParse_hideCvar        30046f10 f   ui_shared.obj
 0001:00045f50       _Item_SetupKeywordHash     30046f50 f   ui_shared.obj
 0001:00045fb0       _Item_Parse                30046fb0 f   ui_shared.obj
 0001:000460e0       _Item_InitControls         300470e0 f   ui_shared.obj
 0001:00046150       _MenuParse_font            30047150 f   ui_shared.obj
 0001:000461d0       _MenuParse_name            300471d0 f   ui_shared.obj
 0001:00046220       _MenuParse_fullscreen      30047220 f   ui_shared.obj
 0001:00046260       _MenuParse_rect            30047260 f   ui_shared.obj
 0001:000462a0       _MenuParse_style           300472a0 f   ui_shared.obj
 0001:000462e0       _MenuParse_visible         300472e0 f   ui_shared.obj
 0001:00046330       _MenuParse_onOpen          30047330 f   ui_shared.obj
 0001:00046370       _MenuParse_onClose         30047370 f   ui_shared.obj
 0001:000463b0       _MenuParse_onESC           300473b0 f   ui_shared.obj
 0001:000463f0       _MenuParse_border          300473f0 f   ui_shared.obj
 0001:00046430       _MenuParse_borderSize      30047430 f   ui_shared.obj
 0001:00046470       _MenuParse_backcolor       30047470 f   ui_shared.obj
 0001:000464d0       _MenuParse_forecolor       300474d0 f   ui_shared.obj
 0001:00046540       _MenuParse_bordercolor     30047540 f   ui_shared.obj
 0001:000465a0       _MenuParse_focuscolor      300475a0 f   ui_shared.obj
 0001:00046600       _MenuParse_disablecolor    30047600 f   ui_shared.obj
 0001:00046660       _MenuParse_outlinecolor    30047660 f   ui_shared.obj
 0001:000466a0       _MenuParse_background      300476a0 f   ui_shared.obj
 0001:000466f0       _MenuParse_cinematic       300476f0 f   ui_shared.obj
 0001:00046730       _MenuParse_ownerdrawFlag   30047730 f   ui_shared.obj
 0001:00046780       _MenuParse_ownerdraw       30047780 f   ui_shared.obj
 0001:000467c0       _MenuParse_popup           300477c0 f   ui_shared.obj
 0001:000467f0       _MenuParse_outOfBounds     300477f0 f   ui_shared.obj
 0001:00046820       _MenuParse_soundLoop       30047820 f   ui_shared.obj
 0001:00046860       _MenuParse_fadeClamp       30047860 f   ui_shared.obj
 0001:000468a0       _MenuParse_fadeAmount      300478a0 f   ui_shared.obj
 0001:000468e0       _MenuParse_fadeCycle       300478e0 f   ui_shared.obj
 0001:00046920       _MenuParse_itemDef         30047920 f   ui_shared.obj
 0001:00046a00       _Menu_SetupKeywordHash     30047a00 f   ui_shared.obj
 0001:00046a60       _Menu_Parse                30047a60 f   ui_shared.obj
 0001:00046ba0       _Menu_New                  30047ba0 f   ui_shared.obj
 0001:00046c10       _Menu_Count                30047c10 f   ui_shared.obj
 0001:00046c30       _Menu_PaintAll             30047c30 f   ui_shared.obj
 0001:00046d20       _Menu_Reset                30047d20 f   ui_shared.obj
 0001:00046d40       _Display_GetContext        30047d40 f   ui_shared.obj
 0001:00046d60       _Display_CaptureItem       30047d60 f   ui_shared.obj
 0001:00046dd0       _Display_MouseMove         30047dd0 f   ui_shared.obj
 0001:00046ea0       _Display_CursorType        30047ea0 f   ui_shared.obj
 0001:00046f50       _Display_HandleKey         30047f50 f   ui_shared.obj
 0001:00046fa0       _Display_CacheAll          30047fa0 f   ui_shared.obj
 0001:00047270       __fpmath                   30048270 f   LIBCMTD:_fpinit_.obj
 0001:00047290       __cfltcvt_init             30048290 f   LIBCMTD:_fpinit_.obj
 0001:00047300       ___setfflag                30048300 f   LIBCMTD:_fpinit_.obj
 0001:00047320       @__security_check_cookie@4 30048320 f   LIBCMTD:secchk.obj
 0001:00047330       _sin                       30048330 f   LIBCMTD:_sin_.obj
 0001:00047370       __CIsin                    30048370 f   LIBCMTD:_sin_.obj
 0001:000473ab       __CIsin_default            300483ab f   LIBCMTD:_sin_.obj
 0001:000473bf       __sin_default              300483bf     LIBCMTD:_sin_.obj
 0001:00047460       _cos                       30048460 f   LIBCMTD:_cos_.obj
 0001:000474a0       __CIcos                    300484a0 f   LIBCMTD:_cos_.obj
 0001:000474db       __CIcos_default            300484db f   LIBCMTD:_cos_.obj
 0001:000474ef       __cos_default              300484ef     LIBCMTD:_cos_.obj
 0001:00047590       __atof_l                   30048590 f   LIBCMTD:atof.obj
 0001:000476d0       ??0_LocaleUpdate@@QAE@PAUlocaleinfo_struct@@@Z 300486d0 f i LIBCMTD:atof.obj
 0001:000477b0       ??1_LocaleUpdate@@QAE@XZ   300487b0 f i LIBCMTD:atof.obj
 0001:000477e0       ?GetLocaleT@_LocaleUpdate@@QAEPAUlocaleinfo_struct@@XZ 300487e0 f i LIBCMTD:atof.obj
 0001:000477f0       _atof                      300487f0 f   LIBCMTD:atof.obj
 0001:00047810       ___strgtold12              30048810 f   LIBCMTD:atof.obj
 0001:00047870       ___STRINGTOLD              30048870 f   LIBCMTD:atof.obj
 0001:000478c0       _fabs                      300488c0 f   LIBCMTD:_fabs_.obj
 0001:000479c0       __ftol2_sse                300489c0 f   LIBCMTD:ftol2.obj
 0001:000479c9       __ftol2_pentium4           300489c9 f   LIBCMTD:ftol2.obj
 0001:000479dc       __ftol2_sse_excpt          300489dc f   LIBCMTD:ftol2.obj
 0001:000479f6       __ftol2                    300489f6 f   LIBCMTD:ftol2.obj
 0001:00047a70       _memset                    30048a70 f   LIBCMTD:memset.obj
 0001:00047af0       _abs                       30048af0 f   LIBCMTD:abs.obj
 0001:00047b20       __abs64                    30048b20 f   LIBCMTD:abs.obj
 0001:00047b70       __CIsqrt                   30048b70 f   LIBCMTD:_sqrt_.obj
 0001:00047b84       _sqrt                      30048b84     LIBCMTD:_sqrt_.obj
 0001:00047c30       _atol                      30048c30 f   LIBCMTD:atox.obj
 0001:00047c50       __atol_l                   30048c50 f   LIBCMTD:atox.obj
 0001:00047c70       _atoi                      30048c70 f   LIBCMTD:atox.obj
 0001:00047c90       __atoi_l                   30048c90 f   LIBCMTD:atox.obj
 0001:00047cb0       __atoi64                   30048cb0 f   LIBCMTD:atox.obj
 0001:00047cd0       __atoi64_l                 30048cd0 f   LIBCMTD:atox.obj
 0001:00047cf0       __isalpha_l                30048cf0 f i LIBCMTD:_ctype.obj
 0001:00047d80       _isalpha                   30048d80 f i LIBCMTD:_ctype.obj
 0001:00047dc0       __isupper_l                30048dc0 f i LIBCMTD:_ctype.obj
 0001:00047e40       _isupper                   30048e40 f i LIBCMTD:_ctype.obj
 0001:00047e70       __islower_l                30048e70 f i LIBCMTD:_ctype.obj
 0001:00047ef0       _islower                   30048ef0 f i LIBCMTD:_ctype.obj
 0001:00047f20       __isdigit_l                30048f20 f i LIBCMTD:_ctype.obj
 0001:00047fa0       _isdigit                   30048fa0 f i LIBCMTD:_ctype.obj
 0001:00047fd0       __isxdigit_l               30048fd0 f i LIBCMTD:_ctype.obj
 0001:00048060       _isxdigit                  30049060 f i LIBCMTD:_ctype.obj
 0001:000480a0       __isspace_l                300490a0 f i LIBCMTD:_ctype.obj
 0001:00048120       _isspace                   30049120 f i LIBCMTD:_ctype.obj
 0001:00048150       __ispunct_l                30049150 f i LIBCMTD:_ctype.obj
 0001:000481d0       _ispunct                   300491d0 f i LIBCMTD:_ctype.obj
 0001:00048200       __isalnum_l                30049200 f i LIBCMTD:_ctype.obj
 0001:00048290       _isalnum                   30049290 f i LIBCMTD:_ctype.obj
 0001:000482d0       __isprint_l                300492d0 f i LIBCMTD:_ctype.obj
 0001:00048360       _isprint                   30049360 f i LIBCMTD:_ctype.obj
 0001:000483a0       __isgraph_l                300493a0 f i LIBCMTD:_ctype.obj
 0001:00048430       _isgraph                   30049430 f i LIBCMTD:_ctype.obj
 0001:00048470       __iscntrl_l                30049470 f i LIBCMTD:_ctype.obj
 0001:000484f0       _iscntrl                   300494f0 f i LIBCMTD:_ctype.obj
 0001:00048520       ___isascii                 30049520 f i LIBCMTD:_ctype.obj
 0001:00048540       ___toascii                 30049540 f i LIBCMTD:_ctype.obj
 0001:00048550       __iscsymf_l                30049550 f i LIBCMTD:_ctype.obj
 0001:00048590       ___iscsymf                 30049590 f i LIBCMTD:_ctype.obj
 0001:000485d0       __iscsym_l                 300495d0 f i LIBCMTD:_ctype.obj
 0001:00048610       ___iscsym                  30049610 f i LIBCMTD:_ctype.obj
 0001:00048650       _strlen                    30049650 f   LIBCMTD:strlen.obj
 0001:000486e0       _memcpy                    300496e0 f   LIBCMTD:memcpy.obj
 0001:00048a50       _srand                     30049a50 f   LIBCMTD:rand.obj
 0001:00048a70       _rand                      30049a70 f   LIBCMTD:rand.obj
 0001:00048ab0       _acos                      30049ab0 f   LIBCMTD:_acos_.obj
 0001:00048af0       __CIacos                   30049af0 f   LIBCMTD:_acos_.obj
 0001:00048b2b       __CIacos_default           30049b2b f   LIBCMTD:_acos_.obj
 0001:00048b3f       __acos_default             30049b3f     LIBCMTD:_acos_.obj
 0001:00048c00       _strcpy                    30049c00 f   LIBCMTD:strcat.obj
 0001:00048c10       _strcat                    30049c10 f   LIBCMTD:strcat.obj
 0001:00048d00       __vsprintf_l               30049d00 f   LIBCMTD:vsprintf.obj
 0001:00048ea0       _vsprintf                  30049ea0 f   LIBCMTD:vsprintf.obj
 0001:00048ec0       __vscprintf_helper         30049ec0 f   LIBCMTD:vsprintf.obj
 0001:00048fa0       __vscprintf                30049fa0 f   LIBCMTD:vsprintf.obj
 0001:00048fc0       __vscprintf_l              30049fc0 f   LIBCMTD:vsprintf.obj
 0001:00048fe0       __vscprintf_p              30049fe0 f   LIBCMTD:vsprintf.obj
 0001:00049000       __vscprintf_p_l            3004a000 f   LIBCMTD:vsprintf.obj
 0001:00049020       _strcmp                    3004a020 f   LIBCMTD:strcmp.obj
 0001:000490b0       __alloca_probe             3004a0b0     LIBCMTD:chkstk.obj
 0001:000490b0       __chkstk                   3004a0b0 f   LIBCMTD:chkstk.obj
 0001:000490e0       _floor                     3004a0e0 f   LIBCMTD:_floor_pentium4_.obj
 0001:00049120       __floor_pentium4           3004a120 f   LIBCMTD:_floor_pentium4_.obj
 0001:00049220       _strchr                    3004a220 f   LIBCMTD:strchr.obj
 0001:00049226       ___from_strstr_to_strchr   3004a226     LIBCMTD:strchr.obj
 0001:000492e0       _strncpy                   3004a2e0 f   LIBCMTD:strncpy.obj
 0001:00049410       _strstr                    3004a410 f   LIBCMTD:strstr.obj
 0001:000494a0       _atan2                     3004a4a0 f   LIBCMTD:_87ctriga_.obj
 0001:000494aa       __CIatan2                  3004a4aa f   LIBCMTD:_87ctriga_.obj
 0001:000494c0       _tan                       3004a4c0 f   LIBCMTD:_tan_.obj
 0001:00049500       __CItan                    3004a500 f   LIBCMTD:_tan_.obj
 0001:0004953b       __CItan_default            3004a53b f   LIBCMTD:_tan_.obj
 0001:0004954f       __tan_default              3004a54f     LIBCMTD:_tan_.obj
 0001:00049600       __wassert                  3004a600 f   LIBCMTD:wassert.obj
 0001:0004a190       __invoke_watson_if_error   3004b190 f i LIBCMTD:wassert.obj
 0001:0004a200       __tolower                  3004b200 f   LIBCMTD:tolower.obj
 0001:0004a210       __tolower_l                3004b210 f   LIBCMTD:tolower.obj
 0001:0004a3f0       _tolower                   3004b3f0 f   LIBCMTD:tolower.obj
 0001:0004a440       __toupper                  3004b440 f   LIBCMTD:toupper.obj
 0001:0004a450       __toupper_l                3004b450 f   LIBCMTD:toupper.obj
 0001:0004a630       _toupper                   3004b630 f   LIBCMTD:toupper.obj
 0001:0004a680       _memmove                   3004b680 f   LIBCMTD:memmove.obj
 0001:0004a9f0       __CRT_INIT@12              3004b9f0 f   LIBCMTD:dllcrt0.obj
 0001:0004ac10       __DllMainCRTStartup@12     3004bc10 f   LIBCMTD:dllcrt0.obj
 0001:0004ae00       __setdefaultprecision      3004be00 f   LIBCMTD:fp8.obj
 0001:0004ae40       __forcdecpt                3004be40 f   LIBCMTD:cvt.obj
 0001:0004ae60       __forcdecpt_l              3004be60 f   LIBCMTD:cvt.obj
 0001:0004af20       __cropzeros                3004bf20 f   LIBCMTD:cvt.obj
 0001:0004af40       __cropzeros_l              3004bf40 f   LIBCMTD:cvt.obj
 0001:0004b050       __positive                 3004c050 f   LIBCMTD:cvt.obj
 0001:0004b080       __fassign_l                3004c080 f   LIBCMTD:cvt.obj
 0001:0004b0e0       __fassign                  3004c0e0 f   LIBCMTD:cvt.obj
 0001:0004b100       __cftoe_l                  3004c100 f   LIBCMTD:cvt.obj
 0001:0004b650       __cftoe                    3004c650 f   LIBCMTD:cvt.obj
 0001:0004b680       __cftoa_l                  3004c680 f   LIBCMTD:cvt.obj
 0001:0004be60       ?strrchr@@YAPADPADH@Z      3004ce60 f i LIBCMTD:cvt.obj
 0001:0004be80       __cftoa                    3004ce80 f   LIBCMTD:cvt.obj
 0001:0004beb0       __cftof_l                  3004ceb0 f   LIBCMTD:cvt.obj
 0001:0004c2c0       __cftof                    3004d2c0 f   LIBCMTD:cvt.obj
 0001:0004c2f0       __cftog_l                  3004d2f0 f   LIBCMTD:cvt.obj
 0001:0004c520       __cftog                    3004d520 f   LIBCMTD:cvt.obj
 0001:0004c550       __cfltcvt_l                3004d550 f   LIBCMTD:cvt.obj
 0001:0004c610       __cfltcvt                  3004d610 f   LIBCMTD:cvt.obj
 0001:0004c670       __initp_misc_cfltcvt_tab   3004d670 f   LIBCMTD:cmiscdat.obj
 0001:0004c6b0       ___report_gsfailure        3004d6b0 f   LIBCMTD:gs_report.obj
 0001:0004c7c0       __set_SSE2_enable          3004d7c0 f   LIBCMTD:_mathfcns_.obj
 0001:0004c7e0       __sse2_mathfcns_init       3004d7e0 f   LIBCMTD:_mathfcns_.obj
 0001:0004c800       __CIsin_pentium4           3004d800 f   LIBCMTD:_sin_pentium4_.obj
 0001:0004c818       __sin_pentium4             3004d818     LIBCMTD:_sin_pentium4_.obj
 0001:0004c9d0       __trandisp1                3004d9d0 f   LIBCMTD:_87disp_.obj
 0001:0004ca37       __trandisp2                3004da37 f   LIBCMTD:_87disp_.obj
 0001:0004cac3       __rttospopde               3004dac3     LIBCMTD:_87disp_.obj
 0001:0004cac8       __rttospop                 3004dac8     LIBCMTD:_87disp_.obj
 0001:0004caca       __rtnospop                 3004daca     LIBCMTD:_87disp_.obj
 0001:0004cacc       __rttosnpop                3004dacc     LIBCMTD:_87disp_.obj
 0001:0004cacd       __rtnospopde               3004dacd     LIBCMTD:_87disp_.obj
 0001:0004cad4       __rtzeropop                3004dad4     LIBCMTD:_87disp_.obj
 0001:0004cad6       __rtzeronpop               3004dad6     LIBCMTD:_87disp_.obj
 0001:0004cadb       __rtonepop                 3004dadb     LIBCMTD:_87disp_.obj
 0001:0004cadd       __rtonenpop                3004dadd     LIBCMTD:_87disp_.obj
 0001:0004cae2       __tosnan1                  3004dae2     LIBCMTD:_87disp_.obj
 0001:0004cb0d       __nosnan2                  3004db0d     LIBCMTD:_87disp_.obj
 0001:0004cb0f       __tosnan2                  3004db0f     LIBCMTD:_87disp_.obj
 0001:0004cb37       __nan2                     3004db37     LIBCMTD:_87disp_.obj
 0001:0004cb76       __rtindfpop                3004db76     LIBCMTD:_87disp_.obj
 0001:0004cb78       __rtindfnpop               3004db78     LIBCMTD:_87disp_.obj
 0001:0004cb89       __rttosnpopde              3004db89     LIBCMTD:_87disp_.obj
 0001:0004cb93       __rtchsifneg               3004db93     LIBCMTD:_87disp_.obj
 0001:0004cba0       __twoToTOS                 3004dba0 f   LIBCMTD:_common_.obj
 0001:0004cbb5       __load_CW                  3004dbb5 f   LIBCMTD:_common_.obj
 0001:0004cbcc       __convertTOStoQNaN         3004dbcc f   LIBCMTD:_common_.obj
 0001:0004cbe5       __fload_withFB             3004dbe5 f   LIBCMTD:_common_.obj
 0001:0004cc28       __checkTOS_withFB          3004dc28 f   LIBCMTD:_common_.obj
 0001:0004cc3e       __fast_exit                3004dc3e f   LIBCMTD:_common_.obj
 0001:0004cc4b       __math_exit                3004dc4b f   LIBCMTD:_common_.obj
 0001:0004cc75       __check_overflow_exit      3004dc75 f   LIBCMTD:_common_.obj
 0001:0004cc89       __check_range_exit         3004dc89 f   LIBCMTD:_common_.obj
 0001:0004cd30       __startTwoArgErrorHandling 3004dd30 f   LIBCMTD:_genexcep_.obj
 0001:0004cd47       __startOneArgErrorHandling 3004dd47 f   LIBCMTD:_genexcep_.obj
 0001:0004cd90       __CIcos_pentium4           3004dd90 f   LIBCMTD:_cos_pentium4_.obj
 0001:0004cda8       __cos_pentium4             3004dda8     LIBCMTD:_cos_pentium4_.obj
 0001:0004cf40       __fltin2                   3004df40 f   LIBCMTD:_cfin_.obj
 0001:0004d020       __chvalidator              3004e020 f   LIBCMTD:isctype.obj
 0001:0004d070       __chvalidator_l            3004e070 f   LIBCMTD:isctype.obj
 0001:0004d120       __isctype_l                3004e120 f   LIBCMTD:isctype.obj
 0001:0004d240       __isctype                  3004e240 f   LIBCMTD:isctype.obj
 0001:0004d280       __initp_misc_invarg        3004e280 f   LIBCMTD:invarg.obj
 0001:0004d290       __invalid_parameter        3004e290 f   LIBCMTD:invarg.obj
 0001:0004d2f0       __invoke_watson            3004e2f0 f   LIBCMTD:invarg.obj
 0001:0004d320       __call_reportfault         3004e320 f   LIBCMTD:invarg.obj
 0001:0004d470       __set_invalid_parameter_handler 3004e470 f   LIBCMTD:invarg.obj
 0001:0004d4b0       __get_invalid_parameter_handler 3004e4b0 f   LIBCMTD:invarg.obj
 0001:0004d4e0       ?_invalid_parameter@@YAXPBG00II@Z 3004e4e0 f   LIBCMTD:invarg.obj
 0001:0004d510       ?_invoke_watson@@YAXPBG00II@Z 3004e510 f   LIBCMTD:invarg.obj
 0001:0004d530       __dosmaperr                3004e530 f   LIBCMTD:dosmap.obj
 0001:0004d560       __get_errno_from_oserr     3004e560 f   LIBCMTD:dosmap.obj
 0001:0004d5e0       __set_errno                3004e5e0 f   LIBCMTD:dosmap.obj
 0001:0004d610       __get_errno                3004e610 f   LIBCMTD:dosmap.obj
 0001:0004d690       __set_doserrno             3004e690 f   LIBCMTD:dosmap.obj
 0001:0004d6c0       __get_doserrno             3004e6c0 f   LIBCMTD:dosmap.obj
 0001:0004d740       __errno                    3004e740 f   LIBCMTD:dosmap.obj
 0001:0004d770       ___doserrno                3004e770 f   LIBCMTD:dosmap.obj
 0001:0004d7a0       __CrtSetReportHookW2       3004e7a0 f   LIBCMTD:dbgrptw.obj
 0001:0004dad0       __CrtDbgReportW            3004ead0 f   LIBCMTD:dbgrptw.obj
 0001:0004db10       __CrtDbgReportWV           3004eb10 f i LIBCMTD:dbgrptw.obj
 0001:0004db40       ___crtMessageWindowW       3004eb40 f   LIBCMTD:dbgrptw.obj
 0001:0004df40       __invoke_watson_if_oneof   3004ef40 f i LIBCMTD:dbgrptw.obj
 0001:0004df80       ?_CrtDbgReportW@@YAHHPBGH00ZZ 3004ef80 f   LIBCMTD:dbgrptw.obj
 0001:0004dfc0       ___updatetmbcinfo          3004efc0 f   LIBCMTD:mbctype.obj
 0001:0004e0d0       __setmbcp                  3004f0d0 f   LIBCMTD:mbctype.obj
 0001:0004e480       __setmbcp_nolock           3004f480 f   LIBCMTD:mbctype.obj
 0001:0004ec70       __getmbcp                  3004fc70 f   LIBCMTD:mbctype.obj
 0001:0004ece0       ___initmbctable            3004fce0 f   LIBCMTD:mbctype.obj
 0001:0004ed10       ___addlocaleref            3004fd10 f   LIBCMTD:localref.obj
 0001:0004ee30       ___removelocaleref         3004fe30 f   LIBCMTD:localref.obj
 0001:0004ef60       ___freetlocinfo            3004ff60 f   LIBCMTD:localref.obj
 0001:0004f240       __updatetlocinfoEx_nolock  30050240 f   LIBCMTD:localref.obj
 0001:0004f2c0       ___updatetlocinfo          300502c0 f   LIBCMTD:localref.obj
 0001:0004f390       __encoded_null             30050390 f   LIBCMTD:tidtable.obj
 0001:0004f3a0       ___crtTlsAlloc@4           300503a0 f   LIBCMTD:tidtable.obj
 0001:0004f3b0       ___fls_getvalue@4          300503b0 f   LIBCMTD:tidtable.obj
 0001:0004f3d0       ___get_flsindex            300503d0 f   LIBCMTD:tidtable.obj
 0001:0004f3e0       ___set_flsgetvalue         300503e0 f   LIBCMTD:tidtable.obj
 0001:0004f430       ___fls_setvalue@8          30050430 f   LIBCMTD:tidtable.obj
 0001:0004f450       __mtinit                   30050450 f   LIBCMTD:tidtable.obj
 0001:0004f650       __mtterm                   30050650 f   LIBCMTD:tidtable.obj
 0001:0004f6b0       __initptd                  300506b0 f   LIBCMTD:tidtable.obj
 0001:0004f7e0       __getptd_noexit            300507e0 f   LIBCMTD:tidtable.obj
 0001:0004f8a0       __getptd                   300508a0 f   LIBCMTD:tidtable.obj
 0001:0004f8d0       __freefls@4                300508d0 f   LIBCMTD:tidtable.obj
 0001:0004fae0       __freeptd                  30050ae0 f   LIBCMTD:tidtable.obj
 0001:0004fb60       ___threadid                30050b60 f   LIBCMTD:tidtable.obj
 0001:0004fb70       ___threadhandle            30050b70 f   LIBCMTD:tidtable.obj
 0001:0004fb80       ___strgtold12_l            30050b80 f   LIBCMTD:_strgtold_.obj
 0001:00050630       ___multtenpow12            30051630 f i LIBCMTD:_strgtold_.obj
 0001:00050710       ___ld12mul                 30051710 f i LIBCMTD:_strgtold_.obj
 0001:00050b10       ___addl                    30051b10 f i LIBCMTD:_strgtold_.obj
 0001:00050b50       ___shl_12                  30051b50 f i LIBCMTD:_strgtold_.obj
 0001:00050bc0       ___shr_12                  30051bc0 f i LIBCMTD:_strgtold_.obj
 0001:00050c30       ___STRINGTOLD_L            30051c30 f   LIBCMTD:_strgtold_.obj
 0001:00050ca0       __handle_qnan1             30051ca0 f   LIBCMTD:_fpexcept_.obj
 0001:00050d00       __handle_qnan2             30051d00 f   LIBCMTD:_fpexcept_.obj
 0001:00050d70       __except1                  30051d70 f   LIBCMTD:_fpexcept_.obj
 0001:00050e70       __except2                  30051e70 f   LIBCMTD:_fpexcept_.obj
 0001:00050f80       __raise_exc_ex             30051f80 f   LIBCMTD:_fpexcept_.obj
 0001:000514b0       __raise_exc                300524b0 f   LIBCMTD:_fpexcept_.obj
 0001:000514e0       __raise_excf               300524e0 f   LIBCMTD:_fpexcept_.obj
 0001:00051510       __handle_exc               30052510 f   LIBCMTD:_fpexcept_.obj
 0001:00051820       __umatherr                 30052820 f   LIBCMTD:_fpexcept_.obj
 0001:000518c0       __set_errno_from_matherr   300528c0 f   LIBCMTD:_fpexcept_.obj
 0001:00051950       __errcode                  30052950 f   LIBCMTD:_fpexcept_.obj
 0001:000519c0       __set_exp                  300529c0 f   LIBCMTD:_util_.obj
 0001:00051a00       __get_exp                  30052a00 f   LIBCMTD:_util_.obj
 0001:00051a30       __add_exp                  30052a30 f   LIBCMTD:_util_.obj
 0001:00051a70       __set_bexp                 30052a70 f   LIBCMTD:_util_.obj
 0001:00051aa0       __sptype                   30052aa0 f   LIBCMTD:_util_.obj
 0001:00051b20       __decomp                   30052b20 f   LIBCMTD:_util_.obj
 0001:00051c50       __statfp                   30052c50 f   LIBCMTD:_fpctrl_.obj
 0001:00051c70       __clrfp                    30052c70 f   LIBCMTD:_fpctrl_.obj
 0001:00051c90       __ctrlfp                   30052c90 f   LIBCMTD:_fpctrl_.obj
 0001:00051cc0       __set_statfp               30052cc0 f   LIBCMTD:_fpctrl_.obj
 0001:00051d30       ___get_fpsr_sse2           30052d30 f   LIBCMTD:_fpctrl_.obj
 0001:00051d60       ___set_fpsr_sse2           30052d60 f   LIBCMTD:_fpctrl_.obj
 0001:00051e40       ___fclrf_sse2              30052e40 f   LIBCMTD:_fpctrl_.obj
 0001:00051e60       ___statfp_sse2             30052e60 f   LIBCMTD:_fpctrl_.obj
 0001:00051e90       ___clrfp_sse2              30052e90 f   LIBCMTD:_fpctrl_.obj
 0001:00051ed0       ___ctrlfp_sse2             30052ed0 f   LIBCMTD:_fpctrl_.obj
 0001:00051f30       ___set_statfp_sse2         30052f30 f   LIBCMTD:_fpctrl_.obj
 0001:00051f60       ___sse2_available_init     30052f60 f   LIBCMTD:cpu_disp.obj
 0001:00051f80       __VEC_memzero              30052f80 f   LIBCMTD:p4_memset.obj
 0001:00052040       _strtol                    30053040 f   LIBCMTD:strtol.obj
 0001:00052570       __strtol_l                 30053570 f   LIBCMTD:strtol.obj
 0001:000525a0       _strtoul                   300535a0 f   LIBCMTD:strtol.obj
 0001:000525f0       __strtoul_l                300535f0 f   LIBCMTD:strtol.obj
 0001:00052620       __strtoi64                 30053620 f   LIBCMTD:strtoq.obj
 0001:00052b90       __strtoi64_l               30053b90 f   LIBCMTD:strtoq.obj
 0001:00052bc0       __strtoui64                30053bc0 f   LIBCMTD:strtoq.obj
 0001:00052c10       __strtoui64_l              30053c10 f   LIBCMTD:strtoq.obj
 0001:00052c40       ____setlc_active_func      30053c40 f   LIBCMTD:setlocal.obj
 0001:00052c50       ____unguarded_readlc_active_add_func 30053c50 f   LIBCMTD:setlocal.obj
 0001:00052c60       __configthreadlocale       30053c60 f   LIBCMTD:setlocal.obj
 0001:00052d70       __locterm                  30053d70 f   LIBCMTD:setlocal.obj
 0001:00052e10       __free_locale              30053e10 f   LIBCMTD:setlocal.obj
 0001:00052f50       ___free_locale             30053f50 f   LIBCMTD:setlocal.obj
 0001:00052f70       __create_locale            30053f70 f   LIBCMTD:setlocal.obj
 0001:000531a0       ___create_locale           300541a0 f   LIBCMTD:setlocal.obj
 0001:000531c0       __get_current_locale       300541c0 f   LIBCMTD:setlocal.obj
 0001:000532e0       ___get_current_locale      300542e0 f   LIBCMTD:setlocal.obj
 0001:000532f0       _setlocale                 300542f0 f   LIBCMTD:setlocal.obj
 0001:000541a0       __expandlocale             300551a0 f   LIBCMTD:setlocal.obj
 0001:00054450       ___init_dummy              30055450 f   LIBCMTD:setlocal.obj
 0001:00054460       __strcats                  30055460 f   LIBCMTD:setlocal.obj
 0001:000544e0       ___lc_strtolc              300554e0 f   LIBCMTD:setlocal.obj
 0001:000546e0       ___lc_lctostr              300556e0 f   LIBCMTD:setlocal.obj
 0001:00054780       __VEC_memcpy               30055780 f   LIBCMTD:p4_memcpy.obj
 0001:00054890       __CIacos_pentium4          30055890 f   LIBCMTD:_acos_pentium4_.obj
 0001:000548a8       __acos_pentium4            300558a8     LIBCMTD:_acos_pentium4_.obj
 0001:00054df0       __flsbuf                   30055df0 f   LIBCMTD:_flsbuf.obj
 0001:000550b0       __output_l                 300560b0 f   LIBCMTD:output.obj
 0001:00056520       _get_int_arg               30057520 f i LIBCMTD:output.obj
 0001:00056540       _get_int64_arg             30057540 f i LIBCMTD:output.obj
 0001:00056560       _get_short_arg             30057560 f i LIBCMTD:output.obj
 0001:00056580       __validate_param_reuseA    30057580 f   LIBCMTD:outputp.obj
 0001:000567f0       __output_p_l               300577f0 f   LIBCMTD:outputp.obj
 0001:0005a3f0       _get_crtdouble_arg         3005b3f0 f i LIBCMTD:outputp.obj
 0001:0005a410       ___libm_setusermatherr     3005b410 f   LIBCMTD:_libm_error_.obj
 0001:0005a450       ___libm_error_support      3005b450 f   LIBCMTD:_libm_error_.obj
 0001:0005af80       __floor_default            3005bf80 f   LIBCMTD:_floor_.obj
 0001:0005b0dc       __fFATN2                   3005c0dc     LIBCMTD:_87triga_.obj
 0001:0005b12c       __rtpiby2                  3005c12c     LIBCMTD:_87triga_.obj
 0001:0005b170       __cintrindisp2             3005c170 f   LIBCMTD:_87cdisp_.obj
 0001:0005b1ae       __cintrindisp1             3005c1ae f   LIBCMTD:_87cdisp_.obj
 0001:0005b1eb       __ctrandisp2               3005c1eb f   LIBCMTD:_87cdisp_.obj
 0001:0005b37a       __ctrandisp1               3005c37a f   LIBCMTD:_87cdisp_.obj
 0001:0005b3ad       __fload                    3005c3ad f   LIBCMTD:_87cdisp_.obj
 0001:0005b3f0       __CItan_pentium4           3005c3f0 f   LIBCMTD:_tan_pentium4_.obj
 0001:0005b408       __tan_pentium4             3005c408     LIBCMTD:_tan_pentium4_.obj
 0001:0005b650       __cinit                    3005c650 f   LIBCMTD:crt0dat.obj
 0001:0005b6f0       _exit                      3005c6f0 f   LIBCMTD:crt0dat.obj
 0001:0005b710       __exit                     3005c710 f   LIBCMTD:crt0dat.obj
 0001:0005b730       __cexit                    3005c730 f   LIBCMTD:crt0dat.obj
 0001:0005b750       __c_exit                   3005c750 f   LIBCMTD:crt0dat.obj
 0001:0005b770       __amsg_exit                3005c770 f   LIBCMTD:crt0dat.obj
 0001:0005b7a0       ___freeCrtMemory           3005c7a0 f   LIBCMTD:crt0dat.obj
 0001:0005bae0       ___crtCorExitProcess       3005cae0 f   LIBCMTD:crt0dat.obj
 0001:0005bb20       ___crtExitProcess          3005cb20 f   LIBCMTD:crt0dat.obj
 0001:0005bb40       __lockexit                 3005cb40 f   LIBCMTD:crt0dat.obj
 0001:0005bb60       __unlockexit               3005cb60 f   LIBCMTD:crt0dat.obj
 0001:0005bb80       __init_pointers            3005cb80 f   LIBCMTD:crt0dat.obj
 0001:0005bc10       __initterm_e               3005cc10 f   LIBCMTD:crt0dat.obj
 0001:0005bc50       __get_wpgmptr              3005cc50 f   LIBCMTD:crt0dat.obj
 0001:0005bd40       __get_pgmptr               3005cd40 f   LIBCMTD:crt0dat.obj
 0001:0005be30       __initp_misc_winsig        3005ce30 f   LIBCMTD:winsig.obj
 0001:0005be60       _signal                    3005ce60 f   LIBCMTD:winsig.obj
 0001:0005c300       _raise                     3005d300 f   LIBCMTD:winsig.obj
 0001:0005c670       ___get_sigabrt             3005d670 f   LIBCMTD:winsig.obj
 0001:0005c690       ___fpecode                 3005d690 f   LIBCMTD:winsig.obj
 0001:0005c6a0       ___pxcptinfoptrs           3005d6a0 f   LIBCMTD:winsig.obj
 0001:0005c6b0       ___crtMessageBoxW          3005d6b0 f   LIBCMTD:crtmboxw.obj
 0001:0005c8d0       __itow_s                   3005d8d0 f   LIBCMTD:xtows.obj
 0001:0005ccb0       __ltow_s                   3005dcb0 f   LIBCMTD:xtows.obj
[...]
 0001:000218c0       _CG_HarvesterSkulls        300228c0 f   cg_newDraw.obj
 0001:00021ad0       _CG_OneFlagStatus          30022ad0 f   cg_newDraw.obj
 0001:00021bf0       _CG_DrawCTFPowerUp         30022bf0 f   cg_newDraw.obj
 0001:00021c70       _CG_DrawTeamColor          30022c70 f   cg_newDraw.obj
 0001:00021cd0       _CG_DrawAreaPowerUp        30022cd0 f   cg_newDraw.obj
 0001:00022100       _CG_DrawPlayerHasFlag      30023100 f   cg_newDraw.obj
 0001:00022250       _CG_DrawAreaSystemChat     30023250 f   cg_newDraw.obj
 0001:000222b0       _CG_DrawAreaTeamChat       300232b0 f   cg_newDraw.obj
 0001:00022310       _CG_DrawAreaChat           30023310 f   cg_newDraw.obj
 0001:00022370       _CG_DrawKiller             30023370 f   cg_newDraw.obj
 0001:00022410       _CG_DrawCapFragLimit       30023410 f   cg_newDraw.obj
 0001:00022490       _CG_Draw1stPlace           30023490 f   cg_newDraw.obj
 0001:00022500       _CG_Draw2ndPlace           30023500 f   cg_newDraw.obj
 0001:00022570       _CG_DrawGameStatus         30023570 f   cg_newDraw.obj
 0001:000225d0       _CG_DrawGameType           300235d0 f   cg_newDraw.obj
 0001:00023170       _CG_ColorFromString        30024170 f   cg_players.obj
 0001:00023200       _CG_LoadClientInfo         30024200 f   cg_players.obj
 0001:00023580       _CG_RegisterClientModelname 30024580 f   cg_players.obj
 0001:00023a50       _CG_ParseAnimationFile     30024a50 f   cg_players.obj
 0001:000242d0       _CG_FindClientHeadFile     300252d0 f   cg_players.obj
 0001:00024520       _CG_FileExists             30025520 f   cg_players.obj
 0001:00024560       _CG_RegisterClientSkin     30025560 f   cg_players.obj
 0001:000246d0       _CG_FindClientModelFile    300256d0 f   cg_players.obj
 0001:00024910       _CG_ScanForExistingClientInfo 30025910 f   cg_players.obj
 0001:00024a80       _CG_CopyClientInfoModel    30025a80 f   cg_players.obj
 0001:00024bc0       _CG_SetDeferredClientInfo  30025bc0 f   cg_players.obj
 0001:00026220       _VectorInverse             30027220 f   cg_players.obj
 0001:00026260       _CrossProduct              30027260 f   cg_players.obj
 0001:000262d0       _CG_PlayerAnimation        300272d0 f   cg_players.obj
 0001:00026430       _CG_RunLerpFrame           30027430 f   cg_players.obj
 0001:000266b0       _CG_SetLerpFrameAnimation  300276b0 f   cg_players.obj
 0001:00026740       _CG_PlayerAngles           30027740 f   cg_players.obj
 0001:00026b10       _CG_SwingAngles            30027b10 f   cg_players.obj
 0001:00026d30       _CG_AddPainTwitch          30027d30 f   cg_players.obj
 0001:00026db0       _CG_BreathPuffs            30027db0 f   cg_players.obj
 0001:00026f60       _CG_DustTrail              30027f60 f   cg_players.obj
 0001:00027100       _CG_PlayerTokens           30028100 f   cg_players.obj
 0001:000275f0       _CG_PlayerPowerups         300285f0 f   cg_players.obj
 0001:00027840       _CG_HasteTrail             30028840 f   cg_players.obj
 0001:00027960       _CG_TrailItem              30028960 f   cg_players.obj
 0001:00027a90       _CG_PlayerFlag             30028a90 f   cg_players.obj
 0001:00027f10       _CG_PlayerSprites          30028f10 f   cg_players.obj
 0001:000280a0       _CG_PlayerFloatSprite      300290a0 f   cg_players.obj
 0001:00028180       _CG_PlayerShadow           30029180 f   cg_players.obj
 0001:00028300       _CG_PlayerSplash           30029300 f   cg_players.obj
 0001:000287a0       _CG_ClearLerpFrame         300297a0 f   cg_players.obj
 0001:00028c10       _VectorLength              30029c10 f   cg_playerstate.obj
 0001:00029510       _pushReward                3002a510 f   cg_playerstate.obj
 0001:00029850       _CG_ClipMoveToEntities     3002a850 f   cg_predict.obj
 0001:0002a190       _VectorCompare             3002b190 f   cg_predict.obj
 0001:0002a1f0       _VectorLength              3002b1f0 f   cg_predict.obj
 0001:0002a240       _CG_InterpolatePlayerState 3002b240 f   cg_predict.obj
 0001:0002a410       _CG_TouchTriggerPrediction 3002b410 f   cg_predict.obj
 0001:0002a570       _CG_TouchItem              3002b570 f   cg_predict.obj
 0001:0002ad70       _CG_DrawClientScore        3002bd70 f   cg_scoreboard.obj
 0001:0002b520       _CG_TeamScoreboard         3002c520 f   cg_scoreboard.obj
 0001:0002b910       _CG_CenterGiantLine        3002c910 f   cg_scoreboard.obj
 0001:0002ca60       _CG_ValidOrder             3002da60 f   cg_servercmds.obj
 0001:0002cac0       _CG_AddToTeamChat          3002dac0 f   cg_servercmds.obj
 0001:0002d0d0       _CG_ServerCommand          3002e0d0 f   cg_servercmds.obj
 0001:0002d4c0       _CG_ParseScores            3002e4c0 f   cg_servercmds.obj
 0001:0002d820       _CG_ParseTeamInfo          3002e820 f   cg_servercmds.obj
 0001:0002d970       _CG_ConfigStringModified   3002e970 f   cg_servercmds.obj
 0001:0002dcc0       _CG_ParseWarmup            3002ecc0 f   cg_servercmds.obj
 0001:0002dd60       _CG_MapRestart             3002ed60 f   cg_servercmds.obj
 0001:0002de80       _CG_RemoveChatEscapeChar   3002ee80 f   cg_servercmds.obj
 0001:0002dff0       _CG_ResetEntity            3002eff0 f   cg_snapshot.obj
 0001:0002e200       _CG_TransitionSnapshot     3002f200 f   cg_snapshot.obj
 0001:0002e3e0       _CG_TransitionEntity       3002f3e0 f   cg_snapshot.obj
 0001:0002e450       _CG_SetNextSnap            3002f450 f   cg_snapshot.obj
 0001:0002e5d0       _CG_ReadNextSnapshot       3002f5d0 f   cg_snapshot.obj
 0001:0002fc20       _CG_AddTestModel           30030c20 f   cg_view.obj
 0001:0002fd90       _CG_DamageBlendBlob        30030d90 f   cg_view.obj
 0001:0002ff90       _CG_CalcViewValues         30030f90 f   cg_view.obj
 0001:00030220       _CG_CalcVrect              30031220 f   cg_view.obj
 0001:00030310       _CG_OffsetThirdPersonView  30031310 f   cg_view.obj
 0001:00030680       _CG_OffsetFirstPersonView  30031680 f   cg_view.obj
 0001:00030a90       _CG_StepOffset             30031a90 f   cg_view.obj
 0001:00030ae0       _CG_CalcFov                30031ae0 f   cg_view.obj
 0001:00030d30       _CG_PowerupTimerSounds     30031d30 f   cg_view.obj
 0001:00030de0       _CG_PlayBufferedSounds     30031de0 f   cg_view.obj
 0001:00031860       _Distance                  30032860 f   cg_weapons.obj
 0001:000318c0       _VectorLength              300328c0 f   cg_weapons.obj
 0001:00032360       _CG_MachineGunEjectBrass   30033360 f   cg_weapons.obj
 0001:00032720       _CG_ShotgunEjectBrass      30033720 f   cg_weapons.obj
 0001:00032b50       _CG_NailgunEjectBrass      30033b50 f   cg_weapons.obj
 0001:00032c90       _CG_RocketTrail            30033c90 f   cg_weapons.obj
 0001:00032e50       _CG_NailTrail              30033e50 f   cg_weapons.obj
 0001:00033010       _CG_PlasmaTrail            30034010 f   cg_weapons.obj
 0001:00033510       _CG_GrenadeTrail           30034510 f   cg_weapons.obj
 0001:00033cb0       _CG_LightningBolt          30034cb0 f   cg_weapons.obj
 0001:00034140       _CG_SpawnRailTrail         30035140 f   cg_weapons.obj
 0001:000341b0       _CG_MachinegunSpinAngle    300351b0 f   cg_weapons.obj
 0001:000342e0       _CG_AddWeaponWithPowerups  300352e0 f   cg_weapons.obj
 0001:000346a0       _CG_MapTorsoToWeaponFrame  300356a0 f   cg_weapons.obj
 0001:00034750       _CG_CalculateWeaponPosition 30035750 f   cg_weapons.obj
 0001:00034bf0       _CG_WeaponSelectable       30035bf0 f   cg_weapons.obj
 0001:00035700       _CG_ShotgunPattern         30036700 f   cg_weapons.obj
 0001:00035850       _CrossProduct              30036850 f   cg_weapons.obj
 0001:000358c0       _CG_ShotgunPellet          300368c0 f   cg_weapons.obj
 0001:00035ff0       _CG_CalcMuzzlePoint        30036ff0 f   cg_weapons.obj
 0001:000366c0       _CrossProduct              300376c0 f   q_math.obj
 0001:00037590       _VectorLength              30038590 f   q_math.obj
 0001:00038a40       _SkipWhitespace            30039a40 f   q_shared.obj
 0001:00039e90       _Com_CharIsOneOfCharset    3003ae90 f   q_shared.obj
 0001:0003a1b0       _hashForString             3003b1b0 f   ui_shared.obj
 0001:0003be00       _Menu_RunCloseScript       3003ce00 f   ui_shared.obj
 0001:0003ef10       _Scroll_ListBox_AutoFunc   3003ff10 f   ui_shared.obj
 0001:0003efb0       _Scroll_ListBox_ThumbFunc  3003ffb0 f   ui_shared.obj
 0001:0003f260       _Scroll_Slider_ThumbFunc   30040260 f   ui_shared.obj
 0001:0003fab0       _Display_CloseCinematics   30040ab0 f   ui_shared.obj
 0001:0003fb00       _Menu_CloseCinematics      30040b00 f   ui_shared.obj
 0001:0003fba0       _Window_CloseCinematic     30040ba0 f   ui_shared.obj
 0001:00040390       _Item_CorrectedTextRect    30041390 f   ui_shared.obj
 0001:000418e0       _Controls_GetKeyAssignment 300428e0 f   ui_shared.obj
 0001:00046ff0       _Menu_CacheContents        30047ff0 f   ui_shared.obj
 0001:00047090       _Window_CacheContents      30048090 f   ui_shared.obj
 0001:00047100       _Item_CacheContents        30048100 f   ui_shared.obj
 0001:00047130       _Menu_OverActiveItem       30048130 f   ui_shared.obj
 0001:0004a1c0       _swprintf                  3004b1c0 f   LIBCMTD:wassert.obj
 0001:0004ac40       ___DllMainCRTStartup       3004bc40 f   LIBCMTD:dllcrt0.obj
 0001:0004b2c0       __cftoe2_l                 3004c2c0 f   LIBCMTD:cvt.obj
 0001:0004c060       __cftof2_l                 3004d060 f   LIBCMTD:cvt.obj
 0001:0004c640       __shift                    3004d640 f   LIBCMTD:cvt.obj
 0001:0004e370       ?getSystemCP@@YAHH@Z       3004f370 f   LIBCMTD:mbctype.obj
 0001:0004e7d0       ?CPtoLCID@@YAHH@Z          3004f7d0 f   LIBCMTD:mbctype.obj
 0001:0004e850       ?setSBCS@@YAXPAUthreadmbcinfostruct@@@Z 3004f850 f   LIBCMTD:mbctype.obj
 0001:0004e930       ?setSBUpLow@@YAXPAUthreadmbcinfostruct@@@Z 3004f930 f   LIBCMTD:mbctype.obj
 0001:00051900       __get_fname                30052900 f   LIBCMTD:_fpexcept_.obj
 0001:00052090       ?strtoxl@@YAKPAUlocaleinfo_struct@@PBDPAPBDHH@Z 30053090 f   LIBCMTD:strtol.obj
 0001:00052670       ?strtoxq@@YA_KPAUlocaleinfo_struct@@PBDPAPBDHH@Z 30053670 f   LIBCMTD:strtoq.obj
 0001:00053150       __copytlocinfo_nolock      30054150 f   LIBCMTD:setlocal.obj
 0001:00053550       _sync_legacy_variables_lk  30054550 f   LIBCMTD:setlocal.obj
 0001:00053590       __setlocale_nolock         30054590 f   LIBCMTD:setlocal.obj
 0001:00053980       __setlocale_set_cat        30054980 f   LIBCMTD:setlocal.obj
 0001:00053eb0       __setlocale_get_all        30054eb0 f   LIBCMTD:setlocal.obj
 0001:00056370       _write_char                30057370 f   LIBCMTD:output.obj
 0001:00056420       _write_multi_char          30057420 f   LIBCMTD:output.obj
 0001:00056460       _write_string              30057460 f   LIBCMTD:output.obj
 0001:0005a240       _write_char                3005b240 f   LIBCMTD:outputp.obj
 0001:0005a2f0       _write_multi_char          3005b2f0 f   LIBCMTD:outputp.obj
 0001:0005a330       _write_string              3005b330 f   LIBCMTD:outputp.obj
 0001:0005b8f0       _doexit                    3005c8f0 f   LIBCMTD:crt0dat.obj
 0001:0005bbe0       __initterm                 3005cbe0 f   LIBCMTD:crt0dat.obj
 0001:0005c210       _ctrlevent_capture@4       3005d210 f   LIBCMTD:winsig.obj
 0001:0005c610       _siglookup                 3005d610 f   LIBCMTD:winsig.obj
 0001:0005c930       _xtow_s@20                 3005d930 f   LIBCMTD:xtows.obj
 0001:0005cd60       @x64tow_s@24               3005dd60 f   LIBCMTD:xtows.obj
 0001:0005e2c0       _flsall                    3005f2c0 f   LIBCMTD:fflush.obj
 0001:0005f890       ?__crtLCMapStringA_stat@@YAHPAUlocaleinfo_struct@@KKPBDHPADHHH@Z 30060890 f   LIBCMTD:a_map.obj
 0001:0005fbc0       ?strncnt@@YAHPBDH@Z        30060bc0 f   LIBCMTD:a_map.obj
 0001:00060110       __nh_malloc_dbg_impl       30061110 f   LIBCMTD:dbgheap.obj
 0001:000601b0       __heap_alloc_dbg_impl      300611b0 f   LIBCMTD:dbgheap.obj
 0001:00060780       _realloc_help              30061780 f   LIBCMTD:dbgheap.obj
 0001:00061840       _CheckBytes                30062840 f   LIBCMTD:dbgheap.obj
 0001:00062600       ?_CrtMemDumpAllObjectsSince_stat@@YAXPBU_CrtMemState@@PAUlocaleinfo_struct@@@Z 30063600 f   LIBCMTD:dbgheap.obj
 0001:00062910       __printMemBlockData        30063910 f   LIBCMTD:dbgheap.obj
 0001:00063d10       _parse_cmdline             30064d10 f   LIBCMTD:stdargv.obj
 0001:00064430       _ValidateLocalCookies      30065430 f   LIBCMTD:chandler4.obj
 0001:000647a0       _xcptlookup                300657a0 f   LIBCMTD:winxfltr.obj
 0001:00066040       ?__crtGetStringTypeA_stat@@YAHPAUlocaleinfo_struct@@KPBDHPAGHHH@Z 30067040 f   LIBCMTD:a_str.obj
 0001:00068000       ?CatchGuardHandler@@YA?AW4_EXCEPTION_DISPOSITION@@PAUEHExceptionRecord@@PAUCatchGuardRN@@PAX2@Z 30069000 f   LIBCMTD:_trnsctrl_.obj
 0001:00068140       ?TranslatorGuardHandler@@YA?AW4_EXCEPTION_DISPOSITION@@PAUEHExceptionRecord@@PAUTranslatorGuardRN@@PAX2@Z 30069140 f   LIBCMTD:_trnsctrl_.obj
 0001:00068420       __get_lc_time              30069420 f   LIBCMTD:inittime.obj
 0001:00069a00       _fix_grouping              3006aa00 f   LIBCMTD:initnum.obj
 0001:0006a0b0       _fix_grouping              3006b0b0 f   LIBCMTD:initmon.obj
 0001:0006b5d0       _cmpBYTE                   3006c5d0 f   LIBCMTD:memcmp.obj
 0001:0006b600       _cmpResult                 3006c600 f   LIBCMTD:memcmp.obj
 0001:0006b620       _unaligned_memcmp          3006c620 f   LIBCMTD:memcmp.obj
 0001:0006bd30       _cmpWORD                   3006cd30 f   LIBCMTD:memcmp.obj
 0001:0006bdb0       _cmpDWORD                  3006cdb0 f   LIBCMTD:memcmp.obj
 0001:0006c510       _TranslateName             3006d510 f   LIBCMTD:getqloc.obj
 0001:0006c5a0       _GetLcidFromLangCountry    3006d5a0 f   LIBCMTD:getqloc.obj
 0001:0006c660       _LangCountryEnumProc@4     3006d660 f   LIBCMTD:getqloc.obj
 0001:0006caa0       _GetLcidFromLanguage       3006daa0 f   LIBCMTD:getqloc.obj
 0001:0006cb20       _LanguageEnumProc@4        3006db20 f   LIBCMTD:getqloc.obj
 0001:0006ccc0       _GetLcidFromCountry        3006dcc0 f   LIBCMTD:getqloc.obj
 0001:0006cd10       _CountryEnumProc@4         3006dd10 f   LIBCMTD:getqloc.obj
 0001:0006ce10       _GetLcidFromDefault        3006de10 f   LIBCMTD:getqloc.obj
 0001:0006ce50       _ProcessCodePage           3006de50 f   LIBCMTD:getqloc.obj
 0001:0006cf00       _TestDefaultCountry        3006df00 f   LIBCMTD:getqloc.obj
 0001:0006cf50       _TestDefaultLanguage       3006df50 f   LIBCMTD:getqloc.obj
 0001:0006cfd0       _LcidFromHexString         3006dfd0 f   LIBCMTD:getqloc.obj
 0001:0006d050       _GetPrimaryLen             3006e050 f   LIBCMTD:getqloc.obj
 0001:0006fe30       _write_char                30070e30 f   LIBCMTD:outputs.obj
 0001:0006fee0       _write_multi_char          30070ee0 f   LIBCMTD:outputs.obj
 0001:0006ff20       _write_string              30070f20 f   LIBCMTD:outputs.obj
 0001:00070080       __onexit_nolock            30071080 f   LIBCMTD:onexit.obj
 0001:00072450       _write_char                30073450 f   LIBCMTD:woutput.obj
 0001:000724b0       _write_multi_char          300734b0 f   LIBCMTD:woutput.obj
 0001:000724f0       _write_string              300734f0 f   LIBCMTD:woutput.obj
 0001:00073c00       _write_char                30074c00 f   LIBCMTD:woutputs.obj
 0001:00073c60       _write_multi_char          30074c60 f   LIBCMTD:woutputs.obj
 0001:00073ca0       _write_string              30074ca0 f   LIBCMTD:woutputs.obj
 0001:000775f0       _write_char                300785f0 f   LIBCMTD:woutputp.obj
 0001:00077650       _write_multi_char          30078650 f   LIBCMTD:woutputp.obj
 0001:00077690       _write_string              30078690 f   LIBCMTD:woutputp.obj
 0001:000781e0       __is_LFH_enabled           300791e0 f   LIBCMTD:expand.obj
 0001:00078a60       ?x_ismbbtype_l@@YAHPAUlocaleinfo_struct@@IHH@Z 30079a60 f   LIBCMTD:ismbbyte.obj
 0001:00078bc0       __unwind_handler4          30079bc0 f   LIBCMTD:exsup4.obj
 0001:00078fe0       __abstract_cw              30079fe0 f   LIBCMTD:_ieee87_.obj
 0001:00079130       __hw_cw                    3007a130 f   LIBCMTD:_ieee87_.obj
 0001:00079290       __abstract_sw              3007a290 f   LIBCMTD:_ieee87_.obj
 0001:00079320       ___statusfp_sse2           3007a320 f   LIBCMTD:_ieee87_.obj
 0001:00079340       ___clearfp_sse2            3007a340 f   LIBCMTD:_ieee87_.obj
 0001:00079370       ___control87_sse2          3007a370 f   LIBCMTD:_ieee87_.obj
 0001:000793f0       ___abstract_cw_sse2        3007a3f0 f   LIBCMTD:_ieee87_.obj
 0001:00079540       ___hw_cw_sse2              3007a540 f   LIBCMTD:_ieee87_.obj
 0001:00079690       ___abstract_sw_sse2        3007a690 f   LIBCMTD:_ieee87_.obj
 0001:00079720       ___fpreset_sse2            3007a720 f   LIBCMTD:_ieee87_.obj
 0001:0007ae60       _xtoa_s@20                 3007be60 f   LIBCMTD:xtoas.obj
 0001:0007b280       @x64toa_s@24               3007c280 f   LIBCMTD:xtoas.obj
 0001:0007bb30       ?wcsncnt@@YAIPB_WI@Z       3007cb30 f   LIBCMTD:wcstombs.obj
 0001:0007c420       ?FindHandler@@YAXPAUEHExceptionRecord@@PAUEHRegistrationNode@@PAU_CONTEXT@@PAXPBU_s_FuncInfo@@EH1@Z 3007d420 f   LIBCMTD:frame.obj
 0001:0007c970       ?FindHandlerForForeignException@@YAXPAUEHExceptionRecord@@PAUEHRegistrationNode@@PAU_CONTEXT@@PAXPBU_s_FuncInfo@@HH1@Z 3007d970 f   LIBCMTD:frame.obj
 0001:0007cdb0       ?CatchIt@@YAXPAUEHExceptionRecord@@PAUEHRegistrationNode@@PAU_CONTEXT@@PAXPBU_s_FuncInfo@@PBU_s_HandlerType@@PBU_s_CatchableType@@PBU_s_TryBlockMapEntry@@H1E@Z 3007ddb0 f   LIBCMTD:frame.obj
 0001:0007ce70       ?CallCatchBlock@@YAPAXPAUEHExceptionRecord@@PAUEHRegistrationNode@@PAU_CONTEXT@@PBU_s_FuncInfo@@PAXHK@Z 3007de70 f   LIBCMTD:frame.obj
 0001:0007d100       ?ExFilterRethrow@@YAHPAU_EXCEPTION_POINTERS@@@Z 3007e100 f   LIBCMTD:frame.obj
 0001:0007dd70       ?IsInExceptionSpec@@YAEPAUEHExceptionRecord@@PBU_s_ESTypeList@@@Z 3007ed70 f   LIBCMTD:frame.obj
 0001:0007de30       ?CallUnexpected@@YAXPBU_s_ESTypeList@@@Z 3007ee30 f   LIBCMTD:frame.obj
 0001:0007de7e       __catch$?CallUnexpected@@YAXPBU_s_ESTypeList@@@Z$0 3007ee7e f   LIBCMTD:frame.obj
 0001:0007dec0       ?Is_bad_exception_allowed@@YAEPBU_s_ESTypeList@@@Z 3007eec0 f   LIBCMTD:frame.obj
 0001:0007f5e0       ?__crtGetLocaleInfoA_stat@@YAHPAUlocaleinfo_struct@@KKPADH@Z 300805e0 f   LIBCMTD:a_loc.obj
 0001:0007fd30       ?wcstoxl@@YAKPB_WPAPB_WHH@Z 30080d30 f   LIBCMTD:wcstol.obj
 0001:00080380       __unwind_handler           30081380 f   LIBCMTD:exsup.obj
 0001:0008b440       ?und_strlen@@YAIPBD@Z      3008c440 f   LIBCMTD:undname.obj
 0001:0008b480       ?und_memcpy@@YAXPADPBDI@Z  3008c480 f   LIBCMTD:undname.obj
 0001:0008b4c0       ?und_strncmp@@YAIPBD0I@Z   3008c4c0 f   LIBCMTD:undname.obj
 0001:0008b790       __unwindfunclet$?getSystemCP@@YAHH@Z$0 3008c790 f   LIBCMTD:mbctype.obj
 0001:0008b798       __ehhandler$?getSystemCP@@YAHH@Z 3008c798 f   LIBCMTD:mbctype.obj
 0001:0008b7c0       __unwindfunclet$?strtoxl@@YAKPAUlocaleinfo_struct@@PBDPAPBDHH@Z$0 3008c7c0 f   LIBCMTD:strtol.obj
 0001:0008b7c8       __ehhandler$?strtoxl@@YAKPAUlocaleinfo_struct@@PBDPAPBDHH@Z 3008c7c8 f   LIBCMTD:strtol.obj
 0001:0008b7f0       __unwindfunclet$?strtoxq@@YA_KPAUlocaleinfo_struct@@PBDPAPBDHH@Z$0 3008c7f0 f   LIBCMTD:strtoq.obj
 0001:0008b7f8       __ehhandler$?strtoxq@@YA_KPAUlocaleinfo_struct@@PBDPAPBDHH@Z 3008c7f8 f   LIBCMTD:strtoq.obj
 0001:0008b820       __unwindfunclet$?x_ismbbtype_l@@YAHPAUlocaleinfo_struct@@IHH@Z$0 3008c820 f   LIBCMTD:ismbbyte.obj
 0001:0008b828       __ehhandler$?x_ismbbtype_l@@YAHPAUlocaleinfo_struct@@IHH@Z 3008c828 f   LIBCMTD:ismbbyte.obj
 0001:0008b850       __ehhandler$?CallUnexpected@@YAXPBU_s_ESTypeList@@@Z 3008c850 f   LIBCMTD:frame.obj
 0001:0008b870       __unwindfunclet$?make@DNameStatusNode@@SAPAV1@W4DNameStatus@@@Z$0 3008c870 f   LIBCMTD:undname.obj
 0001:0008b87e       __ehhandler$?make@DNameStatusNode@@SAPAV1@W4DNameStatus@@@Z 3008c87e f   LIBCMTD:undname.obj
